Copyright 1986-2015 Xilinx, Inc. All Rights Reserved.
---------------------------------------------------------------------------------------------
| Tool Version : Vivado v.2015.4 (win64) Build 1412921 Wed Nov 18 09:43:45 MST 2015
| Date         : Sun May 01 13:58:55 2016
| Host         : DETI-PC0018 running 64-bit Service Pack 1  (build 7601)
| Command      : report_control_sets -verbose -file MB_swled_wrapper_control_sets_placed.rpt
| Design       : MB_swled_wrapper
| Device       : xc7a100t
---------------------------------------------------------------------------------------------

Control Set Information

Table of Contents
-----------------
1. Summary
2. Flip-Flop Distribution
3. Detailed Control Set Information

1. Summary
----------

+-------------------------------------------------------------------+-------+
|                               Status                              | Count |
+-------------------------------------------------------------------+-------+
| Number of unique control sets                                     |   127 |
| Minimum Number of register sites lost to control set restrictions |   363 |
+-------------------------------------------------------------------+-------+


2. Flip-Flop Distribution
-------------------------

+--------------+-----------------------+------------------------+-----------------+--------------+
| Clock Enable | Synchronous Set/Reset | Asynchronous Set/Reset | Total Registers | Total Slices |
+--------------+-----------------------+------------------------+-----------------+--------------+
| No           | No                    | No                     |             346 |          134 |
| No           | No                    | Yes                    |              30 |            9 |
| No           | Yes                   | No                     |             484 |          169 |
| Yes          | No                    | No                     |             798 |          205 |
| Yes          | No                    | Yes                    |              14 |            7 |
| Yes          | Yes                   | No                     |             869 |          260 |
+--------------+-----------------------+------------------------+-----------------+--------------+


3. Detailed Control Set Information
-----------------------------------

+-------------------------------------+--------------------------------------------------------------------------------------------------------------------------------------------------------------------------------------------------------------------------------------------------------------------+---------------------------------------------------------------------------------------------------------------------------------------------------------------------------------------------------------------------+------------------+----------------+
|             Clock Signal            |                                                                                                                            Enable Signal                                                                                                                           |                                                                                                   Set/Reset Signal                                                                                                  | Slice Load Count | Bel Load Count |
+-------------------------------------+--------------------------------------------------------------------------------------------------------------------------------------------------------------------------------------------------------------------------------------------------------------------+---------------------------------------------------------------------------------------------------------------------------------------------------------------------------------------------------------------------+------------------+----------------+
|  MB_swled_i/mdm_1/U0/Dbg_Update_0   |                                                                                                                                                                                                                                                                    | MB_swled_i/mdm_1/U0/MDM_Core_I1/JTAG_CONTROL_I/Use_UART.execute_i_2_n_0                                                                                                                                             |                1 |              1 |
|  MB_swled_i/mdm_1/U0/Dbg_Update_0   | MB_swled_i/microblaze_0/U0/MicroBlaze_Core_I/Performance.Core/Use_Debug_Logic.Master_Core.Debug_Perf/Control_Reg_En                                                                                                                                                | MB_swled_i/microblaze_0/U0/MicroBlaze_Core_I/Performance.Core/Use_Debug_Logic.Master_Core.Debug_Perf/start_single_step_reg_n_0                                                                                      |                1 |              1 |
|  MB_swled_i/clk_wiz_1/inst/clk_out1 | MB_swled_i/microblaze_0_axi_periph/s02_couplers/auto_pc/inst/gen_axilite.gen_b2s_conv.axilite_b2s/RD.r_channel_0/r_push_r                                                                                                                                          |                                                                                                                                                                                                                     |                1 |              1 |
|  MB_swled_i/clk_wiz_1/inst/clk_out1 | MB_swled_i/microblaze_0_axi_periph/s01_couplers/auto_pc/inst/gen_axilite.gen_b2s_conv.axilite_b2s/RD.r_channel_0/r_push_r                                                                                                                                          |                                                                                                                                                                                                                     |                1 |              1 |
| ~MB_swled_i/mdm_1/U0/Dbg_Update_0   |                                                                                                                                                                                                                                                                    | MB_swled_i/mdm_1/U0/MDM_Core_I1/JTAG_CONTROL_I/I0                                                                                                                                                                   |                1 |              1 |
|  MB_swled_i/clk_wiz_1/inst/clk_out1 |                                                                                                                                                                                                                                                                    | MB_swled_i/microblaze_0/U0/MicroBlaze_Core_I/Performance.Core/Use_Debug_Logic.Master_Core.Debug_Perf/capture_1                                                                                                      |                1 |              1 |
|  MB_swled_i/mdm_1/U0/Dbg_Update_0   | MB_swled_i/microblaze_0/U0/MicroBlaze_Core_I/Performance.Core/Use_Debug_Logic.Master_Core.Debug_Perf/Control_Reg_En                                                                                                                                                | MB_swled_i/microblaze_0/U0/MicroBlaze_Core_I/Performance.Core/Use_Debug_Logic.Master_Core.Debug_Perf/continue_from_brk_reg_n_0                                                                                      |                1 |              1 |
|  MB_swled_i/mdm_1/U0/Dbg_Update_0   | MB_swled_i/microblaze_0/U0/MicroBlaze_Core_I/Performance.Core/Use_Debug_Logic.Master_Core.Debug_Perf/Control_Reg_En                                                                                                                                                | MB_swled_i/microblaze_0/U0/MicroBlaze_Core_I/Performance.Core/Use_Debug_Logic.Master_Core.Debug_Perf/force_stop_cmd_i_reg_n_0                                                                                       |                1 |              1 |
|  MB_swled_i/mdm_1/U0/Dbg_Update_0   | MB_swled_i/microblaze_0/U0/MicroBlaze_Core_I/Performance.Core/Use_Debug_Logic.Master_Core.Debug_Perf/Control_Reg_En                                                                                                                                                | MB_swled_i/microblaze_0/U0/MicroBlaze_Core_I/Performance.Core/Use_Debug_Logic.Master_Core.Debug_Perf/normal_stop_cmd_i_reg_n_0                                                                                      |                1 |              1 |
| ~MB_swled_i/mdm_1/U0/Ext_JTAG_DRCK  | MB_swled_i/mdm_1/U0/MDM_Core_I1/JTAG_CONTROL_I/CE                                                                                                                                                                                                                  | MB_swled_i/mdm_1/U0/MDM_Core_I1/JTAG_CONTROL_I/D                                                                                                                                                                    |                1 |              1 |
|  MB_swled_i/mdm_1/U0/Dbg_Update_0   | MB_swled_i/mdm_1/U0/MDM_Core_I1/JTAG_CONTROL_I/Debug_Rst_i0                                                                                                                                                                                                        |                                                                                                                                                                                                                     |                1 |              2 |
|  MB_swled_i/mdm_1/U0/Dbg_Update_0   |                                                                                                                                                                                                                                                                    |                                                                                                                                                                                                                     |                2 |              2 |
|  MB_swled_i/mdm_1/U0/Dbg_Update_0   | MB_swled_i/microblaze_0/U0/MicroBlaze_Core_I/Performance.Core/Use_Debug_Logic.Master_Core.Debug_Perf/Command_Reg_En                                                                                                                                                | MB_swled_i/microblaze_0/U0/MicroBlaze_Core_I/Performance.Core/Use_Debug_Logic.Master_Core.Debug_Perf/command_reg_clear                                                                                              |                1 |              2 |
|  MB_swled_i/clk_wiz_1/inst/clk_out1 |                                                                                                                                                                                                                                                                    | MB_swled_i/mdm_1/U0/MDM_Core_I1/Use_Uart.clear_Ext_BRK_reg_0                                                                                                                                                        |                1 |              3 |
|  MB_swled_i/clk_wiz_1/inst/clk_out1 | MB_swled_i/microblaze_0_axi_periph/s01_couplers/auto_pc/inst/gen_axilite.gen_b2s_conv.axilite_b2s/RD.ar_channel_0/ar_cmd_fsm_0/axlen_cnt_reg[0][0]                                                                                                                 |                                                                                                                                                                                                                     |                2 |              4 |
|  MB_swled_i/mdm_1/U0/Ext_JTAG_DRCK  | MB_swled_i/mdm_1/U0/MDM_Core_I1/TDI_Shifter[3]_i_1_n_0                                                                                                                                                                                                             | MB_swled_i/mdm_1/U0/MDM_Core_I1/sel_n_reset                                                                                                                                                                         |                1 |              4 |
|  MB_swled_i/clk_wiz_1/inst/clk_out1 |                                                                                                                                                                                                                                                                    | MB_swled_i/rst_clk_wiz_1_100M/U0/bus_struct_reset[0]                                                                                                                                                                |                3 |              4 |
|  MB_swled_i/clk_wiz_1/inst/clk_out1 | MB_swled_i/microblaze_0/U0/MicroBlaze_Core_I/Performance.Core/Using_DCache.Using_WriteThrough.DCache_I1/Using_New_CacheInterface_for_AXI.Cache_Interface_I1/Using_AXI.Use_AXI_Write.aw_read_fifo_addr[0]_i_1_n_0                                                   | MB_swled_i/microblaze_0/U0/MicroBlaze_Core_I/Reset_DFF/sync[2]                                                                                                                                                      |                2 |              4 |
|  MB_swled_i/clk_wiz_1/inst/clk_out1 | MB_swled_i/mdm_1/U0/Use_AXI_IPIF.AXI_LITE_IPIF_I/I_SLAVE_ATTACHMENT/start2                                                                                                                                                                                         | MB_swled_i/mdm_1/U0/Use_AXI_IPIF.AXI_LITE_IPIF_I/I_SLAVE_ATTACHMENT/I_DECODER/GEN_BKEND_CE_REGISTERS[3].ce_out_i[3]_i_1_n_0                                                                                         |                1 |              4 |
|  MB_swled_i/clk_wiz_1/inst/clk_out1 | MB_swled_i/microblaze_0/U0/MicroBlaze_Core_I/Performance.Core/Using_ICache.ICache_I1/Cache_Interface_I1/DIBDI[0]                                                                                                                                                   | MB_swled_i/microblaze_0/U0/MicroBlaze_Core_I/Performance.Core/Using_ICache.ICache_I1/Cache_Interface_I1/addr_Tag_Bits_reg[16][0]                                                                                    |                2 |              4 |
|  MB_swled_i/clk_wiz_1/inst/clk_out1 | MB_swled_i/microblaze_0/U0/MicroBlaze_Core_I/Performance.Core/Using_DCache.Using_WriteThrough.DCache_I1/Using_New_CacheInterface_for_AXI.Cache_Interface_I1/Using_AXI.Use_AXI_Write.Addr_bit[2].Addr_bit_FDSE/Using_New_CacheInterface_for_AXI.valid_Bits_1_reg[3] | MB_swled_i/microblaze_0/U0/MicroBlaze_Core_I/Performance.Core/Using_DCache.Using_WriteThrough.DCache_I1/Using_New_CacheInterface_for_AXI.Cache_Interface_I1/Using_AXI.Use_AXI_Write.Addr_bit[2].Addr_bit_FDSE/SR[0] |                1 |              4 |
|  MB_swled_i/clk_wiz_1/inst/clk_out1 | MB_swled_i/microblaze_0/U0/MicroBlaze_Core_I/Performance.Core/Using_DCache.Using_WriteThrough.DCache_I1/Using_New_CacheInterface_for_AXI.Cache_Interface_I1/Using_AXI.Use_AXI_Write.Addr_bit[2].Addr_bit_FDSE/E[0]                                                 | MB_swled_i/microblaze_0/U0/MicroBlaze_Core_I/Reset_DFF/sync[2]                                                                                                                                                      |                2 |              4 |
|  MB_swled_i/clk_wiz_1/inst/clk_out1 | MB_swled_i/microblaze_0/U0/MicroBlaze_Core_I/Performance.Core/Using_DCache.Using_WriteThrough.DCache_I1/Using_New_CacheInterface_for_AXI.Cache_Interface_I1/Using_AXI.Use_AXI_Write.exist_bit_FDRE/E[0]                                                            | MB_swled_i/microblaze_0/U0/MicroBlaze_Core_I/Reset_DFF/sync[2]                                                                                                                                                      |                2 |              4 |
|  MB_swled_i/clk_wiz_1/inst/clk_out1 | MB_swled_i/microblaze_0_axi_periph/s02_couplers/auto_pc/inst/gen_axilite.gen_b2s_conv.axilite_b2s/RD.ar_channel_0/ar_cmd_fsm_0/axlen_cnt_reg[0]_0[0]                                                                                                               |                                                                                                                                                                                                                     |                1 |              4 |
|  MB_swled_i/clk_wiz_1/inst/clk_out1 | MB_swled_i/microblaze_0/U0/MicroBlaze_Core_I/Performance.Core/Using_ICache.ICache_I1/Cache_Interface_I1/p_1_out                                                                                                                                                    | MB_swled_i/microblaze_0/U0/MicroBlaze_Core_I/Reset_DFF/sync[2]                                                                                                                                                      |                1 |              4 |
|  MB_swled_i/mdm_1/U0/Dbg_Update_0   | MB_swled_i/mdm_1/U0/MDM_Core_I1/PORT_Selector_1[3]_i_1_n_0                                                                                                                                                                                                         | MB_swled_i/mdm_1/U0/MDM_Core_I1/sel_n_reset                                                                                                                                                                         |                1 |              4 |
|  MB_swled_i/clk_wiz_1/inst/clk_out1 | MB_swled_i/mdm_1/U0/MDM_Core_I1/JTAG_CONTROL_I/Use_UART.TX_FIFO_I/Addr_Counters[0].FDRE_I_0                                                                                                                                                                        | MB_swled_i/mdm_1/U0/MDM_Core_I1/Use_Uart.reset_TX_FIFO_reg_n_0                                                                                                                                                      |                1 |              4 |
|  MB_swled_i/mdm_1/U0/Dbg_Update_0   | MB_swled_i/microblaze_0/U0/MicroBlaze_Core_I/Performance.Core/Use_Debug_Logic.Master_Core.Debug_Perf/Control_Reg_En                                                                                                                                                |                                                                                                                                                                                                                     |                3 |              4 |
| ~MB_swled_i/mdm_1/U0/Dbg_Update_0   |                                                                                                                                                                                                                                                                    | MB_swled_i/mdm_1/U0/MDM_Core_I1/sel_n_reset                                                                                                                                                                         |                1 |              4 |
|  MB_swled_i/clk_wiz_1/inst/clk_out1 | MB_swled_i/mdm_1/U0/MDM_Core_I1/JTAG_CONTROL_I/Use_UART.RX_FIFO_I/Addr_Counters[0].FDRE_I_0                                                                                                                                                                        | MB_swled_i/mdm_1/U0/MDM_Core_I1/Use_Uart.reset_RX_FIFO_reg_n_0                                                                                                                                                      |                1 |              4 |
|  MB_swled_i/clk_wiz_1/inst/clk_out1 | MB_swled_i/microblaze_0/U0/MicroBlaze_Core_I/Performance.Core/Using_ICache.ICache_I1/Cache_Interface_I1/Using_AXI.r_read_fifo_addr[0]_i_1_n_0                                                                                                                      | MB_swled_i/microblaze_0/U0/MicroBlaze_Core_I/Reset_DFF/sync[2]                                                                                                                                                      |                2 |              4 |
|  MB_swled_i/clk_wiz_1/inst/clk_out1 |                                                                                                                                                                                                                                                                    | MB_swled_i/axi_gpio_0/U0/AXI_LITE_IPIF_I/I_SLAVE_ATTACHMENT/clear                                                                                                                                                   |                1 |              4 |
|  MB_swled_i/clk_wiz_1/inst/clk_out1 | MB_swled_i/microblaze_0_axi_periph/s01_couplers/auto_pc/inst/gen_axilite.gen_b2s_conv.axilite_b2s/WR.aw_channel_0/aw_cmd_fsm_0/E[0]                                                                                                                                |                                                                                                                                                                                                                     |                1 |              4 |
|  MB_swled_i/clk_wiz_1/inst/clk_out1 |                                                                                                                                                                                                                                                                    | MB_swled_i/microblaze_0_axi_periph/xbar/inst/gen_sasd.crossbar_sasd_0/addr_arbiter_inst/s_arvalid_reg                                                                                                               |                1 |              4 |
|  MB_swled_i/clk_wiz_1/inst/clk_out1 |                                                                                                                                                                                                                                                                    | MB_swled_i/microblaze_0_axi_periph/s02_couplers/auto_pc/inst/gen_axilite.gen_b2s_conv.axilite_b2s/SI_REG/r_pipe/SR[0]                                                                                               |                1 |              4 |
|  MB_swled_i/clk_wiz_1/inst/clk_out1 | MB_swled_i/microblaze_0/U0/MicroBlaze_Core_I/Performance.Core/Decode_I/Performace_Debug_Control.dbg_hit_reg[15]                                                                                                                                                    | MB_swled_i/microblaze_0/U0/MicroBlaze_Core_I/Reset_DFF/sync[2]                                                                                                                                                      |                2 |              5 |
|  MB_swled_i/clk_wiz_1/inst/clk_out1 | MB_swled_i/microblaze_0_axi_periph/xbar/inst/gen_sasd.crossbar_sasd_0/addr_arbiter_inst/m_grant_hot_i                                                                                                                                                              | MB_swled_i/microblaze_0_axi_periph/xbar/inst/gen_sasd.crossbar_sasd_0/addr_arbiter_inst/SR[0]                                                                                                                       |                2 |              5 |
|  MB_swled_i/clk_wiz_1/inst/clk_out1 |                                                                                                                                                                                                                                                                    | MB_swled_i/rst_clk_wiz_1_100M/U0/EXT_LPF/lpf_int                                                                                                                                                                    |                1 |              5 |
|  MB_swled_i/clk_wiz_1/inst/clk_out1 | MB_swled_i/microblaze_0/U0/MicroBlaze_Core_I/Performance.Core/Using_DCache.Using_WriteThrough.DCache_I1/Using_New_CacheInterface_for_AXI.Cache_Interface_I1/Using_AXI.Use_AXI_Write.pending_write[4]_i_1_n_0                                                       | MB_swled_i/microblaze_0/U0/MicroBlaze_Core_I/Reset_DFF/sync[2]                                                                                                                                                      |                2 |              5 |
|  MB_swled_i/clk_wiz_1/inst/clk_out1 | MB_swled_i/microblaze_0/U0/MicroBlaze_Core_I/Performance.Core/Decode_I/wb_MSR_i_reg[30][0]                                                                                                                                                                         | MB_swled_i/microblaze_0/U0/MicroBlaze_Core_I/Reset_DFF/sync[2]                                                                                                                                                      |                2 |              5 |
|  MB_swled_i/mdm_1/U0/Ext_JTAG_DRCK  | MB_swled_i/mdm_1/U0/MDM_Core_I1/JTAG_CONTROL_I/sample_1                                                                                                                                                                                                            |                                                                                                                                                                                                                     |                1 |              6 |
|  MB_swled_i/mdm_1/U0/Ext_JTAG_DRCK  | MB_swled_i/mdm_1/U0/MDM_Core_I1/JTAG_CONTROL_I/completion_status[15]_i_1_n_0                                                                                                                                                                                       |                                                                                                                                                                                                                     |                1 |              6 |
|  MB_swled_i/mdm_1/U0/Ext_JTAG_DRCK  | MB_swled_i/mdm_1/U0/MDM_Core_I1/JTAG_CONTROL_I/count[0]__0_i_1_n_0                                                                                                                                                                                                 |                                                                                                                                                                                                                     |                2 |              6 |
|  MB_swled_i/clk_wiz_1/inst/clk_out1 | MB_swled_i/rst_clk_wiz_1_100M/U0/SEQ/seq_cnt_en                                                                                                                                                                                                                    | MB_swled_i/rst_clk_wiz_1_100M/U0/SEQ/SEQ_COUNTER/clear                                                                                                                                                              |                1 |              6 |
|  MB_swled_i/mdm_1/U0/Ext_JTAG_DRCK  | MB_swled_i/mdm_1/U0/MDM_Core_I1/JTAG_CONTROL_I/E[0]                                                                                                                                                                                                                |                                                                                                                                                                                                                     |                2 |              8 |
|  MB_swled_i/mdm_1/U0/Ext_JTAG_DRCK  | MB_swled_i/mdm_1/U0/MDM_Core_I1/JTAG_CONTROL_I/tdi_shifter[0]_i_1_n_0                                                                                                                                                                                              |                                                                                                                                                                                                                     |                1 |              8 |
|  MB_swled_i/mdm_1/U0/Ext_JTAG_DRCK  | MB_swled_i/mdm_1/U0/MDM_Core_I1/JTAG_CONTROL_I/Use_UART.tdo_reg[0]_i_1_n_0                                                                                                                                                                                         |                                                                                                                                                                                                                     |                2 |              8 |
|  MB_swled_i/mdm_1/U0/Ext_JTAG_DRCK  | MB_swled_i/microblaze_0/U0/MicroBlaze_Core_I/Performance.Core/Use_Debug_Logic.Master_Core.Debug_Perf/Using_PC_Breakpoints.All_PC_Brks[0].address_hit_I/Compare[1].SRLC16E_I/Performace_Debug_Control.ex_dbg_hit_reg[0]                                             |                                                                                                                                                                                                                     |                7 |              8 |
|  MB_swled_i/mdm_1/U0/Dbg_Update_0   | MB_swled_i/mdm_1/U0/MDM_Core_I1/JTAG_CONTROL_I/command_10                                                                                                                                                                                                          |                                                                                                                                                                                                                     |                2 |              8 |
| ~MB_swled_i/mdm_1/U0/Dbg_Update_0   | MB_swled_i/mdm_1/U0/MDM_Core_I1/JTAG_CONTROL_I/command[0]_i_1_n_0                                                                                                                                                                                                  |                                                                                                                                                                                                                     |                2 |              8 |
|  MB_swled_i/clk_wiz_1/inst/clk_out1 | MB_swled_i/microblaze_0_axi_periph/s02_couplers/auto_pc/inst/gen_axilite.gen_b2s_conv.axilite_b2s/RD.ar_channel_0/ar_cmd_fsm_0/E[0]                                                                                                                                |                                                                                                                                                                                                                     |                4 |              8 |
|  MB_swled_i/clk_wiz_1/inst/clk_out1 |                                                                                                                                                                                                                                                                    | MB_swled_i/microblaze_0_axi_periph/s01_couplers/auto_pc/inst/gen_axilite.gen_b2s_conv.axilite_b2s/SI_REG/r_pipe/SR[0]                                                                                               |                2 |              8 |
|  MB_swled_i/clk_wiz_1/inst/clk_out1 | MB_swled_i/microblaze_0_axi_periph/s01_couplers/auto_pc/inst/gen_axilite.gen_b2s_conv.axilite_b2s/RD.ar_channel_0/ar_cmd_fsm_0/axlen_cnt_reg[0]_0[0]                                                                                                               |                                                                                                                                                                                                                     |                3 |              8 |
|  MB_swled_i/clk_wiz_1/inst/clk_out1 |                                                                                                                                                                                                                                                                    | MB_swled_i/mdm_1/U0/Use_AXI_IPIF.AXI_LITE_IPIF_I/I_SLAVE_ATTACHMENT/rst                                                                                                                                             |                3 |              8 |
|  MB_swled_i/clk_wiz_1/inst/clk_out1 | MB_swled_i/microblaze_0_axi_periph/s01_couplers/auto_pc/inst/gen_axilite.gen_b2s_conv.axilite_b2s/WR.b_channel_0/mhandshake_r                                                                                                                                      | MB_swled_i/microblaze_0_axi_periph/s01_couplers/auto_pc/inst/gen_axilite.gen_b2s_conv.axilite_b2s/WR.b_channel_0/bid_fifo_0/SR[0]                                                                                   |                3 |              8 |
|  MB_swled_i/clk_wiz_1/inst/clk_out1 | MB_swled_i/mdm_1/U0/Use_AXI_IPIF.AXI_LITE_IPIF_I/I_SLAVE_ATTACHMENT/s_axi_rdata_i                                                                                                                                                                                  | MB_swled_i/mdm_1/U0/Use_AXI_IPIF.AXI_LITE_IPIF_I/I_SLAVE_ATTACHMENT/rst                                                                                                                                             |                3 |              8 |
|  MB_swled_i/clk_wiz_1/inst/clk_out1 | MB_swled_i/mdm_1/U0/MDM_Core_I1/JTAG_CONTROL_I/Use_UART.TX_FIFO_I/CI                                                                                                                                                                                               |                                                                                                                                                                                                                     |                2 |              8 |
|  MB_swled_i/clk_wiz_1/inst/clk_out1 | MB_swled_i/microblaze_0_axi_periph/s01_couplers/auto_pc/inst/gen_axilite.gen_b2s_conv.axilite_b2s/WR.aw_channel_0/aw_cmd_fsm_0/b_push                                                                                                                              |                                                                                                                                                                                                                     |                1 |              8 |
|  MB_swled_i/clk_wiz_1/inst/clk_out1 | MB_swled_i/mdm_1/U0/MDM_Core_I1/JTAG_CONTROL_I/Use_UART.RX_FIFO_I/CI                                                                                                                                                                                               |                                                                                                                                                                                                                     |                1 |              8 |
|  MB_swled_i/clk_wiz_1/inst/clk_out1 | MB_swled_i/microblaze_0_axi_periph/s01_couplers/auto_pc/inst/gen_axilite.gen_b2s_conv.axilite_b2s/WR.aw_channel_0/aw_cmd_fsm_0/axlen_cnt_reg[0]_0[0]                                                                                                               |                                                                                                                                                                                                                     |                4 |              8 |
|  MB_swled_i/mdm_1/U0/Ext_JTAG_DRCK  | MB_swled_i/mdm_1/U0/MDM_Core_I1/JTAG_CONTROL_I/completion_status[9]_i_1_n_0                                                                                                                                                                                        |                                                                                                                                                                                                                     |                4 |             10 |
|  MB_swled_i/clk_wiz_1/inst/clk_out1 |                                                                                                                                                                                                                                                                    | MB_swled_i/microblaze_0_axi_periph/xbar/inst/gen_sasd.crossbar_sasd_0/addr_arbiter_inst/SR[0]                                                                                                                       |                5 |             11 |
|  MB_swled_i/clk_wiz_1/inst/clk_out1 | MB_swled_i/microblaze_0_axi_periph/s02_couplers/auto_pc/inst/gen_axilite.gen_b2s_conv.axilite_b2s/RD.ar_channel_0/ar_cmd_fsm_0/axaddr_wrap_reg[0][0]                                                                                                               |                                                                                                                                                                                                                     |                3 |             12 |
|  MB_swled_i/clk_wiz_1/inst/clk_out1 | MB_swled_i/microblaze_0_axi_periph/s01_couplers/auto_pc/inst/gen_axilite.gen_b2s_conv.axilite_b2s/RD.ar_channel_0/ar_cmd_fsm_0/E[0]                                                                                                                                |                                                                                                                                                                                                                     |                4 |             12 |
|  MB_swled_i/clk_wiz_1/inst/clk_out1 | MB_swled_i/microblaze_0_axi_periph/s01_couplers/auto_pc/inst/gen_axilite.gen_b2s_conv.axilite_b2s/RD.ar_channel_0/ar_cmd_fsm_0/axaddr_incr_reg[0]                                                                                                                  |                                                                                                                                                                                                                     |                3 |             12 |
|  MB_swled_i/clk_wiz_1/inst/clk_out1 | MB_swled_i/microblaze_0_axi_periph/s01_couplers/auto_pc/inst/gen_axilite.gen_b2s_conv.axilite_b2s/RD.ar_channel_0/ar_cmd_fsm_0/axaddr_wrap_reg[0][0]                                                                                                               |                                                                                                                                                                                                                     |                4 |             12 |
|  MB_swled_i/clk_wiz_1/inst/clk_out1 | MB_swled_i/microblaze_0_axi_periph/s01_couplers/auto_pc/inst/gen_axilite.gen_b2s_conv.axilite_b2s/WR.aw_channel_0/cmd_translator_0/incr_cmd_0/axaddr_incr[0]_i_1_n_0                                                                                               |                                                                                                                                                                                                                     |                3 |             12 |
|  MB_swled_i/clk_wiz_1/inst/clk_out1 | MB_swled_i/microblaze_0_axi_periph/s01_couplers/auto_pc/inst/gen_axilite.gen_b2s_conv.axilite_b2s/WR.aw_channel_0/aw_cmd_fsm_0/wrap_boundary_axaddr_r_reg[11]                                                                                                      |                                                                                                                                                                                                                     |                3 |             12 |
|  MB_swled_i/clk_wiz_1/inst/clk_out1 | MB_swled_i/microblaze_0_axi_periph/s01_couplers/auto_pc/inst/gen_axilite.gen_b2s_conv.axilite_b2s/WR.aw_channel_0/aw_cmd_fsm_0/axaddr_wrap_reg[0][0]                                                                                                               |                                                                                                                                                                                                                     |                4 |             12 |
|  MB_swled_i/clk_wiz_1/inst/clk_out1 | MB_swled_i/microblaze_0_axi_periph/s02_couplers/auto_pc/inst/gen_axilite.gen_b2s_conv.axilite_b2s/RD.ar_channel_0/ar_cmd_fsm_0/axaddr_incr_reg[0]                                                                                                                  |                                                                                                                                                                                                                     |                3 |             12 |
|  MB_swled_i/clk_wiz_1/inst/clk_out1 | MB_swled_i/microblaze_0_axi_periph/s02_couplers/auto_pc/inst/gen_axilite.gen_b2s_conv.axilite_b2s/RD.ar_channel_0/ar_cmd_fsm_0/wrap_boundary_axaddr_r_reg[0]                                                                                                       |                                                                                                                                                                                                                     |                5 |             12 |
|  MB_swled_i/clk_wiz_1/inst/clk_out1 | MB_swled_i/microblaze_0_axi_periph/xbar/inst/gen_sasd.crossbar_sasd_0/addr_arbiter_inst/s_axi_rvalid[0]                                                                                                                                                            | MB_swled_i/microblaze_0/U0/MicroBlaze_Core_I/Reset_DFF/sync[2]                                                                                                                                                      |                7 |             16 |
|  MB_swled_i/clk_wiz_1/inst/clk_out1 | MB_swled_i/axi_gpio_0/U0/AXI_LITE_IPIF_I/I_SLAVE_ATTACHMENT/I_DECODER/Dual.gpio_OE_reg[0][0]                                                                                                                                                                       | MB_swled_i/axi_gpio_0/U0/AXI_LITE_IPIF_I/I_SLAVE_ATTACHMENT/bus2ip_addr_i_reg[2]_0                                                                                                                                  |                2 |             16 |
|  MB_swled_i/clk_wiz_1/inst/clk_out1 | MB_swled_i/microblaze_0/U0/MicroBlaze_Core_I/Performance.Core/Decode_I/PreFetch_Buffer_I1/OF_Valid_DFF/imm_reg_reg[15]_0[0]                                                                                                                                        | MB_swled_i/microblaze_0/U0/MicroBlaze_Core_I/Reset_DFF/sync[2]                                                                                                                                                      |                4 |             16 |
|  MB_swled_i/clk_wiz_1/inst/clk_out1 | MB_swled_i/axi_gpio_0/U0/AXI_LITE_IPIF_I/I_SLAVE_ATTACHMENT/I_DECODER/E[0]                                                                                                                                                                                         | MB_swled_i/axi_gpio_0/U0/AXI_LITE_IPIF_I/I_SLAVE_ATTACHMENT/bus2ip_addr_i_reg[2]_0                                                                                                                                  |                2 |             16 |
|  MB_swled_i/clk_wiz_1/inst/clk_out1 | MB_swled_i/axi_gpio_0/U0/AXI_LITE_IPIF_I/I_SLAVE_ATTACHMENT/s_axi_rdata_i                                                                                                                                                                                          | MB_swled_i/axi_gpio_0/U0/AXI_LITE_IPIF_I/I_SLAVE_ATTACHMENT/bus2ip_addr_i_reg[2]_0                                                                                                                                  |                4 |             16 |
|  MB_swled_i/clk_wiz_1/inst/clk_out1 | MB_swled_i/axi_gpio_0/U0/AXI_LITE_IPIF_I/I_SLAVE_ATTACHMENT/I_DECODER/Dual.gpio_Data_Out_reg[0][0]                                                                                                                                                                 | MB_swled_i/axi_gpio_0/U0/AXI_LITE_IPIF_I/I_SLAVE_ATTACHMENT/bus2ip_addr_i_reg[2]_0                                                                                                                                  |                3 |             16 |
|  MB_swled_i/clk_wiz_1/inst/clk_out1 | MB_swled_i/microblaze_0/U0/MicroBlaze_Core_I/Performance.Core/Using_DCache.Using_WriteThrough.DCache_I1/Using_New_CacheInterface_for_AXI.Cache_Interface_I1/Using_AXI.Use_AXI_Write.Addr_bit[2].Addr_bit_FDSE/Write_Data_Valid                                     |                                                                                                                                                                                                                     |                2 |             16 |
|  MB_swled_i/clk_wiz_1/inst/clk_out1 | MB_swled_i/microblaze_0_axi_periph/xbar/inst/gen_sasd.crossbar_sasd_0/reg_slice_r/aa_rready                                                                                                                                                                        |                                                                                                                                                                                                                     |                5 |             17 |
|  MB_swled_i/clk_wiz_1/inst/clk_out1 | MB_swled_i/microblaze_0_axi_periph/xbar/inst/gen_sasd.crossbar_sasd_0/addr_arbiter_inst/E[0]                                                                                                                                                                       |                                                                                                                                                                                                                     |                6 |             17 |
|  MB_swled_i/clk_wiz_1/inst/clk_out1 | MB_swled_i/microblaze_0/U0/MicroBlaze_Core_I/Performance.Core/Decode_I/Use_MuxCy[10].OF_Piperun_Stage/MUXCY_I/lopt_40                                                                                                                                              | MB_swled_i/microblaze_0/U0/MicroBlaze_Core_I/Reset_DFF/sync[2]                                                                                                                                                      |                5 |             19 |
|  MB_swled_i/clk_wiz_1/inst/clk_out1 | MB_swled_i/microblaze_0/U0/MicroBlaze_Core_I/Performance.Core/Using_DCache.Using_WriteThrough.DCache_I1/Using_New_CacheInterface_for_AXI.Cache_Interface_I1/Read_Req_Granted                                                                                       |                                                                                                                                                                                                                     |                6 |             20 |
|  MB_swled_i/clk_wiz_1/inst/clk_out1 | MB_swled_i/microblaze_0/U0/MicroBlaze_Core_I/Performance.Core/Using_ICache.ICache_I1/Cache_Interface_I1/read_req_granted                                                                                                                                           |                                                                                                                                                                                                                     |                7 |             20 |
|  MB_swled_i/mdm_1/U0/Ext_JTAG_DRCK  |                                                                                                                                                                                                                                                                    | MB_swled_i/mdm_1/U0/MDM_Core_I1/shift_n_reset                                                                                                                                                                       |                5 |             23 |
|  MB_swled_i/clk_wiz_1/inst/clk_out1 | MB_swled_i/microblaze_0_axi_periph/xbar/inst/gen_sasd.crossbar_sasd_0/addr_arbiter_inst/p_0_in                                                                                                                                                                     | MB_swled_i/microblaze_0_axi_periph/xbar/inst/gen_sasd.crossbar_sasd_0/addr_arbiter_inst/SR[0]                                                                                                                       |                8 |             23 |
|  MB_swled_i/clk_wiz_1/inst/clk_out1 | MB_swled_i/microblaze_0/U0/MicroBlaze_Core_I/Performance.Core/Using_DCache.Using_WriteThrough.DCache_I1/Using_Latch_AS_Logic_1.AND2B1L_I1/E[0]                                                                                                                     | MB_swled_i/microblaze_0/U0/MicroBlaze_Core_I/Reset_DFF/sync[2]                                                                                                                                                      |                6 |             26 |
|  MB_swled_i/clk_wiz_1/inst/clk_out1 | MB_swled_i/microblaze_0/U0/MicroBlaze_Core_I/Performance.Core/Using_DCache.Using_WriteThrough.DCache_I1/Using_New_CacheInterface_for_AXI.Cache_Interface_I1/Using_AXI.Use_AXI_Write.Addr_bit[2].Addr_bit_FDSE/SR[0]                                                | MB_swled_i/microblaze_0/U0/MicroBlaze_Core_I/Reset_DFF/sync[2]                                                                                                                                                      |                9 |             26 |
|  MB_swled_i/clk_wiz_1/inst/clk_out1 | MB_swled_i/microblaze_0/U0/MicroBlaze_Core_I/Performance.Core/Using_ICache.ICache_I1/Cache_Interface_I1/addr_Tag_Bits_reg[16][0]                                                                                                                                   |                                                                                                                                                                                                                     |                5 |             26 |
|  MB_swled_i/clk_wiz_1/inst/clk_out1 | MB_swled_i/microblaze_0/U0/MicroBlaze_Core_I/Performance.Core/Using_ICache.ICache_I1/Using_FPGA_FSL_1.tag_hit_comparator/Comp_Carry_Chain[5].MUXCY_I/E[0]                                                                                                          | MB_swled_i/microblaze_0/U0/MicroBlaze_Core_I/Reset_DFF/sync[2]                                                                                                                                                      |                7 |             26 |
|  MB_swled_i/clk_wiz_1/inst/clk_out1 | MB_swled_i/microblaze_0/U0/MicroBlaze_Core_I/Performance.Core/Decode_I/Using_ICache_Carry_Chain.ib_addr_strobe_i_carry_and/MUXCY_I/valid_addr_strobe_q_reg                                                                                                         |                                                                                                                                                                                                                     |               10 |             30 |
|  MB_swled_i/clk_wiz_1/inst/clk_out1 |                                                                                                                                                                                                                                                                    | MB_swled_i/axi_gpio_0/U0/AXI_LITE_IPIF_I/I_SLAVE_ATTACHMENT/bus2ip_addr_i_reg[2]_0                                                                                                                                  |               10 |             31 |
|  MB_swled_i/clk_wiz_1/inst/clk_out1 | MB_swled_i/microblaze_0/U0/MicroBlaze_Core_I/Performance.Core/Using_DCache.Using_WriteThrough.DCache_I1/mem_read_cache_miss_sel_carry_and/MUXCY_I/E[0]                                                                                                             | MB_swled_i/microblaze_0/U0/MicroBlaze_Core_I/Reset_DFF/sync[2]                                                                                                                                                      |               11 |             31 |
|  MB_swled_i/clk_wiz_1/inst/clk_out1 | MB_swled_i/microblaze_0/U0/MicroBlaze_Core_I/Performance.Core/Using_ICache.ICache_I1/Using_FPGA_FSL_1.tag_hit_comparator/Comp_Carry_Chain[5].MUXCY_I/Using_AXI.M_AXI_ARLEN_reg[0]                                                                                  | MB_swled_i/microblaze_0/U0/MicroBlaze_Core_I/Reset_DFF/sync[2]                                                                                                                                                      |                7 |             31 |
|  MB_swled_i/clk_wiz_1/inst/clk_out1 | MB_swled_i/microblaze_0/U0/MicroBlaze_Core_I/Performance.Core/Decode_I/Use_MuxCy[10].OF_Piperun_Stage/MUXCY_I/lopt_40                                                                                                                                              | MB_swled_i/microblaze_0/U0/MicroBlaze_Core_I/Reset_DFF/WB_MEM_Result_reg[31][0]                                                                                                                                     |                8 |             32 |
|  MB_swled_i/clk_wiz_1/inst/clk_out1 | MB_swled_i/microblaze_0/U0/MicroBlaze_Core_I/Performance.Core/Decode_I/Use_MuxCy[1].OF_Piperun_Stage/MUXCY_I/lopt_3                                                                                                                                                | MB_swled_i/microblaze_0/U0/MicroBlaze_Core_I/Performance.Core/Decode_I/R                                                                                                                                            |               10 |             32 |
|  MB_swled_i/clk_wiz_1/inst/clk_out1 | MB_swled_i/microblaze_0/U0/MicroBlaze_Core_I/Performance.Core/Decode_I/Use_MuxCy[10].OF_Piperun_Stage/MUXCY_I/lopt_40                                                                                                                                              |                                                                                                                                                                                                                     |                5 |             32 |
|  MB_swled_i/clk_wiz_1/inst/clk_out1 | MB_swled_i/microblaze_0/U0/MicroBlaze_Core_I/Performance.Core/Decode_I/Use_MuxCy[3].OF_Piperun_Stage/MUXCY_I/mem_pc_i_reg[0][0]                                                                                                                                    | MB_swled_i/microblaze_0/U0/MicroBlaze_Core_I/Reset_DFF/sync[2]                                                                                                                                                      |                5 |             32 |
|  MB_swled_i/clk_wiz_1/inst/clk_out1 | MB_swled_i/microblaze_0_axi_periph/s02_couplers/auto_pc/inst/gen_axilite.gen_b2s_conv.axilite_b2s/RD.r_channel_0/rd_data_fifo_0/wr_en0                                                                                                                             |                                                                                                                                                                                                                     |                9 |             32 |
|  MB_swled_i/clk_wiz_1/inst/clk_out1 | MB_swled_i/microblaze_0/U0/MicroBlaze_Core_I/Performance.Core/Using_ICache.ICache_I1/Cache_Interface_I1/E[0]                                                                                                                                                       | MB_swled_i/microblaze_0/U0/MicroBlaze_Core_I/Reset_DFF/sync[2]                                                                                                                                                      |               11 |             32 |
|  MB_swled_i/clk_wiz_1/inst/clk_out1 |                                                                                                                                                                                                                                                                    | MB_swled_i/axi_gpio_0/U0/AXI_LITE_IPIF_I/I_SLAVE_ATTACHMENT/I_DECODER/Read_Reg_Rst                                                                                                                                  |                9 |             32 |
|  MB_swled_i/clk_wiz_1/inst/clk_out1 | MB_swled_i/microblaze_0/U0/MicroBlaze_Core_I/Performance.Core/Use_Debug_Logic.Master_Core.Debug_Perf/data_rd_reg[0]_i_1_n_0                                                                                                                                        | MB_swled_i/microblaze_0/U0/MicroBlaze_Core_I/Reset_DFF/sync[2]                                                                                                                                                      |               11 |             32 |
|  MB_swled_i/clk_wiz_1/inst/clk_out1 |                                                                                                                                                                                                                                                                    | MB_swled_i/microblaze_0/U0/MicroBlaze_Core_I/Reset_DFF/SR[0]                                                                                                                                                        |                6 |             32 |
|  MB_swled_i/clk_wiz_1/inst/clk_out1 | MB_swled_i/microblaze_0_axi_periph/s01_couplers/auto_pc/inst/gen_axilite.gen_b2s_conv.axilite_b2s/RD.r_channel_0/rd_data_fifo_0/wr_en0                                                                                                                             |                                                                                                                                                                                                                     |                9 |             32 |
|  MB_swled_i/mdm_1/U0/Ext_JTAG_DRCK  | MB_swled_i/microblaze_0/U0/MicroBlaze_Core_I/Performance.Core/Use_Debug_Logic.Master_Core.Debug_Perf/New_Dbg_Instr_TCK                                                                                                                                             |                                                                                                                                                                                                                     |               10 |             32 |
|  MB_swled_i/clk_wiz_1/inst/clk_out1 | MB_swled_i/microblaze_0/U0/MicroBlaze_Core_I/Performance.Core/Decode_I/jump_logic_I1/MUXCY_JUMP_CARRY6/if_pc_reg[0][0]                                                                                                                                             | MB_swled_i/microblaze_0/U0/MicroBlaze_Core_I/Reset_DFF/sync[2]                                                                                                                                                      |                9 |             32 |
|  MB_swled_i/clk_wiz_1/inst/clk_out1 | MB_swled_i/microblaze_0_axi_periph/s01_couplers/auto_pc/inst/gen_axilite.gen_b2s_conv.axilite_b2s/SI_REG/r_pipe/p_1_in                                                                                                                                             |                                                                                                                                                                                                                     |                9 |             33 |
|  MB_swled_i/clk_wiz_1/inst/clk_out1 | MB_swled_i/microblaze_0_axi_periph/s01_couplers/auto_pc/inst/gen_axilite.gen_b2s_conv.axilite_b2s/SI_REG/r_pipe/skid_buffer_reg[0]_0                                                                                                                               |                                                                                                                                                                                                                     |                5 |             33 |
|  MB_swled_i/clk_wiz_1/inst/clk_out1 | MB_swled_i/microblaze_0_axi_periph/s02_couplers/auto_pc/inst/gen_axilite.gen_b2s_conv.axilite_b2s/SI_REG/r_pipe/p_1_in                                                                                                                                             |                                                                                                                                                                                                                     |               11 |             33 |
|  MB_swled_i/clk_wiz_1/inst/clk_out1 | MB_swled_i/microblaze_0_axi_periph/s02_couplers/auto_pc/inst/gen_axilite.gen_b2s_conv.axilite_b2s/SI_REG/r_pipe/skid_buffer_reg[0]_0                                                                                                                               |                                                                                                                                                                                                                     |                5 |             33 |
|  MB_swled_i/clk_wiz_1/inst/clk_out1 | MB_swled_i/microblaze_0_axi_periph/s01_couplers/auto_pc/inst/gen_axilite.gen_b2s_conv.axilite_b2s/WR.aw_channel_0/aw_cmd_fsm_0/m_payload_i_reg[0][0]                                                                                                               |                                                                                                                                                                                                                     |                8 |             35 |
|  MB_swled_i/clk_wiz_1/inst/clk_out1 |                                                                                                                                                                                                                                                                    | MB_swled_i/microblaze_0_axi_periph/s02_couplers/auto_pc/inst/gen_axilite.gen_b2s_conv.axilite_b2s/areset_d1                                                                                                         |                8 |             35 |
|  MB_swled_i/clk_wiz_1/inst/clk_out1 | MB_swled_i/microblaze_0_axi_periph/s01_couplers/auto_pc/inst/gen_axilite.gen_b2s_conv.axilite_b2s/SI_REG/aw_pipe/skid_buffer_reg[0]_0                                                                                                                              |                                                                                                                                                                                                                     |                7 |             35 |
|  MB_swled_i/clk_wiz_1/inst/clk_out1 | MB_swled_i/microblaze_0/U0/MicroBlaze_Core_I/Performance.Core/Using_DCache.Using_WriteThrough.DCache_I1/Using_New_CacheInterface_for_AXI.Cache_Interface_I1/write_req_granted                                                                                      |                                                                                                                                                                                                                     |                6 |             37 |
|  MB_swled_i/clk_wiz_1/inst/clk_out1 | MB_swled_i/microblaze_0_axi_periph/s01_couplers/auto_pc/inst/gen_axilite.gen_b2s_conv.axilite_b2s/RD.ar_channel_0/ar_cmd_fsm_0/m_payload_i_reg[0]_1[0]                                                                                                             |                                                                                                                                                                                                                     |                9 |             37 |
|  MB_swled_i/clk_wiz_1/inst/clk_out1 | MB_swled_i/microblaze_0_axi_periph/s02_couplers/auto_pc/inst/gen_axilite.gen_b2s_conv.axilite_b2s/RD.ar_channel_0/ar_cmd_fsm_0/m_payload_i_reg[0]_1[0]                                                                                                             |                                                                                                                                                                                                                     |                7 |             37 |
|  MB_swled_i/clk_wiz_1/inst/clk_out1 | MB_swled_i/microblaze_0_axi_periph/s02_couplers/auto_pc/inst/gen_axilite.gen_b2s_conv.axilite_b2s/SI_REG/ar_pipe/skid_buffer_reg[0]_0                                                                                                                              |                                                                                                                                                                                                                     |                8 |             37 |
|  MB_swled_i/clk_wiz_1/inst/clk_out1 | MB_swled_i/microblaze_0_axi_periph/s01_couplers/auto_pc/inst/gen_axilite.gen_b2s_conv.axilite_b2s/SI_REG/ar_pipe/skid_buffer_reg[0]_0                                                                                                                              |                                                                                                                                                                                                                     |                9 |             37 |
|  MB_swled_i/clk_wiz_1/inst/clk_out1 |                                                                                                                                                                                                                                                                    | MB_swled_i/microblaze_0_axi_periph/s01_couplers/auto_pc/inst/gen_axilite.gen_b2s_conv.axilite_b2s/areset_d1                                                                                                         |                9 |             43 |
|  MB_swled_i/mdm_1/U0/Ext_JTAG_DRCK  | MB_swled_i/mdm_1/U0/Dbg_Capture_0                                                                                                                                                                                                                                  |                                                                                                                                                                                                                     |               10 |             46 |
|  MB_swled_i/clk_wiz_1/inst/clk_out1 | MB_swled_i/microblaze_0/U0/MicroBlaze_Core_I/Performance.Core/Using_DCache.Using_WriteThrough.DCache_I1/Using_New_CacheInterface_for_AXI.Cache_Interface_I1/Using_AXI.Use_AXI_Write.Addr_bit[2].Addr_bit_FDSE/Using_New_CacheInterface_for_AXI.valid_Bits_1_reg[3] |                                                                                                                                                                                                                     |                8 |             64 |
|  MB_swled_i/clk_wiz_1/inst/clk_out1 | MB_swled_i/microblaze_0/U0/MicroBlaze_Core_I/Performance.Core/Decode_I/Using_ICache_Carry_Chain.Using_Latch_AS_Logic.AND2B1L_I1/if_ready                                                                                                                           |                                                                                                                                                                                                                     |               10 |             75 |
|  MB_swled_i/mdm_1/U0/Ext_JTAG_DRCK  |                                                                                                                                                                                                                                                                    |                                                                                                                                                                                                                     |               32 |             86 |
|  MB_swled_i/clk_wiz_1/inst/clk_out1 | MB_swled_i/microblaze_0/U0/MicroBlaze_Core_I/Performance.Core/Decode_I/Use_MuxCy[1].OF_Piperun_Stage/MUXCY_I/lopt_3                                                                                                                                                | MB_swled_i/microblaze_0/U0/MicroBlaze_Core_I/Reset_DFF/sync[2]                                                                                                                                                      |               33 |             95 |
|  MB_swled_i/clk_wiz_1/inst/clk_out1 | MB_swled_i/microblaze_0/U0/MicroBlaze_Core_I/Performance.Core/Decode_I/D[30]                                                                                                                                                                                       |                                                                                                                                                                                                                     |               16 |            128 |
|  MB_swled_i/clk_wiz_1/inst/clk_out1 | MB_swled_i/microblaze_0/U0/MicroBlaze_Core_I/Performance.Core/Decode_I/Use_MuxCy[8].OF_Piperun_Stage/MUXCY_I/lopt_3                                                                                                                                                | MB_swled_i/microblaze_0/U0/MicroBlaze_Core_I/Reset_DFF/sync[2]                                                                                                                                                      |               67 |            221 |
|  MB_swled_i/clk_wiz_1/inst/clk_out1 |                                                                                                                                                                                                                                                                    | MB_swled_i/microblaze_0/U0/MicroBlaze_Core_I/Reset_DFF/sync[2]                                                                                                                                                      |              109 |            260 |
|  MB_swled_i/clk_wiz_1/inst/clk_out1 |                                                                                                                                                                                                                                                                    |                                                                                                                                                                                                                     |              106 |            280 |
+-------------------------------------+--------------------------------------------------------------------------------------------------------------------------------------------------------------------------------------------------------------------------------------------------------------------+---------------------------------------------------------------------------------------------------------------------------------------------------------------------------------------------------------------------+------------------+----------------+


