14:02:04 **** Build of project MB2_bsp ****
make -k all 
"Running Make include in microblaze_0/libsrc/bram_v4_0/src"
make -C microblaze_0/libsrc/bram_v4_0/src -s include  "SHELL=CMD" "COMPILER=mb-gcc" "ARCHIVER=mb-ar" "COMPILER_FLAGS= -O2 -c -mcpu=v9.5 -mlittle-endian -mxl-soft-mul" "EXTRA_COMPILER_FLAGS=-g"
"Running Make include in microblaze_0/libsrc/cpu_v2_3/src"
make -C microblaze_0/libsrc/cpu_v2_3/src -s include  "SHELL=CMD" "COMPILER=mb-gcc" "ARCHIVER=mb-ar" "COMPILER_FLAGS= -O2 -c -mcpu=v9.5 -mlittle-endian -mxl-soft-mul" "EXTRA_COMPILER_FLAGS=-g"
"Running Make include in microblaze_0/libsrc/gpio_v4_0/src"
make -C microblaze_0/libsrc/gpio_v4_0/src -s include  "SHELL=CMD" "COMPILER=mb-gcc" "ARCHIVER=mb-ar" "COMPILER_FLAGS= -O2 -c -mcpu=v9.5 -mlittle-endian -mxl-soft-mul" "EXTRA_COMPILER_FLAGS=-g"
"Running Make include in microblaze_0/libsrc/standalone_v5_3/src"
make -C microblaze_0/libsrc/standalone_v5_3/src -s include  "SHELL=CMD" "COMPILER=mb-gcc" "ARCHIVER=mb-ar" "COMPILER_FLAGS= -O2 -c -mcpu=v9.5 -mlittle-endian -mxl-soft-mul" "EXTRA_COMPILER_FLAGS=-g"
"Running Make include in microblaze_0/libsrc/uartlite_v3_1/src"
make -C microblaze_0/libsrc/uartlite_v3_1/src -s include  "SHELL=CMD" "COMPILER=mb-gcc" "ARCHIVER=mb-ar" "COMPILER_FLAGS= -O2 -c -mcpu=v9.5 -mlittle-endian -mxl-soft-mul" "EXTRA_COMPILER_FLAGS=-g"
"Running Make libs in microblaze_0/libsrc/bram_v4_0/src"
make -C microblaze_0/libsrc/bram_v4_0/src -s libs  "SHELL=CMD" "COMPILER=mb-gcc" "ARCHIVER=mb-ar" "COMPILER_FLAGS= -O2 -c -mcpu=v9.5 -mlittle-endian -mxl-soft-mul" "EXTRA_COMPILER_FLAGS=-g"
"Compiling bram"
mb-ar: creating ../../../lib/libxil.a
"Running Make libs in microblaze_0/libsrc/cpu_v2_3/src"
make -C microblaze_0/libsrc/cpu_v2_3/src -s libs  "SHELL=CMD" "COMPILER=mb-gcc" "ARCHIVER=mb-ar" "COMPILER_FLAGS= -O2 -c -mcpu=v9.5 -mlittle-endian -mxl-soft-mul" "EXTRA_COMPILER_FLAGS=-g"
"Compiling cpu"
"Running Make libs in microblaze_0/libsrc/gpio_v4_0/src"
make -C microblaze_0/libsrc/gpio_v4_0/src -s libs  "SHELL=CMD" "COMPILER=mb-gcc" "ARCHIVER=mb-ar" "COMPILER_FLAGS= -O2 -c -mcpu=v9.5 -mlittle-endian -mxl-soft-mul" "EXTRA_COMPILER_FLAGS=-g"
"Compiling gpio"
"Running Make libs in microblaze_0/libsrc/standalone_v5_3/src"
make -C microblaze_0/libsrc/standalone_v5_3/src -s libs  "SHELL=CMD" "COMPILER=mb-gcc" "ARCHIVER=mb-ar" "COMPILER_FLAGS= -O2 -c -mcpu=v9.5 -mlittle-endian -mxl-soft-mul" "EXTRA_COMPILER_FLAGS=-g"
"Compiling standalone";
"Running Make libs in microblaze_0/libsrc/uartlite_v3_1/src"
make -C microblaze_0/libsrc/uartlite_v3_1/src -s libs  "SHELL=CMD" "COMPILER=mb-gcc" "ARCHIVER=mb-ar" "COMPILER_FLAGS= -O2 -c -mcpu=v9.5 -mlittle-endian -mxl-soft-mul" "EXTRA_COMPILER_FLAGS=-g"
"Compiling uartlite"
'Finished building libraries'
14:02:07 **** Build of configuration Debug for project MB2 ****
make all 
'Building file: ../src/helloworld.c'
'Invoking: MicroBlaze gcc compiler'
mb-gcc -Wall -O0 -g3 -c -fmessage-length=0 -MT"src/helloworld.o" -I../../MB2_bsp/microblaze_0/include -mlittle-endian -mcpu=v9.5 -mxl-soft-mul -Wl,--no-relax -MMD -MP -MF"src/helloworld.d" -MT"src/helloworld.d" -o "src/helloworld.o" "../src/helloworld.c"
'Finished building: ../src/helloworld.c'
' '
'Building file: ../src/platform.c'
'Invoking: MicroBlaze gcc compiler'
mb-gcc -Wall -O0 -g3 -c -fmessage-length=0 -MT"src/platform.o" -I../../MB2_bsp/microblaze_0/include -mlittle-endian -mcpu=v9.5 -mxl-soft-mul -Wl,--no-relax -MMD -MP -MF"src/platform.d" -MT"src/platform.d" -o "src/platform.o" "../src/platform.c"
'Finished building: ../src/platform.c'
' '
'Building target: MB2.elf'
'Invoking: MicroBlaze gcc linker'
mb-gcc -Wl,-T -Wl,../src/lscript.ld -L../../MB2_bsp/microblaze_0/lib -mlittle-endian -mcpu=v9.5 -mxl-soft-mul -Wl,--no-relax -o "MB2.elf"  ./src/helloworld.o ./src/platform.o   -Wl,--start-group,-lxil,-lgcc,-lc,--end-group
'Finished building target: MB2.elf'
' '
'Invoking: MicroBlaze Print Size'
mb-size MB2.elf  |tee "MB2.elf.size"
   text	   data	    bss	    dec	    hex	filename
   3320	    288	   3120	   6728	   1a48	MB2.elf
'Finished building: MB2.elf.size'
' '
14:02:20 **** Auto Build of configuration Debug for project MB2 ****
make all 
'Building file: ../src/helloworld.c'
'Invoking: MicroBlaze gcc compiler'
mb-gcc -Wall -O0 -g3 -c -fmessage-length=0 -MT"src/helloworld.o" -I../../MB2_bsp/microblaze_0/include -mlittle-endian -mcpu=v9.5 -mxl-soft-mul -Wl,--no-relax -MMD -MP -MF"src/helloworld.d" -MT"src/helloworld.d" -o "src/helloworld.o" "../src/helloworld.c"
'Finished building: ../src/helloworld.c'
' '
'Building target: MB2.elf'
'Invoking: MicroBlaze gcc linker'
mb-gcc -Wl,-T -Wl,../src/lscript.ld -L../../MB2_bsp/microblaze_0/lib -mlittle-endian -mcpu=v9.5 -mxl-soft-mul -Wl,--no-relax -o "MB2.elf"  ./src/helloworld.o ./src/platform.o   -Wl,--start-group,-lxil,-lgcc,-lc,--end-group
'Finished building target: MB2.elf'
' '
'Invoking: MicroBlaze Print Size'
mb-size MB2.elf  |tee "MB2.elf.size"
   text	   data	    bss	    dec	    hex	filename
   4832	    288	   3152	   8272	   2050	MB2.elf
'Finished building: MB2.elf.size'
' '
14:02:59 **** Incremental Build of configuration Debug for project MB2 ****
make all 
make: Nothing to be done for `all'.
14:15:01 **** Auto Build of configuration Debug for project MB2 ****
make all 
'Building file: ../src/helloworld.c'
'Invoking: MicroBlaze gcc compiler'
mb-gcc -Wall -O0 -g3 -c -fmessage-length=0 -MT"src/helloworld.o" -I../../MB2_bsp/microblaze_0/include -mlittle-endian -mcpu=v9.5 -mxl-soft-mul -Wl,--no-relax -MMD -MP -MF"src/helloworld.d" -MT"src/helloworld.d" -o "src/helloworld.o" "../src/helloworld.c"
'Finished building: ../src/helloworld.c'
' '
'Building target: MB2.elf'
'Invoking: MicroBlaze gcc linker'
mb-gcc -Wl,-T -Wl,../src/lscript.ld -L../../MB2_bsp/microblaze_0/lib -mlittle-endian -mcpu=v9.5 -mxl-soft-mul -Wl,--no-relax -o "MB2.elf"  ./src/helloworld.o ./src/platform.o   -Wl,--start-group,-lxil,-lgcc,-lc,--end-group
'Finished building target: MB2.elf'
' '
'Invoking: MicroBlaze Print Size'
mb-size MB2.elf  |tee "MB2.elf.size"
   text	   data	    bss	    dec	    hex	filename
   4832	    288	   3152	   8272	   2050	MB2.elf
'Finished building: MB2.elf.size'
' '
14:18:27 **** Auto Build of configuration Debug for project MB2 ****
make all 
'Building file: ../src/helloworld.c'
'Invoking: MicroBlaze gcc compiler'
mb-gcc -Wall -O0 -g3 -c -fmessage-length=0 -MT"src/helloworld.o" -I../../MB2_bsp/microblaze_0/include -mlittle-endian -mcpu=v9.5 -mxl-soft-mul -Wl,--no-relax -MMD -MP -MF"src/helloworld.d" -MT"src/helloworld.d" -o "src/helloworld.o" "../src/helloworld.c"
'Finished building: ../src/helloworld.c'
' '
'Building target: MB2.elf'
'Invoking: MicroBlaze gcc linker'
mb-gcc -Wl,-T -Wl,../src/lscript.ld -L../../MB2_bsp/microblaze_0/lib -mlittle-endian -mcpu=v9.5 -mxl-soft-mul -Wl,--no-relax -o "MB2.elf"  ./src/helloworld.o ./src/platform.o   -Wl,--start-group,-lxil,-lgcc,-lc,--end-group
'Finished building target: MB2.elf'
' '
'Invoking: MicroBlaze Print Size'
mb-size MB2.elf  |tee "MB2.elf.size"
   text	   data	    bss	    dec	    hex	filename
   5272	    288	   3152	   8712	   2208	MB2.elf
'Finished building: MB2.elf.size'
' '
14:18:32 **** Incremental Build of configuration Debug for project MB2 ****
make all 
make: Nothing to be done for `all'.
14:18:43 **** Incremental Build of configuration Debug for project MB2 ****
make all 
make: Nothing to be done for `all'.
14:18:51 **** Auto Build of configuration Debug for project MB2 ****
make all 
'Building file: ../src/helloworld.c'
'Invoking: MicroBlaze gcc compiler'
mb-gcc -Wall -O0 -g3 -c -fmessage-length=0 -MT"src/helloworld.o" -I../../MB2_bsp/microblaze_0/include -mlittle-endian -mcpu=v9.5 -mxl-soft-mul -Wl,--no-relax -MMD -MP -MF"src/helloworld.d" -MT"src/helloworld.d" -o "src/helloworld.o" "../src/helloworld.c"
'Finished building: ../src/helloworld.c'
' '
'Building target: MB2.elf'
'Invoking: MicroBlaze gcc linker'
mb-gcc -Wl,-T -Wl,../src/lscript.ld -L../../MB2_bsp/microblaze_0/lib -mlittle-endian -mcpu=v9.5 -mxl-soft-mul -Wl,--no-relax -o "MB2.elf"  ./src/helloworld.o ./src/platform.o   -Wl,--start-group,-lxil,-lgcc,-lc,--end-group
'Finished building target: MB2.elf'
' '
'Invoking: MicroBlaze Print Size'
mb-size MB2.elf  |tee "MB2.elf.size"
   text	   data	    bss	    dec	    hex	filename
   5272	    288	   3152	   8712	   2208	MB2.elf
'Finished building: MB2.elf.size'
' '
14:19:19 **** Incremental Build of configuration Debug for project MB2 ****
make all 
make: Nothing to be done for `all'.
14:20:06 **** Incremental Build of configuration Debug for project MB2 ****
make all 
make: Nothing to be done for `all'.
14:20:45 **** Incremental Build of configuration Debug for project MB2 ****
make all 
make: Nothing to be done for `all'.
14:21:57 **** Incremental Build of configuration Debug for project MB2 ****
make all 
make: Nothing to be done for `all'.
14:22:16 **** Auto Build of configuration Debug for project MB2 ****
make all 
'Building file: ../src/helloworld.c'
'Invoking: MicroBlaze gcc compiler'
mb-gcc -Wall -O0 -g3 -c -fmessage-length=0 -MT"src/helloworld.o" -I../../MB2_bsp/microblaze_0/include -mlittle-endian -mcpu=v9.5 -mxl-soft-mul -Wl,--no-relax -MMD -MP -MF"src/helloworld.d" -MT"src/helloworld.d" -o "src/helloworld.o" "../src/helloworld.c"
'Finished building: ../src/helloworld.c'
' '
'Building target: MB2.elf'
'Invoking: MicroBlaze gcc linker'
mb-gcc -Wl,-T -Wl,../src/lscript.ld -L../../MB2_bsp/microblaze_0/lib -mlittle-endian -mcpu=v9.5 -mxl-soft-mul -Wl,--no-relax -o "MB2.elf"  ./src/helloworld.o ./src/platform.o   -Wl,--start-group,-lxil,-lgcc,-lc,--end-group
'Finished building target: MB2.elf'
' '
'Invoking: MicroBlaze Print Size'
mb-size MB2.elf  |tee "MB2.elf.size"
   text	   data	    bss	    dec	    hex	filename
   4832	    288	   3152	   8272	   2050	MB2.elf
'Finished building: MB2.elf.size'
' '
14:22:28 **** Incremental Build of configuration Debug for project MB2 ****
make all 
make: Nothing to be done for `all'.
14:23:22 **** Auto Build of configuration Debug for project MB2 ****
make all 
'Building file: ../src/helloworld.c'
'Invoking: MicroBlaze gcc compiler'
mb-gcc -Wall -O0 -g3 -c -fmessage-length=0 -MT"src/helloworld.o" -I../../MB2_bsp/microblaze_0/include -mlittle-endian -mcpu=v9.5 -mxl-soft-mul -Wl,--no-relax -MMD -MP -MF"src/helloworld.d" -MT"src/helloworld.d" -o "src/helloworld.o" "../src/helloworld.c"
'Finished building: ../src/helloworld.c'
' '
'Building target: MB2.elf'
'Invoking: MicroBlaze gcc linker'
mb-gcc -Wl,-T -Wl,../src/lscript.ld -L../../MB2_bsp/microblaze_0/lib -mlittle-endian -mcpu=v9.5 -mxl-soft-mul -Wl,--no-relax -o "MB2.elf"  ./src/helloworld.o ./src/platform.o   -Wl,--start-group,-lxil,-lgcc,-lc,--end-group
'Finished building target: MB2.elf'
' '
'Invoking: MicroBlaze Print Size'
mb-size MB2.elf  |tee "MB2.elf.size"
   text	   data	    bss	    dec	    hex	filename
   5272	    288	   3152	   8712	   2208	MB2.elf
'Finished building: MB2.elf.size'
' '
14:23:26 **** Incremental Build of configuration Debug for project MB2 ****
make all 
make: Nothing to be done for `all'.
14:26:18 **** Incremental Build of configuration Debug for project MB2 ****
make all 
make: Nothing to be done for `all'.
14:28:31 **** Auto Build of configuration Debug for project MB2 ****
make all 
'Building file: ../src/helloworld.c'
'Invoking: MicroBlaze gcc compiler'
mb-gcc -Wall -O0 -g3 -c -fmessage-length=0 -MT"src/helloworld.o" -I../../MB2_bsp/microblaze_0/include -mlittle-endian -mcpu=v9.5 -mxl-soft-mul -Wl,--no-relax -MMD -MP -MF"src/helloworld.d" -MT"src/helloworld.d" -o "src/helloworld.o" "../src/helloworld.c"
'Finished building: ../src/helloworld.c'
' '
'Building target: MB2.elf'
'Invoking: MicroBlaze gcc linker'
mb-gcc -Wl,-T -Wl,../src/lscript.ld -L../../MB2_bsp/microblaze_0/lib -mlittle-endian -mcpu=v9.5 -mxl-soft-mul -Wl,--no-relax -o "MB2.elf"  ./src/helloworld.o ./src/platform.o   -Wl,--start-group,-lxil,-lgcc,-lc,--end-group
'Finished building target: MB2.elf'
' '
'Invoking: MicroBlaze Print Size'
mb-size MB2.elf  |tee "MB2.elf.size"
   text	   data	    bss	    dec	    hex	filename
   4832	    288	   3152	   8272	   2050	MB2.elf
'Finished building: MB2.elf.size'
' '
14:28:34 **** Incremental Build of configuration Debug for project MB2 ****
make all 
make: Nothing to be done for `all'.
14:38:22 **** Auto Build of configuration Debug for project MB2 ****
make all 
'Building file: ../src/helloworld.c'
'Invoking: MicroBlaze gcc compiler'
mb-gcc -Wall -O0 -g3 -c -fmessage-length=0 -MT"src/helloworld.o" -I../../MB2_bsp/microblaze_0/include -mlittle-endian -mcpu=v9.5 -mxl-soft-mul -Wl,--no-relax -MMD -MP -MF"src/helloworld.d" -MT"src/helloworld.d" -o "src/helloworld.o" "../src/helloworld.c"
../src/helloworld.c: In function 'main':
../src/helloworld.c:17:8: warning: unused variable 'c' [-Wunused-variable]
 { char c;
        ^
'Finished building: ../src/helloworld.c'
' '
'Building target: MB2.elf'
'Invoking: MicroBlaze gcc linker'
mb-gcc -Wl,-T -Wl,../src/lscript.ld -L../../MB2_bsp/microblaze_0/lib -mlittle-endian -mcpu=v9.5 -mxl-soft-mul -Wl,--no-relax -o "MB2.elf"  ./src/helloworld.o ./src/platform.o   -Wl,--start-group,-lxil,-lgcc,-lc,--end-group
'Finished building target: MB2.elf'
' '
'Invoking: MicroBlaze Print Size'
mb-size MB2.elf  |tee "MB2.elf.size"
   text	   data	    bss	    dec	    hex	filename
   4612	    288	   3156	   8056	   1f78	MB2.elf
'Finished building: MB2.elf.size'
' '
14:38:30 **** Incremental Build of configuration Debug for project MB2 ****
make all 
make: Nothing to be done for `all'.
14:39:04 **** Auto Build of configuration Debug for project MB2 ****
make all 
'Building file: ../src/helloworld.c'
'Invoking: MicroBlaze gcc compiler'
mb-gcc -Wall -O0 -g3 -c -fmessage-length=0 -MT"src/helloworld.o" -I../../MB2_bsp/microblaze_0/include -mlittle-endian -mcpu=v9.5 -mxl-soft-mul -Wl,--no-relax -MMD -MP -MF"src/helloworld.d" -MT"src/helloworld.d" -o "src/helloworld.o" "../src/helloworld.c"
../src/helloworld.c: In function 'main':
../src/helloworld.c:17:8: warning: unused variable 'c' [-Wunused-variable]
 { char c;
        ^
'Finished building: ../src/helloworld.c'
' '
'Building target: MB2.elf'
'Invoking: MicroBlaze gcc linker'
mb-gcc -Wl,-T -Wl,../src/lscript.ld -L../../MB2_bsp/microblaze_0/lib -mlittle-endian -mcpu=v9.5 -mxl-soft-mul -Wl,--no-relax -o "MB2.elf"  ./src/helloworld.o ./src/platform.o   -Wl,--start-group,-lxil,-lgcc,-lc,--end-group
'Finished building target: MB2.elf'
' '
'Invoking: MicroBlaze Print Size'
mb-size MB2.elf  |tee "MB2.elf.size"
   text	   data	    bss	    dec	    hex	filename
   4664	    288	   3152	   8104	   1fa8	MB2.elf
'Finished building: MB2.elf.size'
' '
14:39:07 **** Incremental Build of configuration Debug for project MB2 ****
make all 
make: Nothing to be done for `all'.
14:39:49 **** Incremental Build of configuration Debug for project MB2 ****
make all 
make: Nothing to be done for `all'.
14:40:17 **** Incremental Build of configuration Debug for project MB2 ****
make all 
make: Nothing to be done for `all'.
14:40:57 **** Incremental Build of configuration Debug for project MB2 ****
make all 
make: Nothing to be done for `all'.
14:42:15 **** Auto Build of configuration Debug for project MB2 ****
make all 
'Building file: ../src/helloworld.c'
'Invoking: MicroBlaze gcc compiler'
mb-gcc -Wall -O0 -g3 -c -fmessage-length=0 -MT"src/helloworld.o" -I../../MB2_bsp/microblaze_0/include -mlittle-endian -mcpu=v9.5 -mxl-soft-mul -Wl,--no-relax -MMD -MP -MF"src/helloworld.d" -MT"src/helloworld.d" -o "src/helloworld.o" "../src/helloworld.c"
../src/helloworld.c: In function 'main':
../src/helloworld.c:17:8: warning: unused variable 'c' [-Wunused-variable]
 { char c;
        ^
'Finished building: ../src/helloworld.c'
' '
'Building target: MB2.elf'
'Invoking: MicroBlaze gcc linker'
mb-gcc -Wl,-T -Wl,../src/lscript.ld -L../../MB2_bsp/microblaze_0/lib -mlittle-endian -mcpu=v9.5 -mxl-soft-mul -Wl,--no-relax -o "MB2.elf"  ./src/helloworld.o ./src/platform.o   -Wl,--start-group,-lxil,-lgcc,-lc,--end-group
'Finished building target: MB2.elf'
' '
'Invoking: MicroBlaze Print Size'
mb-size MB2.elf  |tee "MB2.elf.size"
   text	   data	    bss	    dec	    hex	filename
   4680	    288	   3152	   8120	   1fb8	MB2.elf
'Finished building: MB2.elf.size'
' '
14:42:18 **** Incremental Build of configuration Debug for project MB2 ****
make all 
make: Nothing to be done for `all'.
14:42:26 **** Incremental Build of configuration Debug for project MB2 ****
make all 
make: Nothing to be done for `all'.
14:43:14 **** Auto Build of configuration Debug for project MB2 ****
make all 
'Building file: ../src/helloworld.c'
'Invoking: MicroBlaze gcc compiler'
mb-gcc -Wall -O0 -g3 -c -fmessage-length=0 -MT"src/helloworld.o" -I../../MB2_bsp/microblaze_0/include -mlittle-endian -mcpu=v9.5 -mxl-soft-mul -Wl,--no-relax -MMD -MP -MF"src/helloworld.d" -MT"src/helloworld.d" -o "src/helloworld.o" "../src/helloworld.c"
../src/helloworld.c: In function 'main':
../src/helloworld.c:17:8: warning: unused variable 'c' [-Wunused-variable]
 { char c;
        ^
'Finished building: ../src/helloworld.c'
' '
'Building target: MB2.elf'
'Invoking: MicroBlaze gcc linker'
mb-gcc -Wl,-T -Wl,../src/lscript.ld -L../../MB2_bsp/microblaze_0/lib -mlittle-endian -mcpu=v9.5 -mxl-soft-mul -Wl,--no-relax -o "MB2.elf"  ./src/helloworld.o ./src/platform.o   -Wl,--start-group,-lxil,-lgcc,-lc,--end-group
'Finished building target: MB2.elf'
' '
'Invoking: MicroBlaze Print Size'
mb-size MB2.elf  |tee "MB2.elf.size"
   text	   data	    bss	    dec	    hex	filename
   4680	    288	   3152	   8120	   1fb8	MB2.elf
'Finished building: MB2.elf.size'
' '
14:43:16 **** Incremental Build of configuration Debug for project MB2 ****
make all 
make: Nothing to be done for `all'.
14:43:52 **** Auto Build of configuration Debug for project MB2 ****
make all 
'Building file: ../src/helloworld.c'
'Invoking: MicroBlaze gcc compiler'
mb-gcc -Wall -O0 -g3 -c -fmessage-length=0 -MT"src/helloworld.o" -I../../MB2_bsp/microblaze_0/include -mlittle-endian -mcpu=v9.5 -mxl-soft-mul -Wl,--no-relax -MMD -MP -MF"src/helloworld.d" -MT"src/helloworld.d" -o "src/helloworld.o" "../src/helloworld.c"
../src/helloworld.c: In function 'main':
../src/helloworld.c:17:8: warning: unused variable 'c' [-Wunused-variable]
 { char c;
        ^
'Finished building: ../src/helloworld.c'
' '
'Building target: MB2.elf'
'Invoking: MicroBlaze gcc linker'
mb-gcc -Wl,-T -Wl,../src/lscript.ld -L../../MB2_bsp/microblaze_0/lib -mlittle-endian -mcpu=v9.5 -mxl-soft-mul -Wl,--no-relax -o "MB2.elf"  ./src/helloworld.o ./src/platform.o   -Wl,--start-group,-lxil,-lgcc,-lc,--end-group
'Finished building target: MB2.elf'
' '
'Invoking: MicroBlaze Print Size'
mb-size MB2.elf  |tee "MB2.elf.size"
   text	   data	    bss	    dec	    hex	filename
   4680	    288	   3152	   8120	   1fb8	MB2.elf
'Finished building: MB2.elf.size'
' '
14:43:55 **** Incremental Build of configuration Debug for project MB2 ****
make all 
make: Nothing to be done for `all'.
14:44:00 **** Incremental Build of configuration Debug for project MB2 ****
make all 
make: Nothing to be done for `all'.
14:44:28 **** Incremental Build of configuration Debug for project MB2 ****
make all 
make: Nothing to be done for `all'.
14:44:51 **** Auto Build of configuration Debug for project MB2 ****
make all 
'Building file: ../src/helloworld.c'
'Invoking: MicroBlaze gcc compiler'
mb-gcc -Wall -O0 -g3 -c -fmessage-length=0 -MT"src/helloworld.o" -I../../MB2_bsp/microblaze_0/include -mlittle-endian -mcpu=v9.5 -mxl-soft-mul -Wl,--no-relax -MMD -MP -MF"src/helloworld.d" -MT"src/helloworld.d" -o "src/helloworld.o" "../src/helloworld.c"
../src/helloworld.c: In function 'main':
../src/helloworld.c:17:8: warning: unused variable 'c' [-Wunused-variable]
 { char c;
        ^
'Finished building: ../src/helloworld.c'
' '
'Building target: MB2.elf'
'Invoking: MicroBlaze gcc linker'
mb-gcc -Wl,-T -Wl,../src/lscript.ld -L../../MB2_bsp/microblaze_0/lib -mlittle-endian -mcpu=v9.5 -mxl-soft-mul -Wl,--no-relax -o "MB2.elf"  ./src/helloworld.o ./src/platform.o   -Wl,--start-group,-lxil,-lgcc,-lc,--end-group
'Finished building target: MB2.elf'
' '
'Invoking: MicroBlaze Print Size'
mb-size MB2.elf  |tee "MB2.elf.size"
   text	   data	    bss	    dec	    hex	filename
   4660	    288	   3156	   8104	   1fa8	MB2.elf
'Finished building: MB2.elf.size'
' '
14:44:53 **** Incremental Build of configuration Debug for project MB2 ****
make all 
make: Nothing to be done for `all'.
14:45:14 **** Auto Build of configuration Debug for project MB2 ****
make all 
'Building file: ../src/helloworld.c'
'Invoking: MicroBlaze gcc compiler'
mb-gcc -Wall -O0 -g3 -c -fmessage-length=0 -MT"src/helloworld.o" -I../../MB2_bsp/microblaze_0/include -mlittle-endian -mcpu=v9.5 -mxl-soft-mul -Wl,--no-relax -MMD -MP -MF"src/helloworld.d" -MT"src/helloworld.d" -o "src/helloworld.o" "../src/helloworld.c"
../src/helloworld.c: In function 'main':
../src/helloworld.c:17:8: warning: unused variable 'c' [-Wunused-variable]
 { char c;
        ^
'Finished building: ../src/helloworld.c'
' '
'Building target: MB2.elf'
'Invoking: MicroBlaze gcc linker'
mb-gcc -Wl,-T -Wl,../src/lscript.ld -L../../MB2_bsp/microblaze_0/lib -mlittle-endian -mcpu=v9.5 -mxl-soft-mul -Wl,--no-relax -o "MB2.elf"  ./src/helloworld.o ./src/platform.o   -Wl,--start-group,-lxil,-lgcc,-lc,--end-group
'Finished building target: MB2.elf'
' '
'Invoking: MicroBlaze Print Size'
mb-size MB2.elf  |tee "MB2.elf.size"
   text	   data	    bss	    dec	    hex	filename
   4336	    288	   3152	   7776	   1e60	MB2.elf
'Finished building: MB2.elf.size'
' '
14:45:16 **** Incremental Build of configuration Debug for project MB2 ****
make all 
make: Nothing to be done for `all'.
14:45:29 **** Incremental Build of configuration Debug for project MB2 ****
make all 
make: Nothing to be done for `all'.
14:45:47 **** Auto Build of configuration Debug for project MB2 ****
make all 
'Building file: ../src/helloworld.c'
'Invoking: MicroBlaze gcc compiler'
mb-gcc -Wall -O0 -g3 -c -fmessage-length=0 -MT"src/helloworld.o" -I../../MB2_bsp/microblaze_0/include -mlittle-endian -mcpu=v9.5 -mxl-soft-mul -Wl,--no-relax -MMD -MP -MF"src/helloworld.d" -MT"src/helloworld.d" -o "src/helloworld.o" "../src/helloworld.c"
../src/helloworld.c: In function 'main':
../src/helloworld.c:17:8: warning: unused variable 'c' [-Wunused-variable]
 { char c;
        ^
'Finished building: ../src/helloworld.c'
' '
'Building target: MB2.elf'
'Invoking: MicroBlaze gcc linker'
mb-gcc -Wl,-T -Wl,../src/lscript.ld -L../../MB2_bsp/microblaze_0/lib -mlittle-endian -mcpu=v9.5 -mxl-soft-mul -Wl,--no-relax -o "MB2.elf"  ./src/helloworld.o ./src/platform.o   -Wl,--start-group,-lxil,-lgcc,-lc,--end-group
'Finished building target: MB2.elf'
' '
'Invoking: MicroBlaze Print Size'
mb-size MB2.elf  |tee "MB2.elf.size"
   text	   data	    bss	    dec	    hex	filename
   4660	    288	   3156	   8104	   1fa8	MB2.elf
'Finished building: MB2.elf.size'
' '
14:45:50 **** Incremental Build of configuration Debug for project MB2 ****
make all 
make: Nothing to be done for `all'.
14:46:24 **** Auto Build of configuration Debug for project MB2 ****
make all 
'Building file: ../src/helloworld.c'
'Invoking: MicroBlaze gcc compiler'
mb-gcc -Wall -O0 -g3 -c -fmessage-length=0 -MT"src/helloworld.o" -I../../MB2_bsp/microblaze_0/include -mlittle-endian -mcpu=v9.5 -mxl-soft-mul -Wl,--no-relax -MMD -MP -MF"src/helloworld.d" -MT"src/helloworld.d" -o "src/helloworld.o" "../src/helloworld.c"
../src/helloworld.c: In function 'main':
../src/helloworld.c:17:8: warning: unused variable 'c' [-Wunused-variable]
 { char c;
        ^
'Finished building: ../src/helloworld.c'
' '
'Building target: MB2.elf'
'Invoking: MicroBlaze gcc linker'
mb-gcc -Wl,-T -Wl,../src/lscript.ld -L../../MB2_bsp/microblaze_0/lib -mlittle-endian -mcpu=v9.5 -mxl-soft-mul -Wl,--no-relax -o "MB2.elf"  ./src/helloworld.o ./src/platform.o   -Wl,--start-group,-lxil,-lgcc,-lc,--end-group
'Finished building target: MB2.elf'
' '
'Invoking: MicroBlaze Print Size'
mb-size MB2.elf  |tee "MB2.elf.size"
   text	   data	    bss	    dec	    hex	filename
   4688	    288	   3152	   8128	   1fc0	MB2.elf
'Finished building: MB2.elf.size'
' '
14:46:27 **** Incremental Build of configuration Debug for project MB2 ****
make all 
make: Nothing to be done for `all'.
14:46:32 **** Incremental Build of configuration Debug for project MB2 ****
make all 
make: Nothing to be done for `all'.
14:47:00 **** Incremental Build of configuration Debug for project MB2 ****
make all 
make: Nothing to be done for `all'.
14:47:18 **** Incremental Build of configuration Debug for project MB2 ****
make all 
make: Nothing to be done for `all'.
14:47:45 **** Incremental Build of configuration Debug for project MB2 ****
make all 
make: Nothing to be done for `all'.
14:48:01 **** Incremental Build of configuration Debug for project MB2 ****
make all 
make: Nothing to be done for `all'.
14:48:33 **** Incremental Build of configuration Debug for project MB2 ****
make all 
make: Nothing to be done for `all'.
14:49:01 **** Incremental Build of configuration Debug for project MB2 ****
make all 
make: Nothing to be done for `all'.
14:49:12 **** Incremental Build of configuration Debug for project MB2 ****
make all 
make: Nothing to be done for `all'.
14:50:11 **** Auto Build of configuration Debug for project MB2 ****
make all 
'Building file: ../src/helloworld.c'
'Invoking: MicroBlaze gcc compiler'
mb-gcc -Wall -O0 -g3 -c -fmessage-length=0 -MT"src/helloworld.o" -I../../MB2_bsp/microblaze_0/include -mlittle-endian -mcpu=v9.5 -mxl-soft-mul -Wl,--no-relax -MMD -MP -MF"src/helloworld.d" -MT"src/helloworld.d" -o "src/helloworld.o" "../src/helloworld.c"
../src/helloworld.c: In function 'main':
../src/helloworld.c:17:8: warning: unused variable 'c' [-Wunused-variable]
 { char c;
        ^
'Finished building: ../src/helloworld.c'
' '
'Building target: MB2.elf'
'Invoking: MicroBlaze gcc linker'
mb-gcc -Wl,-T -Wl,../src/lscript.ld -L../../MB2_bsp/microblaze_0/lib -mlittle-endian -mcpu=v9.5 -mxl-soft-mul -Wl,--no-relax -o "MB2.elf"  ./src/helloworld.o ./src/platform.o   -Wl,--start-group,-lxil,-lgcc,-lc,--end-group
'Finished building target: MB2.elf'
' '
'Invoking: MicroBlaze Print Size'
mb-size MB2.elf  |tee "MB2.elf.size"
   text	   data	    bss	    dec	    hex	filename
   4688	    288	   3152	   8128	   1fc0	MB2.elf
'Finished building: MB2.elf.size'
' '
14:50:13 **** Incremental Build of configuration Debug for project MB2 ****
make all 
make: Nothing to be done for `all'.
14:50:50 **** Auto Build of configuration Debug for project MB2 ****
make all 
'Building file: ../src/helloworld.c'
'Invoking: MicroBlaze gcc compiler'
mb-gcc -Wall -O0 -g3 -c -fmessage-length=0 -MT"src/helloworld.o" -I../../MB2_bsp/microblaze_0/include -mlittle-endian -mcpu=v9.5 -mxl-soft-mul -Wl,--no-relax -MMD -MP -MF"src/helloworld.d" -MT"src/helloworld.d" -o "src/helloworld.o" "../src/helloworld.c"
../src/helloworld.c: In function 'main':
../src/helloworld.c:17:8: warning: unused variable 'c' [-Wunused-variable]
 { char c;
        ^
'Finished building: ../src/helloworld.c'
' '
'Building target: MB2.elf'
'Invoking: MicroBlaze gcc linker'
mb-gcc -Wl,-T -Wl,../src/lscript.ld -L../../MB2_bsp/microblaze_0/lib -mlittle-endian -mcpu=v9.5 -mxl-soft-mul -Wl,--no-relax -o "MB2.elf"  ./src/helloworld.o ./src/platform.o   -Wl,--start-group,-lxil,-lgcc,-lc,--end-group
'Finished building target: MB2.elf'
' '
'Invoking: MicroBlaze Print Size'
mb-size MB2.elf  |tee "MB2.elf.size"
   text	   data	    bss	    dec	    hex	filename
   4688	    288	   3152	   8128	   1fc0	MB2.elf
'Finished building: MB2.elf.size'
' '
14:50:52 **** Incremental Build of configuration Debug for project MB2 ****
make all 
make: Nothing to be done for `all'.
14:51:20 **** Incremental Build of configuration Debug for project MB2 ****
make all 
make: Nothing to be done for `all'.
14:52:06 **** Auto Build of configuration Debug for project MB2 ****
make all 
'Building file: ../src/helloworld.c'
'Invoking: MicroBlaze gcc compiler'
mb-gcc -Wall -O0 -g3 -c -fmessage-length=0 -MT"src/helloworld.o" -I../../MB2_bsp/microblaze_0/include -mlittle-endian -mcpu=v9.5 -mxl-soft-mul -Wl,--no-relax -MMD -MP -MF"src/helloworld.d" -MT"src/helloworld.d" -o "src/helloworld.o" "../src/helloworld.c"
../src/helloworld.c: In function 'main':
../src/helloworld.c:17:8: warning: unused variable 'c' [-Wunused-variable]
 { char c;
        ^
'Finished building: ../src/helloworld.c'
' '
'Building target: MB2.elf'
'Invoking: MicroBlaze gcc linker'
mb-gcc -Wl,-T -Wl,../src/lscript.ld -L../../MB2_bsp/microblaze_0/lib -mlittle-endian -mcpu=v9.5 -mxl-soft-mul -Wl,--no-relax -o "MB2.elf"  ./src/helloworld.o ./src/platform.o   -Wl,--start-group,-lxil,-lgcc,-lc,--end-group
'Finished building target: MB2.elf'
' '
'Invoking: MicroBlaze Print Size'
mb-size MB2.elf  |tee "MB2.elf.size"
   text	   data	    bss	    dec	    hex	filename
   4688	    288	   3152	   8128	   1fc0	MB2.elf
'Finished building: MB2.elf.size'
' '
14:52:08 **** Incremental Build of configuration Debug for project MB2 ****
make all 
make: Nothing to be done for `all'.
14:52:32 **** Incremental Build of configuration Debug for project MB2 ****
make all 
make: Nothing to be done for `all'.
