10:40:21 **** Clean-only build of configuration Debug for project MB3_software ****
make clean 
rm -rf  ./src/helloworld.o ./src/platform.o  ./src/helloworld.d ./src/platform.d  MB3_software.elf.size  MB3_software.elf
 
10:40:21 **** Clean-only build of project MB3_software_bsp ****
make -k clean 
rm -f microblaze_0/lib/libxil.a
10:40:21 **** Build of project MB3_software_bsp ****
make -k all 
Running Make include in microblaze_0/libsrc/bram_v4_0/src
make -C microblaze_0/libsrc/bram_v4_0/src -s include  "SHELL=/bin/sh" "COMPILER=mb-gcc" "ARCHIVER=mb-ar" "COMPILER_FLAGS= -O2 -c -mcpu=v9.5 -mlittle-endian -mxl-soft-mul" "EXTRA_COMPILER_FLAGS=-g"
Running Make include in microblaze_0/libsrc/cpu_v2_3/src
make -C microblaze_0/libsrc/cpu_v2_3/src -s include  "SHELL=/bin/sh" "COMPILER=mb-gcc" "ARCHIVER=mb-ar" "COMPILER_FLAGS= -O2 -c -mcpu=v9.5 -mlittle-endian -mxl-soft-mul" "EXTRA_COMPILER_FLAGS=-g"
Running Make include in microblaze_0/libsrc/gpio_v4_0/src
make -C microblaze_0/libsrc/gpio_v4_0/src -s include  "SHELL=/bin/sh" "COMPILER=mb-gcc" "ARCHIVER=mb-ar" "COMPILER_FLAGS= -O2 -c -mcpu=v9.5 -mlittle-endian -mxl-soft-mul" "EXTRA_COMPILER_FLAGS=-g"
Running Make include in microblaze_0/libsrc/standalone_v5_3/src
make -C microblaze_0/libsrc/standalone_v5_3/src -s include  "SHELL=/bin/sh" "COMPILER=mb-gcc" "ARCHIVER=mb-ar" "COMPILER_FLAGS= -O2 -c -mcpu=v9.5 -mlittle-endian -mxl-soft-mul" "EXTRA_COMPILER_FLAGS=-g"
Running Make include in microblaze_0/libsrc/uartlite_v3_1/src
make -C microblaze_0/libsrc/uartlite_v3_1/src -s include  "SHELL=/bin/sh" "COMPILER=mb-gcc" "ARCHIVER=mb-ar" "COMPILER_FLAGS= -O2 -c -mcpu=v9.5 -mlittle-endian -mxl-soft-mul" "EXTRA_COMPILER_FLAGS=-g"
Running Make libs in microblaze_0/libsrc/bram_v4_0/src
make -C microblaze_0/libsrc/bram_v4_0/src -s libs  "SHELL=/bin/sh" "COMPILER=mb-gcc" "ARCHIVER=mb-ar" "COMPILER_FLAGS= -O2 -c -mcpu=v9.5 -mlittle-endian -mxl-soft-mul" "EXTRA_COMPILER_FLAGS=-g"
Compiling bram
mb-ar: creating ../../../lib/libxil.a
Running Make libs in microblaze_0/libsrc/cpu_v2_3/src
make -C microblaze_0/libsrc/cpu_v2_3/src -s libs  "SHELL=/bin/sh" "COMPILER=mb-gcc" "ARCHIVER=mb-ar" "COMPILER_FLAGS= -O2 -c -mcpu=v9.5 -mlittle-endian -mxl-soft-mul" "EXTRA_COMPILER_FLAGS=-g"
Compiling cpu
Running Make libs in microblaze_0/libsrc/gpio_v4_0/src
make -C microblaze_0/libsrc/gpio_v4_0/src -s libs  "SHELL=/bin/sh" "COMPILER=mb-gcc" "ARCHIVER=mb-ar" "COMPILER_FLAGS= -O2 -c -mcpu=v9.5 -mlittle-endian -mxl-soft-mul" "EXTRA_COMPILER_FLAGS=-g"
Compiling gpio
Running Make libs in microblaze_0/libsrc/standalone_v5_3/src
make -C microblaze_0/libsrc/standalone_v5_3/src -s libs  "SHELL=/bin/sh" "COMPILER=mb-gcc" "ARCHIVER=mb-ar" "COMPILER_FLAGS= -O2 -c -mcpu=v9.5 -mlittle-endian -mxl-soft-mul" "EXTRA_COMPILER_FLAGS=-g"
Compiling standalone
Running Make libs in microblaze_0/libsrc/uartlite_v3_1/src
make -C microblaze_0/libsrc/uartlite_v3_1/src -s libs  "SHELL=/bin/sh" "COMPILER=mb-gcc" "ARCHIVER=mb-ar" "COMPILER_FLAGS= -O2 -c -mcpu=v9.5 -mlittle-endian -mxl-soft-mul" "EXTRA_COMPILER_FLAGS=-g"
Compiling uartlite
Finished building libraries
10:40:26 **** Build of configuration Debug for project MB3_software ****
make all 
make: Warning: File `objects.mk' has modification time 0.83 s in the future
Building file: ../src/helloworld.c
Invoking: MicroBlaze gcc compiler
mb-gcc -Wall -O0 -g3 -c -fmessage-length=0 -MT"src/helloworld.o" -I../../MB3_software_bsp/microblaze_0/include -mlittle-endian -mcpu=v9.5 -mxl-soft-mul -Wl,--no-relax -MMD -MP -MF"src/helloworld.d" -MT"src/helloworld.o" -o "src/helloworld.o" "../src/helloworld.c"
In file included from ../../MB3_software_bsp/microblaze_0/include/xil_io.h:70:0,
                 from ../../MB3_software_bsp/microblaze_0/include/xgpio_l.h:86,
                 from ../../MB3_software_bsp/microblaze_0/include/xgpio.h:121,
                 from ../src/helloworld.c:4:
../../MB3_software_bsp/microblaze_0/include/xil_printf.h:42:6: error: conflicting types for 'print'
 void print(char *ptr);
      ^
In file included from /opt/Xilinx/SDK/2016.1/gnu/microblaze/lin/microblaze-xilinx-elf/include/stdio.h:29:0,
                 from ../src/helloworld.c:1:
/opt/Xilinx/SDK/2016.1/gnu/microblaze/lin/microblaze-xilinx-elf/include/stdio.h:223:9: note: previous declaration of 'print' was here
 void    _EXFUN(print, (const char* ));
         ^
make: *** [src/helloworld.o] Error 1
10:41:57 **** Auto Build of configuration Debug for project MB3_software ****
make all 
make: Warning: File `src/subdir.mk' has modification time 0.25 s in the future
Building file: ../src/helloworld.c
Invoking: MicroBlaze gcc compiler
mb-gcc -Wall -O0 -g3 -c -fmessage-length=0 -MT"src/helloworld.o" -I../../MB3_software_bsp/microblaze_0/include -mlittle-endian -mcpu=v9.5 -mxl-soft-mul -Wl,--no-relax -MMD -MP -MF"src/helloworld.d" -MT"src/helloworld.o" -o "src/helloworld.o" "../src/helloworld.c"
Finished building: ../src/helloworld.c
 
Building file: ../src/platform.c
Invoking: MicroBlaze gcc compiler
mb-gcc -Wall -O0 -g3 -c -fmessage-length=0 -MT"src/platform.o" -I../../MB3_software_bsp/microblaze_0/include -mlittle-endian -mcpu=v9.5 -mxl-soft-mul -Wl,--no-relax -MMD -MP -MF"src/platform.d" -MT"src/platform.o" -o "src/platform.o" "../src/platform.c"
Finished building: ../src/platform.c
 
Building target: MB3_software.elf
Invoking: MicroBlaze gcc linker
mb-gcc -Wl,-T -Wl,../src/lscript.ld -L../../MB3_software_bsp/microblaze_0/lib -mlittle-endian -mcpu=v9.5 -mxl-soft-mul -Wl,--no-relax -o "MB3_software.elf"  ./src/helloworld.o ./src/platform.o   -Wl,--start-group,-lxil,-lgcc,-lc,--end-group
Finished building target: MB3_software.elf
 
Invoking: MicroBlaze Print Size
mb-size MB3_software.elf  |tee "MB3_software.elf.size"
   text	   data	    bss	    dec	    hex	filename
   4676	    288	   3156	   8120	   1fb8	MB3_software.elf
Finished building: MB3_software.elf.size
 
make: warning:  Clock skew detected.  Your build may be incomplete.
10:42:53 **** Incremental Build of configuration Debug for project MB3_software ****
make all 
make: Warning: File `src/subdir.mk' has modification time 0.1 s in the future
Building target: MB3_software.elf
Invoking: MicroBlaze gcc linker
mb-gcc -Wl,-T -Wl,../src/lscript.ld -L../../MB3_software_bsp/microblaze_0/lib -mlittle-endian -mcpu=v9.5 -mxl-soft-mul -Wl,--no-relax -o "MB3_software.elf"  ./src/helloworld.o ./src/platform.o   -Wl,--start-group,-lxil,-lgcc,-lc,--end-group
Finished building target: MB3_software.elf
 
Invoking: MicroBlaze Print Size
mb-size MB3_software.elf  |tee "MB3_software.elf.size"
   text	   data	    bss	    dec	    hex	filename
   4676	    288	   3156	   8120	   1fb8	MB3_software.elf
Finished building: MB3_software.elf.size
 
make: warning:  Clock skew detected.  Your build may be incomplete.
10:43:16 **** Incremental Build of configuration Debug for project MB3_software ****
make all 
make: Warning: File `src/subdir.mk' has modification time 0.16 s in the future
Invoking: MicroBlaze Print Size
mb-size MB3_software.elf  |tee "MB3_software.elf.size"
   text	   data	    bss	    dec	    hex	filename
   4676	    288	   3156	   8120	   1fb8	MB3_software.elf
Finished building: MB3_software.elf.size
 
make: warning:  Clock skew detected.  Your build may be incomplete.
10:44:10 **** Incremental Build of configuration Debug for project MB3_software ****
make all 
make: Warning: File `src/subdir.mk' has modification time 0.63 s in the future
make: Nothing to be done for `all'.
make: warning:  Clock skew detected.  Your build may be incomplete.
10:47:44 **** Incremental Build of configuration Debug for project MB3_software ****
make all 
make: Warning: File `src/subdir.mk' has modification time 0.71 s in the future
make: Nothing to be done for `all'.
make: warning:  Clock skew detected.  Your build may be incomplete.
10:50:48 **** Auto Build of configuration Debug for project MB3_software ****
make all 
make: Warning: File `src/subdir.mk' has modification time 0.21 s in the future
Building file: ../src/helloworld.c
Invoking: MicroBlaze gcc compiler
mb-gcc -Wall -O0 -g3 -c -fmessage-length=0 -MT"src/helloworld.o" -I../../MB3_software_bsp/microblaze_0/include -mlittle-endian -mcpu=v9.5 -mxl-soft-mul -Wl,--no-relax -MMD -MP -MF"src/helloworld.d" -MT"src/helloworld.o" -o "src/helloworld.o" "../src/helloworld.c"
Finished building: ../src/helloworld.c
 
Building target: MB3_software.elf
Invoking: MicroBlaze gcc linker
mb-gcc -Wl,-T -Wl,../src/lscript.ld -L../../MB3_software_bsp/microblaze_0/lib -mlittle-endian -mcpu=v9.5 -mxl-soft-mul -Wl,--no-relax -o "MB3_software.elf"  ./src/helloworld.o ./src/platform.o   -Wl,--start-group,-lxil,-lgcc,-lc,--end-group
Finished building target: MB3_software.elf
 
Invoking: MicroBlaze Print Size
mb-size MB3_software.elf  |tee "MB3_software.elf.size"
   text	   data	    bss	    dec	    hex	filename
   4672	    288	   3152	   8112	   1fb0	MB3_software.elf
Finished building: MB3_software.elf.size
 
make: warning:  Clock skew detected.  Your build may be incomplete.
10:50:52 **** Auto Build of configuration Debug for project MB3_software ****
make all 
make: Warning: File `src/subdir.mk' has modification time 0.7 s in the future
Building file: ../src/helloworld.c
Invoking: MicroBlaze gcc compiler
mb-gcc -Wall -O0 -g3 -c -fmessage-length=0 -MT"src/helloworld.o" -I../../MB3_software_bsp/microblaze_0/include -mlittle-endian -mcpu=v9.5 -mxl-soft-mul -Wl,--no-relax -MMD -MP -MF"src/helloworld.d" -MT"src/helloworld.o" -o "src/helloworld.o" "../src/helloworld.c"
Finished building: ../src/helloworld.c
 
Building target: MB3_software.elf
Invoking: MicroBlaze gcc linker
mb-gcc -Wl,-T -Wl,../src/lscript.ld -L../../MB3_software_bsp/microblaze_0/lib -mlittle-endian -mcpu=v9.5 -mxl-soft-mul -Wl,--no-relax -o "MB3_software.elf"  ./src/helloworld.o ./src/platform.o   -Wl,--start-group,-lxil,-lgcc,-lc,--end-group
Finished building target: MB3_software.elf
 
Invoking: MicroBlaze Print Size
mb-size MB3_software.elf  |tee "MB3_software.elf.size"
   text	   data	    bss	    dec	    hex	filename
   4672	    288	   3152	   8112	   1fb0	MB3_software.elf
Finished building: MB3_software.elf.size
 
make: warning:  Clock skew detected.  Your build may be incomplete.
10:51:22 **** Auto Build of configuration Debug for project MB3_software ****
make all 
make: Warning: File `src/subdir.mk' has modification time 0.82 s in the future
Building file: ../src/helloworld.c
Invoking: MicroBlaze gcc compiler
mb-gcc -Wall -O0 -g3 -c -fmessage-length=0 -MT"src/helloworld.o" -I../../MB3_software_bsp/microblaze_0/include -mlittle-endian -mcpu=v9.5 -mxl-soft-mul -Wl,--no-relax -MMD -MP -MF"src/helloworld.d" -MT"src/helloworld.o" -o "src/helloworld.o" "../src/helloworld.c"
Finished building: ../src/helloworld.c
 
Building target: MB3_software.elf
Invoking: MicroBlaze gcc linker
mb-gcc -Wl,-T -Wl,../src/lscript.ld -L../../MB3_software_bsp/microblaze_0/lib -mlittle-endian -mcpu=v9.5 -mxl-soft-mul -Wl,--no-relax -o "MB3_software.elf"  ./src/helloworld.o ./src/platform.o   -Wl,--start-group,-lxil,-lgcc,-lc,--end-group
Finished building target: MB3_software.elf
 
Invoking: MicroBlaze Print Size
mb-size MB3_software.elf  |tee "MB3_software.elf.size"
   text	   data	    bss	    dec	    hex	filename
   4672	    288	   3152	   8112	   1fb0	MB3_software.elf
Finished building: MB3_software.elf.size
 
make: warning:  Clock skew detected.  Your build may be incomplete.
10:51:29 **** Incremental Build of configuration Debug for project MB3_software ****
make all 
make: Warning: File `src/subdir.mk' has modification time 0.82 s in the future
Invoking: MicroBlaze Print Size
mb-size MB3_software.elf  |tee "MB3_software.elf.size"
   text	   data	    bss	    dec	    hex	filename
   4672	    288	   3152	   8112	   1fb0	MB3_software.elf
Finished building: MB3_software.elf.size
 
make: warning:  Clock skew detected.  Your build may be incomplete.
10:54:46 **** Incremental Build of configuration Debug for project MB3_software ****
make all 
make: Warning: File `src/subdir.mk' has modification time 0.45 s in the future
make: warning:  Clock skew detected.  Your build may be incomplete.
make: Nothing to be done for `all'.
10:56:09 **** Auto Build of configuration Debug for project MB3_software ****
make all 
make: Warning: File `src/subdir.mk' has modification time 0.62 s in the future
Building file: ../src/helloworld.c
Invoking: MicroBlaze gcc compiler
mb-gcc -Wall -O0 -g3 -c -fmessage-length=0 -MT"src/helloworld.o" -I../../MB3_software_bsp/microblaze_0/include -mlittle-endian -mcpu=v9.5 -mxl-soft-mul -Wl,--no-relax -MMD -MP -MF"src/helloworld.d" -MT"src/helloworld.o" -o "src/helloworld.o" "../src/helloworld.c"
Finished building: ../src/helloworld.c
 
Building target: MB3_software.elf
Invoking: MicroBlaze gcc linker
mb-gcc -Wl,-T -Wl,../src/lscript.ld -L../../MB3_software_bsp/microblaze_0/lib -mlittle-endian -mcpu=v9.5 -mxl-soft-mul -Wl,--no-relax -o "MB3_software.elf"  ./src/helloworld.o ./src/platform.o   -Wl,--start-group,-lxil,-lgcc,-lc,--end-group
Finished building target: MB3_software.elf
 
Invoking: MicroBlaze Print Size
mb-size MB3_software.elf  |tee "MB3_software.elf.size"
   text	   data	    bss	    dec	    hex	filename
   4672	    288	   3152	   8112	   1fb0	MB3_software.elf
Finished building: MB3_software.elf.size
 
make: warning:  Clock skew detected.  Your build may be incomplete.
10:56:16 **** Auto Build of configuration Debug for project MB3_software ****
make all 
make: Warning: File `src/subdir.mk' has modification time 0.82 s in the future
Building file: ../src/helloworld.c
Invoking: MicroBlaze gcc compiler
mb-gcc -Wall -O0 -g3 -c -fmessage-length=0 -MT"src/helloworld.o" -I../../MB3_software_bsp/microblaze_0/include -mlittle-endian -mcpu=v9.5 -mxl-soft-mul -Wl,--no-relax -MMD -MP -MF"src/helloworld.d" -MT"src/helloworld.o" -o "src/helloworld.o" "../src/helloworld.c"
Finished building: ../src/helloworld.c
 
Building target: MB3_software.elf
Invoking: MicroBlaze gcc linker
mb-gcc -Wl,-T -Wl,../src/lscript.ld -L../../MB3_software_bsp/microblaze_0/lib -mlittle-endian -mcpu=v9.5 -mxl-soft-mul -Wl,--no-relax -o "MB3_software.elf"  ./src/helloworld.o ./src/platform.o   -Wl,--start-group,-lxil,-lgcc,-lc,--end-group
Finished building target: MB3_software.elf
 
Invoking: MicroBlaze Print Size
mb-size MB3_software.elf  |tee "MB3_software.elf.size"
   text	   data	    bss	    dec	    hex	filename
   4672	    288	   3152	   8112	   1fb0	MB3_software.elf
Finished building: MB3_software.elf.size
 
make: warning:  Clock skew detected.  Your build may be incomplete.
10:58:00 **** Auto Build of configuration Debug for project MB3_software ****
make all 
make: Warning: File `src/subdir.mk' has modification time 0.51 s in the future
Building file: ../src/helloworld.c
Invoking: MicroBlaze gcc compiler
mb-gcc -Wall -O0 -g3 -c -fmessage-length=0 -MT"src/helloworld.o" -I../../MB3_software_bsp/microblaze_0/include -mlittle-endian -mcpu=v9.5 -mxl-soft-mul -Wl,--no-relax -MMD -MP -MF"src/helloworld.d" -MT"src/helloworld.o" -o "src/helloworld.o" "../src/helloworld.c"
Finished building: ../src/helloworld.c
 
Building target: MB3_software.elf
Invoking: MicroBlaze gcc linker
mb-gcc -Wl,-T -Wl,../src/lscript.ld -L../../MB3_software_bsp/microblaze_0/lib -mlittle-endian -mcpu=v9.5 -mxl-soft-mul -Wl,--no-relax -o "MB3_software.elf"  ./src/helloworld.o ./src/platform.o   -Wl,--start-group,-lxil,-lgcc,-lc,--end-group
Finished building target: MB3_software.elf
 
Invoking: MicroBlaze Print Size
mb-size MB3_software.elf  |tee "MB3_software.elf.size"
   text	   data	    bss	    dec	    hex	filename
   4672	    288	   3152	   8112	   1fb0	MB3_software.elf
Finished building: MB3_software.elf.size
 
make: warning:  Clock skew detected.  Your build may be incomplete.
10:58:04 **** Auto Build of configuration Debug for project MB3_software ****
make all 
make: Warning: File `src/subdir.mk' has modification time 0.96 s in the future
Building file: ../src/helloworld.c
Invoking: MicroBlaze gcc compiler
mb-gcc -Wall -O0 -g3 -c -fmessage-length=0 -MT"src/helloworld.o" -I../../MB3_software_bsp/microblaze_0/include -mlittle-endian -mcpu=v9.5 -mxl-soft-mul -Wl,--no-relax -MMD -MP -MF"src/helloworld.d" -MT"src/helloworld.o" -o "src/helloworld.o" "../src/helloworld.c"
Finished building: ../src/helloworld.c
 
Building target: MB3_software.elf
Invoking: MicroBlaze gcc linker
mb-gcc -Wl,-T -Wl,../src/lscript.ld -L../../MB3_software_bsp/microblaze_0/lib -mlittle-endian -mcpu=v9.5 -mxl-soft-mul -Wl,--no-relax -o "MB3_software.elf"  ./src/helloworld.o ./src/platform.o   -Wl,--start-group,-lxil,-lgcc,-lc,--end-group
Finished building target: MB3_software.elf
 
Invoking: MicroBlaze Print Size
mb-size MB3_software.elf  |tee "MB3_software.elf.size"
   text	   data	    bss	    dec	    hex	filename
   4672	    288	   3152	   8112	   1fb0	MB3_software.elf
Finished building: MB3_software.elf.size
 
make: warning:  Clock skew detected.  Your build may be incomplete.
11:05:53 **** Auto Build of configuration Debug for project MB3_software ****
make all 
make: Warning: File `src/subdir.mk' has modification time 0.42 s in the future
Building file: ../src/helloworld.c
Invoking: MicroBlaze gcc compiler
mb-gcc -Wall -O0 -g3 -c -fmessage-length=0 -MT"src/helloworld.o" -I../../MB3_software_bsp/microblaze_0/include -mlittle-endian -mcpu=v9.5 -mxl-soft-mul -Wl,--no-relax -MMD -MP -MF"src/helloworld.d" -MT"src/helloworld.o" -o "src/helloworld.o" "../src/helloworld.c"
Finished building: ../src/helloworld.c
 
Building target: MB3_software.elf
Invoking: MicroBlaze gcc linker
mb-gcc -Wl,-T -Wl,../src/lscript.ld -L../../MB3_software_bsp/microblaze_0/lib -mlittle-endian -mcpu=v9.5 -mxl-soft-mul -Wl,--no-relax -o "MB3_software.elf"  ./src/helloworld.o ./src/platform.o   -Wl,--start-group,-lxil,-lgcc,-lc,--end-group
Finished building target: MB3_software.elf
 
Invoking: MicroBlaze Print Size
mb-size MB3_software.elf  |tee "MB3_software.elf.size"
   text	   data	    bss	    dec	    hex	filename
   4664	    288	   3152	   8104	   1fa8	MB3_software.elf
Finished building: MB3_software.elf.size
 
make: warning:  Clock skew detected.  Your build may be incomplete.
11:06:02 **** Incremental Build of configuration Debug for project MB3_software ****
make all 
make: Warning: File `src/subdir.mk' has modification time 0.11 s in the future
Invoking: MicroBlaze Print Size
mb-size MB3_software.elf  |tee "MB3_software.elf.size"
   text	   data	    bss	    dec	    hex	filename
   4664	    288	   3152	   8104	   1fa8	MB3_software.elf
Finished building: MB3_software.elf.size
 
make: warning:  Clock skew detected.  Your build may be incomplete.
11:06:48 **** Auto Build of configuration Debug for project MB3_software ****
make all 
make: Warning: File `src/subdir.mk' has modification time 0.29 s in the future
Building file: ../src/helloworld.c
Invoking: MicroBlaze gcc compiler
mb-gcc -Wall -O0 -g3 -c -fmessage-length=0 -MT"src/helloworld.o" -I../../MB3_software_bsp/microblaze_0/include -mlittle-endian -mcpu=v9.5 -mxl-soft-mul -Wl,--no-relax -MMD -MP -MF"src/helloworld.d" -MT"src/helloworld.o" -o "src/helloworld.o" "../src/helloworld.c"
Finished building: ../src/helloworld.c
 
Building target: MB3_software.elf
Invoking: MicroBlaze gcc linker
mb-gcc -Wl,-T -Wl,../src/lscript.ld -L../../MB3_software_bsp/microblaze_0/lib -mlittle-endian -mcpu=v9.5 -mxl-soft-mul -Wl,--no-relax -o "MB3_software.elf"  ./src/helloworld.o ./src/platform.o   -Wl,--start-group,-lxil,-lgcc,-lc,--end-group
Finished building target: MB3_software.elf
 
Invoking: MicroBlaze Print Size
mb-size MB3_software.elf  |tee "MB3_software.elf.size"
   text	   data	    bss	    dec	    hex	filename
   4672	    288	   3152	   8112	   1fb0	MB3_software.elf
Finished building: MB3_software.elf.size
 
make: warning:  Clock skew detected.  Your build may be incomplete.
11:06:49 **** Incremental Build of configuration Debug for project MB3_software ****
make all 
make: Warning: File `src/helloworld.d' has modification time 0.018 s in the future
Building target: MB3_software.elf
Invoking: MicroBlaze gcc linker
mb-gcc -Wl,-T -Wl,../src/lscript.ld -L../../MB3_software_bsp/microblaze_0/lib -mlittle-endian -mcpu=v9.5 -mxl-soft-mul -Wl,--no-relax -o "MB3_software.elf"  ./src/helloworld.o ./src/platform.o   -Wl,--start-group,-lxil,-lgcc,-lc,--end-group
Finished building target: MB3_software.elf
 
Invoking: MicroBlaze Print Size
mb-size MB3_software.elf  |tee "MB3_software.elf.size"
   text	   data	    bss	    dec	    hex	filename
   4672	    288	   3152	   8112	   1fb0	MB3_software.elf
Finished building: MB3_software.elf.size
 
make: warning:  Clock skew detected.  Your build may be incomplete.
11:08:27 **** Incremental Build of configuration Debug for project MB3_software ****
make all 
make: Warning: File `src/subdir.mk' has modification time 0.43 s in the future
Invoking: MicroBlaze Print Size
mb-size MB3_software.elf  |tee "MB3_software.elf.size"
   text	   data	    bss	    dec	    hex	filename
   4672	    288	   3152	   8112	   1fb0	MB3_software.elf
Finished building: MB3_software.elf.size
 
make: warning:  Clock skew detected.  Your build may be incomplete.
11:10:07 **** Incremental Build of configuration Debug for project MB3_software ****
make all 
make: Warning: File `src/subdir.mk' has modification time 0.39 s in the future
make: Nothing to be done for `all'.
make: warning:  Clock skew detected.  Your build may be incomplete.
11:12:35 **** Incremental Build of configuration Debug for project MB3_software ****
make all 
make: Warning: File `src/subdir.mk' has modification time 0.086 s in the future
make: warning:  Clock skew detected.  Your build may be incomplete.
make: Nothing to be done for `all'.
11:15:23 **** Incremental Build of configuration Debug for project MB3_software ****
make all 
make: Warning: File `src/subdir.mk' has modification time 0.082 s in the future
make: warning:  Clock skew detected.  Your build may be incomplete.
make: Nothing to be done for `all'.
11:17:27 **** Auto Build of configuration Debug for project MB3_software ****
make all 
make: Warning: File `src/subdir.mk' has modification time 0.13 s in the future
Building file: ../src/helloworld.c
Invoking: MicroBlaze gcc compiler
mb-gcc -Wall -O0 -g3 -c -fmessage-length=0 -MT"src/helloworld.o" -I../../MB3_software_bsp/microblaze_0/include -mlittle-endian -mcpu=v9.5 -mxl-soft-mul -Wl,--no-relax -MMD -MP -MF"src/helloworld.d" -MT"src/helloworld.o" -o "src/helloworld.o" "../src/helloworld.c"
Finished building: ../src/helloworld.c
 
Building target: MB3_software.elf
Invoking: MicroBlaze gcc linker
mb-gcc -Wl,-T -Wl,../src/lscript.ld -L../../MB3_software_bsp/microblaze_0/lib -mlittle-endian -mcpu=v9.5 -mxl-soft-mul -Wl,--no-relax -o "MB3_software.elf"  ./src/helloworld.o ./src/platform.o   -Wl,--start-group,-lxil,-lgcc,-lc,--end-group
Finished building target: MB3_software.elf
 
Invoking: MicroBlaze Print Size
mb-size MB3_software.elf  |tee "MB3_software.elf.size"
   text	   data	    bss	    dec	    hex	filename
   4668	    288	   3156	   8112	   1fb0	MB3_software.elf
Finished building: MB3_software.elf.size
 
make: warning:  Clock skew detected.  Your build may be incomplete.
11:17:33 **** Incremental Build of configuration Debug for project MB3_software ****
make all 
make: Warning: File `src/subdir.mk' has modification time 0.15 s in the future
Invoking: MicroBlaze Print Size
mb-size MB3_software.elf  |tee "MB3_software.elf.size"
   text	   data	    bss	    dec	    hex	filename
   4668	    288	   3156	   8112	   1fb0	MB3_software.elf
Finished building: MB3_software.elf.size
 
make: warning:  Clock skew detected.  Your build may be incomplete.
11:19:19 **** Incremental Build of configuration Debug for project MB3_software ****
make all 
make: Warning: File `src/subdir.mk' has modification time 0.37 s in the future
make: warning:  Clock skew detected.  Your build may be incomplete.
make: Nothing to be done for `all'.
11:27:24 **** Auto Build of configuration Debug for project MB3_software ****
make all 
make: Warning: File `src/subdir.mk' has modification time 0.29 s in the future
Building file: ../src/helloworld.c
Invoking: MicroBlaze gcc compiler
mb-gcc -Wall -O0 -g3 -c -fmessage-length=0 -MT"src/helloworld.o" -I../../MB3_software_bsp/microblaze_0/include -mlittle-endian -mcpu=v9.5 -mxl-soft-mul -Wl,--no-relax -MMD -MP -MF"src/helloworld.d" -MT"src/helloworld.o" -o "src/helloworld.o" "../src/helloworld.c"
../src/helloworld.c: In function 'main':
../src/helloworld.c:27:9: warning: unused variable 'casted' [-Wunused-variable]
     int casted;
         ^
Finished building: ../src/helloworld.c
 
Building target: MB3_software.elf
Invoking: MicroBlaze gcc linker
mb-gcc -Wl,-T -Wl,../src/lscript.ld -L../../MB3_software_bsp/microblaze_0/lib -mlittle-endian -mcpu=v9.5 -mxl-soft-mul -Wl,--no-relax -o "MB3_software.elf"  ./src/helloworld.o ./src/platform.o   -Wl,--start-group,-lxil,-lgcc,-lc,--end-group
Finished building target: MB3_software.elf
 
Invoking: MicroBlaze Print Size
mb-size MB3_software.elf  |tee "MB3_software.elf.size"
   text	   data	    bss	    dec	    hex	filename
   4664	    288	   3152	   8104	   1fa8	MB3_software.elf
Finished building: MB3_software.elf.size
 
make: warning:  Clock skew detected.  Your build may be incomplete.
11:27:32 **** Auto Build of configuration Debug for project MB3_software ****
make all 
make: Warning: File `src/subdir.mk' has modification time 0.35 s in the future
Building file: ../src/helloworld.c
Invoking: MicroBlaze gcc compiler
mb-gcc -Wall -O0 -g3 -c -fmessage-length=0 -MT"src/helloworld.o" -I../../MB3_software_bsp/microblaze_0/include -mlittle-endian -mcpu=v9.5 -mxl-soft-mul -Wl,--no-relax -MMD -MP -MF"src/helloworld.d" -MT"src/helloworld.o" -o "src/helloworld.o" "../src/helloworld.c"
../src/helloworld.c: In function 'main':
../src/helloworld.c:27:9: warning: unused variable 'casted' [-Wunused-variable]
     int casted;
         ^
../src/helloworld.c:39:3: warning: 'input' is used uninitialized in this function [-Wuninitialized]
   XGpio_DiscreteWrite(&GPIO_0, 1, input); //Write the led value
   ^
Finished building: ../src/helloworld.c
 
Building target: MB3_software.elf
Invoking: MicroBlaze gcc linker
mb-gcc -Wl,-T -Wl,../src/lscript.ld -L../../MB3_software_bsp/microblaze_0/lib -mlittle-endian -mcpu=v9.5 -mxl-soft-mul -Wl,--no-relax -o "MB3_software.elf"  ./src/helloworld.o ./src/platform.o   -Wl,--start-group,-lxil,-lgcc,-lc,--end-group
Finished building target: MB3_software.elf
 
Invoking: MicroBlaze Print Size
mb-size MB3_software.elf  |tee "MB3_software.elf.size"
   text	   data	    bss	    dec	    hex	filename
   4660	    288	   3156	   8104	   1fa8	MB3_software.elf
Finished building: MB3_software.elf.size
 
make: warning:  Clock skew detected.  Your build may be incomplete.
11:27:48 **** Auto Build of configuration Debug for project MB3_software ****
make all 
make: Warning: File `src/subdir.mk' has modification time 0.94 s in the future
Building file: ../src/helloworld.c
Invoking: MicroBlaze gcc compiler
mb-gcc -Wall -O0 -g3 -c -fmessage-length=0 -MT"src/helloworld.o" -I../../MB3_software_bsp/microblaze_0/include -mlittle-endian -mcpu=v9.5 -mxl-soft-mul -Wl,--no-relax -MMD -MP -MF"src/helloworld.d" -MT"src/helloworld.o" -o "src/helloworld.o" "../src/helloworld.c"
../src/helloworld.c: In function 'main':
../src/helloworld.c:27:9: warning: variable 'casted' set but not used [-Wunused-but-set-variable]
     int casted;
         ^
../src/helloworld.c:41:3: warning: 'input' is used uninitialized in this function [-Wuninitialized]
   XGpio_DiscreteWrite(&GPIO_0, 1, input); //Write the led value
   ^
Finished building: ../src/helloworld.c
 
Building target: MB3_software.elf
Invoking: MicroBlaze gcc linker
mb-gcc -Wl,-T -Wl,../src/lscript.ld -L../../MB3_software_bsp/microblaze_0/lib -mlittle-endian -mcpu=v9.5 -mxl-soft-mul -Wl,--no-relax -o "MB3_software.elf"  ./src/helloworld.o ./src/platform.o   -Wl,--start-group,-lxil,-lgcc,-lc,--end-group
Finished building target: MB3_software.elf
 
Invoking: MicroBlaze Print Size
mb-size MB3_software.elf  |tee "MB3_software.elf.size"
   text	   data	    bss	    dec	    hex	filename
   4676	    288	   3156	   8120	   1fb8	MB3_software.elf
Finished building: MB3_software.elf.size
 
make: warning:  Clock skew detected.  Your build may be incomplete.
11:30:01 **** Auto Build of configuration Debug for project MB3_software ****
make all 
make: Warning: File `src/subdir.mk' has modification time 0.87 s in the future
Building file: ../src/helloworld.c
Invoking: MicroBlaze gcc compiler
mb-gcc -Wall -O0 -g3 -c -fmessage-length=0 -MT"src/helloworld.o" -I../../MB3_software_bsp/microblaze_0/include -mlittle-endian -mcpu=v9.5 -mxl-soft-mul -Wl,--no-relax -MMD -MP -MF"src/helloworld.d" -MT"src/helloworld.o" -o "src/helloworld.o" "../src/helloworld.c"
Finished building: ../src/helloworld.c
 
Building target: MB3_software.elf
Invoking: MicroBlaze gcc linker
mb-gcc -Wl,-T -Wl,../src/lscript.ld -L../../MB3_software_bsp/microblaze_0/lib -mlittle-endian -mcpu=v9.5 -mxl-soft-mul -Wl,--no-relax -o "MB3_software.elf"  ./src/helloworld.o ./src/platform.o   -Wl,--start-group,-lxil,-lgcc,-lc,--end-group
Finished building target: MB3_software.elf
 
Invoking: MicroBlaze Print Size
mb-size MB3_software.elf  |tee "MB3_software.elf.size"
   text	   data	    bss	    dec	    hex	filename
   4684	    288	   3156	   8128	   1fc0	MB3_software.elf
Finished building: MB3_software.elf.size
 
make: warning:  Clock skew detected.  Your build may be incomplete.
11:30:05 **** Incremental Build of configuration Debug for project MB3_software ****
make all 
make: Warning: File `src/subdir.mk' has modification time 0.53 s in the future
Invoking: MicroBlaze Print Size
mb-size MB3_software.elf  |tee "MB3_software.elf.size"
   text	   data	    bss	    dec	    hex	filename
   4684	    288	   3156	   8128	   1fc0	MB3_software.elf
Finished building: MB3_software.elf.size
 
make: warning:  Clock skew detected.  Your build may be incomplete.
11:31:57 **** Incremental Build of configuration Debug for project MB3_software ****
make all 
make: Warning: File `src/subdir.mk' has modification time 0.4 s in the future
make: warning:  Clock skew detected.  Your build may be incomplete.
make: Nothing to be done for `all'.
11:33:42 **** Incremental Build of configuration Debug for project MB3_software ****
make all 
make: Warning: File `src/subdir.mk' has modification time 0.28 s in the future
make: Nothing to be done for `all'.
make: warning:  Clock skew detected.  Your build may be incomplete.
11:36:27 **** Incremental Build of configuration Debug for project MB3_software ****
make all 
make: Warning: File `src/subdir.mk' has modification time 0.5 s in the future
make: Nothing to be done for `all'.
make: warning:  Clock skew detected.  Your build may be incomplete.
11:40:26 **** Auto Build of configuration Debug for project MB3_software ****
make all 
make: Warning: File `src/subdir.mk' has modification time 0.69 s in the future
Building file: ../src/helloworld.c
Invoking: MicroBlaze gcc compiler
mb-gcc -Wall -O0 -g3 -c -fmessage-length=0 -MT"src/helloworld.o" -I../../MB3_software_bsp/microblaze_0/include -mlittle-endian -mcpu=v9.5 -mxl-soft-mul -Wl,--no-relax -MMD -MP -MF"src/helloworld.d" -MT"src/helloworld.o" -o "src/helloworld.o" "../src/helloworld.c"
../src/helloworld.c: In function 'main':
../src/helloworld.c:27:9: warning: variable 'casted' set but not used [-Wunused-but-set-variable]
     int casted;
         ^
Finished building: ../src/helloworld.c
 
Building target: MB3_software.elf
Invoking: MicroBlaze gcc linker
mb-gcc -Wl,-T -Wl,../src/lscript.ld -L../../MB3_software_bsp/microblaze_0/lib -mlittle-endian -mcpu=v9.5 -mxl-soft-mul -Wl,--no-relax -o "MB3_software.elf"  ./src/helloworld.o ./src/platform.o   -Wl,--start-group,-lxil,-lgcc,-lc,--end-group
Finished building target: MB3_software.elf
 
Invoking: MicroBlaze Print Size
mb-size MB3_software.elf  |tee "MB3_software.elf.size"
   text	   data	    bss	    dec	    hex	filename
   4688	    288	   3152	   8128	   1fc0	MB3_software.elf
Finished building: MB3_software.elf.size
 
make: warning:  Clock skew detected.  Your build may be incomplete.
11:40:29 **** Incremental Build of configuration Debug for project MB3_software ****
make all 
make: Warning: File `src/subdir.mk' has modification time 0.93 s in the future
Invoking: MicroBlaze Print Size
mb-size MB3_software.elf  |tee "MB3_software.elf.size"
   text	   data	    bss	    dec	    hex	filename
   4688	    288	   3152	   8128	   1fc0	MB3_software.elf
Finished building: MB3_software.elf.size
 
make: warning:  Clock skew detected.  Your build may be incomplete.
11:43:39 **** Auto Build of configuration Debug for project MB3_software ****
make all 
make: Warning: File `src/subdir.mk' has modification time 0.44 s in the future
Building file: ../src/helloworld.c
Invoking: MicroBlaze gcc compiler
mb-gcc -Wall -O0 -g3 -c -fmessage-length=0 -MT"src/helloworld.o" -I../../MB3_software_bsp/microblaze_0/include -mlittle-endian -mcpu=v9.5 -mxl-soft-mul -Wl,--no-relax -MMD -MP -MF"src/helloworld.d" -MT"src/helloworld.o" -o "src/helloworld.o" "../src/helloworld.c"
../src/helloworld.c: In function 'main':
../src/helloworld.c:27:9: warning: variable 'casted' set but not used [-Wunused-but-set-variable]
     int casted;
         ^
Finished building: ../src/helloworld.c
 
Building target: MB3_software.elf
Invoking: MicroBlaze gcc linker
mb-gcc -Wl,-T -Wl,../src/lscript.ld -L../../MB3_software_bsp/microblaze_0/lib -mlittle-endian -mcpu=v9.5 -mxl-soft-mul -Wl,--no-relax -o "MB3_software.elf"  ./src/helloworld.o ./src/platform.o   -Wl,--start-group,-lxil,-lgcc,-lc,--end-group
Finished building target: MB3_software.elf
 
Invoking: MicroBlaze Print Size
mb-size MB3_software.elf  |tee "MB3_software.elf.size"
   text	   data	    bss	    dec	    hex	filename
   4692	    288	   3156	   8136	   1fc8	MB3_software.elf
Finished building: MB3_software.elf.size
 
make: warning:  Clock skew detected.  Your build may be incomplete.
11:43:56 **** Incremental Build of configuration Debug for project MB3_software ****
make all 
make: Warning: File `src/subdir.mk' has modification time 0.75 s in the future
Invoking: MicroBlaze Print Size
mb-size MB3_software.elf  |tee "MB3_software.elf.size"
   text	   data	    bss	    dec	    hex	filename
   4692	    288	   3156	   8136	   1fc8	MB3_software.elf
Finished building: MB3_software.elf.size
 
make: warning:  Clock skew detected.  Your build may be incomplete.
11:44:08 **** Incremental Build of configuration Debug for project MB3_software ****
make all 
make: Warning: File `src/subdir.mk' has modification time 0.78 s in the future
make: Nothing to be done for `all'.
make: warning:  Clock skew detected.  Your build may be incomplete.
11:47:13 **** Incremental Build of configuration Debug for project MB3_software ****
make all 
make: Warning: File `src/subdir.mk' has modification time 0.29 s in the future
make: Nothing to be done for `all'.
make: warning:  Clock skew detected.  Your build may be incomplete.
11:48:38 **** Auto Build of configuration Debug for project MB3_software ****
make all 
make: Warning: File `src/subdir.mk' has modification time 0.85 s in the future
Building file: ../src/helloworld.c
Invoking: MicroBlaze gcc compiler
mb-gcc -Wall -O0 -g3 -c -fmessage-length=0 -MT"src/helloworld.o" -I../../MB3_software_bsp/microblaze_0/include -mlittle-endian -mcpu=v9.5 -mxl-soft-mul -Wl,--no-relax -MMD -MP -MF"src/helloworld.d" -MT"src/helloworld.o" -o "src/helloworld.o" "../src/helloworld.c"
../src/helloworld.c: In function 'main':
../src/helloworld.c:27:9: warning: unused variable 'casted' [-Wunused-variable]
     int casted;
         ^
Finished building: ../src/helloworld.c
 
Building target: MB3_software.elf
Invoking: MicroBlaze gcc linker
mb-gcc -Wl,-T -Wl,../src/lscript.ld -L../../MB3_software_bsp/microblaze_0/lib -mlittle-endian -mcpu=v9.5 -mxl-soft-mul -Wl,--no-relax -o "MB3_software.elf"  ./src/helloworld.o ./src/platform.o   -Wl,--start-group,-lxil,-lgcc,-lc,--end-group
Finished building target: MB3_software.elf
 
Invoking: MicroBlaze Print Size
mb-size MB3_software.elf  |tee "MB3_software.elf.size"
   text	   data	    bss	    dec	    hex	filename
   4676	    288	   3156	   8120	   1fb8	MB3_software.elf
Finished building: MB3_software.elf.size
 
make: warning:  Clock skew detected.  Your build may be incomplete.
11:48:58 **** Incremental Build of configuration Debug for project MB3_software ****
make all 
make: Warning: File `src/subdir.mk' has modification time 0.071 s in the future
Invoking: MicroBlaze Print Size
mb-size MB3_software.elf  |tee "MB3_software.elf.size"
   text	   data	    bss	    dec	    hex	filename
   4676	    288	   3156	   8120	   1fb8	MB3_software.elf
Finished building: MB3_software.elf.size
 
make: warning:  Clock skew detected.  Your build may be incomplete.
11:50:47 **** Auto Build of configuration Debug for project MB3_software ****
make all 
make: Warning: File `src/subdir.mk' has modification time 0.7 s in the future
Building file: ../src/helloworld.c
Invoking: MicroBlaze gcc compiler
mb-gcc -Wall -O0 -g3 -c -fmessage-length=0 -MT"src/helloworld.o" -I../../MB3_software_bsp/microblaze_0/include -mlittle-endian -mcpu=v9.5 -mxl-soft-mul -Wl,--no-relax -MMD -MP -MF"src/helloworld.d" -MT"src/helloworld.o" -o "src/helloworld.o" "../src/helloworld.c"
../src/helloworld.c: In function 'main':
../src/helloworld.c:27:9: warning: unused variable 'casted' [-Wunused-variable]
     int casted;
         ^
Finished building: ../src/helloworld.c
 
Building target: MB3_software.elf
Invoking: MicroBlaze gcc linker
mb-gcc -Wl,-T -Wl,../src/lscript.ld -L../../MB3_software_bsp/microblaze_0/lib -mlittle-endian -mcpu=v9.5 -mxl-soft-mul -Wl,--no-relax -o "MB3_software.elf"  ./src/helloworld.o ./src/platform.o   -Wl,--start-group,-lxil,-lgcc,-lc,--end-group
Finished building target: MB3_software.elf
 
Invoking: MicroBlaze Print Size
mb-size MB3_software.elf  |tee "MB3_software.elf.size"
   text	   data	    bss	    dec	    hex	filename
   4680	    288	   3152	   8120	   1fb8	MB3_software.elf
Finished building: MB3_software.elf.size
 
make: warning:  Clock skew detected.  Your build may be incomplete.
11:50:53 **** Incremental Build of configuration Debug for project MB3_software ****
make all 
make: Warning: File `src/subdir.mk' has modification time 0.6 s in the future
Invoking: MicroBlaze Print Size
mb-size MB3_software.elf  |tee "MB3_software.elf.size"
   text	   data	    bss	    dec	    hex	filename
   4680	    288	   3152	   8120	   1fb8	MB3_software.elf
Finished building: MB3_software.elf.size
 
make: warning:  Clock skew detected.  Your build may be incomplete.
11:51:14 **** Incremental Build of configuration Debug for project MB3_software ****
make all 
make: Warning: File `src/subdir.mk' has modification time 0.53 s in the future
make: warning:  Clock skew detected.  Your build may be incomplete.
make: Nothing to be done for `all'.
11:51:39 **** Incremental Build of configuration Debug for project MB3_software ****
make all 
make: Warning: File `src/subdir.mk' has modification time 0.73 s in the future
make: Nothing to be done for `all'.
make: warning:  Clock skew detected.  Your build may be incomplete.
11:51:59 **** Auto Build of configuration Debug for project MB3_software ****
make all 
make: Warning: File `src/subdir.mk' has modification time 0.99 s in the future
Building file: ../src/helloworld.c
Invoking: MicroBlaze gcc compiler
mb-gcc -Wall -O0 -g3 -c -fmessage-length=0 -MT"src/helloworld.o" -I../../MB3_software_bsp/microblaze_0/include -mlittle-endian -mcpu=v9.5 -mxl-soft-mul -Wl,--no-relax -MMD -MP -MF"src/helloworld.d" -MT"src/helloworld.o" -o "src/helloworld.o" "../src/helloworld.c"
../src/helloworld.c: In function 'main':
../src/helloworld.c:27:9: warning: unused variable 'casted' [-Wunused-variable]
     int casted;
         ^
Finished building: ../src/helloworld.c
 
Building target: MB3_software.elf
Invoking: MicroBlaze gcc linker
mb-gcc -Wl,-T -Wl,../src/lscript.ld -L../../MB3_software_bsp/microblaze_0/lib -mlittle-endian -mcpu=v9.5 -mxl-soft-mul -Wl,--no-relax -o "MB3_software.elf"  ./src/helloworld.o ./src/platform.o   -Wl,--start-group,-lxil,-lgcc,-lc,--end-group
Finished building target: MB3_software.elf
 
Invoking: MicroBlaze Print Size
mb-size MB3_software.elf  |tee "MB3_software.elf.size"
   text	   data	    bss	    dec	    hex	filename
   4676	    288	   3156	   8120	   1fb8	MB3_software.elf
Finished building: MB3_software.elf.size
 
make: warning:  Clock skew detected.  Your build may be incomplete.
11:52:43 **** Incremental Build of configuration Debug for project MB3_software ****
make all 
make: Warning: File `src/subdir.mk' has modification time 0.28 s in the future
Invoking: MicroBlaze Print Size
mb-size MB3_software.elf  |tee "MB3_software.elf.size"
   text	   data	    bss	    dec	    hex	filename
   4676	    288	   3156	   8120	   1fb8	MB3_software.elf
Finished building: MB3_software.elf.size
 
make: warning:  Clock skew detected.  Your build may be incomplete.
11:53:03 **** Auto Build of configuration Debug for project MB3_software ****
make all 
make: Warning: File `src/subdir.mk' has modification time 0.47 s in the future
Building file: ../src/helloworld.c
Invoking: MicroBlaze gcc compiler
mb-gcc -Wall -O0 -g3 -c -fmessage-length=0 -MT"src/helloworld.o" -I../../MB3_software_bsp/microblaze_0/include -mlittle-endian -mcpu=v9.5 -mxl-soft-mul -Wl,--no-relax -MMD -MP -MF"src/helloworld.d" -MT"src/helloworld.o" -o "src/helloworld.o" "../src/helloworld.c"
../src/helloworld.c: In function 'main':
../src/helloworld.c:27:9: warning: unused variable 'casted' [-Wunused-variable]
     int casted;
         ^
Finished building: ../src/helloworld.c
 
Building target: MB3_software.elf
Invoking: MicroBlaze gcc linker
mb-gcc -Wl,-T -Wl,../src/lscript.ld -L../../MB3_software_bsp/microblaze_0/lib -mlittle-endian -mcpu=v9.5 -mxl-soft-mul -Wl,--no-relax -o "MB3_software.elf"  ./src/helloworld.o ./src/platform.o   -Wl,--start-group,-lxil,-lgcc,-lc,--end-group
Finished building target: MB3_software.elf
 
Invoking: MicroBlaze Print Size
mb-size MB3_software.elf  |tee "MB3_software.elf.size"
   text	   data	    bss	    dec	    hex	filename
   4704	    288	   3152	   8144	   1fd0	MB3_software.elf
Finished building: MB3_software.elf.size
 
make: warning:  Clock skew detected.  Your build may be incomplete.
11:53:06 **** Auto Build of configuration Debug for project MB3_software ****
make all 
make: Warning: File `src/subdir.mk' has modification time 0.71 s in the future
Building file: ../src/helloworld.c
Invoking: MicroBlaze gcc compiler
mb-gcc -Wall -O0 -g3 -c -fmessage-length=0 -MT"src/helloworld.o" -I../../MB3_software_bsp/microblaze_0/include -mlittle-endian -mcpu=v9.5 -mxl-soft-mul -Wl,--no-relax -MMD -MP -MF"src/helloworld.d" -MT"src/helloworld.o" -o "src/helloworld.o" "../src/helloworld.c"
../src/helloworld.c: In function 'main':
../src/helloworld.c:27:9: warning: unused variable 'casted' [-Wunused-variable]
     int casted;
         ^
Finished building: ../src/helloworld.c
 
Building target: MB3_software.elf
Invoking: MicroBlaze gcc linker
mb-gcc -Wl,-T -Wl,../src/lscript.ld -L../../MB3_software_bsp/microblaze_0/lib -mlittle-endian -mcpu=v9.5 -mxl-soft-mul -Wl,--no-relax -o "MB3_software.elf"  ./src/helloworld.o ./src/platform.o   -Wl,--start-group,-lxil,-lgcc,-lc,--end-group
Finished building target: MB3_software.elf
 
Invoking: MicroBlaze Print Size
mb-size MB3_software.elf  |tee "MB3_software.elf.size"
   text	   data	    bss	    dec	    hex	filename
   4704	    288	   3152	   8144	   1fd0	MB3_software.elf
Finished building: MB3_software.elf.size
 
make: warning:  Clock skew detected.  Your build may be incomplete.
11:53:10 **** Incremental Build of configuration Debug for project MB3_software ****
make all 
make: Warning: File `src/subdir.mk' has modification time 0.58 s in the future
Invoking: MicroBlaze Print Size
mb-size MB3_software.elf  |tee "MB3_software.elf.size"
   text	   data	    bss	    dec	    hex	filename
   4704	    288	   3152	   8144	   1fd0	MB3_software.elf
Finished building: MB3_software.elf.size
 
make: warning:  Clock skew detected.  Your build may be incomplete.
11:53:27 **** Incremental Build of configuration Debug for project MB3_software ****
make all 
make: Warning: File `src/subdir.mk' has modification time 1.1 s in the future
make: Nothing to be done for `all'.
make: warning:  Clock skew detected.  Your build may be incomplete.
11:53:41 **** Incremental Build of configuration Debug for project MB3_software ****
make all 
make: Warning: File `src/subdir.mk' has modification time 0.9 s in the future
make: Nothing to be done for `all'.
make: warning:  Clock skew detected.  Your build may be incomplete.
11:54:13 **** Incremental Build of configuration Debug for project MB3_software ****
make all 
make: Warning: File `src/subdir.mk' has modification time 0.74 s in the future
make: warning:  Clock skew detected.  Your build may be incomplete.
make: Nothing to be done for `all'.
11:56:27 **** Incremental Build of configuration Debug for project MB3_software ****
make all 
make: Warning: File `src/subdir.mk' has modification time 0.026 s in the future
make: Nothing to be done for `all'.
make: warning:  Clock skew detected.  Your build may be incomplete.
11:59:32 **** Auto Build of configuration Debug for project MB3_software ****
make all 
make: Warning: File `src/subdir.mk' has modification time 0.31 s in the future
Building file: ../src/helloworld.c
Invoking: MicroBlaze gcc compiler
mb-gcc -Wall -O0 -g3 -c -fmessage-length=0 -MT"src/helloworld.o" -I../../MB3_software_bsp/microblaze_0/include -mlittle-endian -mcpu=v9.5 -mxl-soft-mul -Wl,--no-relax -MMD -MP -MF"src/helloworld.d" -MT"src/helloworld.o" -o "src/helloworld.o" "../src/helloworld.c"
../src/helloworld.c: In function 'main':
../src/helloworld.c:27:9: warning: unused variable 'casted' [-Wunused-variable]
     int casted;
         ^
Finished building: ../src/helloworld.c
 
Building target: MB3_software.elf
Invoking: MicroBlaze gcc linker
mb-gcc -Wl,-T -Wl,../src/lscript.ld -L../../MB3_software_bsp/microblaze_0/lib -mlittle-endian -mcpu=v9.5 -mxl-soft-mul -Wl,--no-relax -o "MB3_software.elf"  ./src/helloworld.o ./src/platform.o   -Wl,--start-group,-lxil,-lgcc,-lc,--end-group
Finished building target: MB3_software.elf
 
Invoking: MicroBlaze Print Size
mb-size MB3_software.elf  |tee "MB3_software.elf.size"
   text	   data	    bss	    dec	    hex	filename
   4744	    288	   3152	   8184	   1ff8	MB3_software.elf
Finished building: MB3_software.elf.size
 
make: warning:  Clock skew detected.  Your build may be incomplete.
12:29:02 **** Auto Build of configuration Debug for project MB3_software ****
make all 
make: Warning: File `src/subdir.mk' has modification time 0.66 s in the future
Building file: ../src/helloworld.c
Invoking: MicroBlaze gcc compiler
mb-gcc -Wall -O0 -g3 -c -fmessage-length=0 -MT"src/helloworld.o" -I../../MB3_software_bsp/microblaze_0/include -mlittle-endian -mcpu=v9.5 -mxl-soft-mul -Wl,--no-relax -MMD -MP -MF"src/helloworld.d" -MT"src/helloworld.o" -o "src/helloworld.o" "../src/helloworld.c"
../src/helloworld.c: In function 'main':
../src/helloworld.c:27:9: warning: unused variable 'casted' [-Wunused-variable]
     int casted;
         ^
Finished building: ../src/helloworld.c
 
Building target: MB3_software.elf
Invoking: MicroBlaze gcc linker
mb-gcc -Wl,-T -Wl,../src/lscript.ld -L../../MB3_software_bsp/microblaze_0/lib -mlittle-endian -mcpu=v9.5 -mxl-soft-mul -Wl,--no-relax -o "MB3_software.elf"  ./src/helloworld.o ./src/platform.o   -Wl,--start-group,-lxil,-lgcc,-lc,--end-group
Finished building target: MB3_software.elf
 
Invoking: MicroBlaze Print Size
mb-size MB3_software.elf  |tee "MB3_software.elf.size"
   text	   data	    bss	    dec	    hex	filename
   4908	    288	   3156	   8352	   20a0	MB3_software.elf
Finished building: MB3_software.elf.size
 
make: warning:  Clock skew detected.  Your build may be incomplete.
12:29:17 **** Incremental Build of configuration Debug for project MB3_software ****
make all 
make: Warning: File `src/subdir.mk' has modification time 0.35 s in the future
Invoking: MicroBlaze Print Size
mb-size MB3_software.elf  |tee "MB3_software.elf.size"
   text	   data	    bss	    dec	    hex	filename
   4908	    288	   3156	   8352	   20a0	MB3_software.elf
Finished building: MB3_software.elf.size
 
make: warning:  Clock skew detected.  Your build may be incomplete.
12:29:29 **** Incremental Build of configuration Debug for project MB3_software ****
make all 
make: Warning: File `src/subdir.mk' has modification time 0.31 s in the future
make: Nothing to be done for `all'.
make: warning:  Clock skew detected.  Your build may be incomplete.
12:30:03 **** Auto Build of configuration Debug for project MB3_software ****
make all 
make: Warning: File `src/subdir.mk' has modification time 0.24 s in the future
Building file: ../src/helloworld.c
Invoking: MicroBlaze gcc compiler
mb-gcc -Wall -O0 -g3 -c -fmessage-length=0 -MT"src/helloworld.o" -I../../MB3_software_bsp/microblaze_0/include -mlittle-endian -mcpu=v9.5 -mxl-soft-mul -Wl,--no-relax -MMD -MP -MF"src/helloworld.d" -MT"src/helloworld.o" -o "src/helloworld.o" "../src/helloworld.c"
../src/helloworld.c: In function 'main':
../src/helloworld.c:27:9: warning: unused variable 'casted' [-Wunused-variable]
     int casted;
         ^
Finished building: ../src/helloworld.c
 
Building target: MB3_software.elf
Invoking: MicroBlaze gcc linker
mb-gcc -Wl,-T -Wl,../src/lscript.ld -L../../MB3_software_bsp/microblaze_0/lib -mlittle-endian -mcpu=v9.5 -mxl-soft-mul -Wl,--no-relax -o "MB3_software.elf"  ./src/helloworld.o ./src/platform.o   -Wl,--start-group,-lxil,-lgcc,-lc,--end-group
Finished building target: MB3_software.elf
 
Invoking: MicroBlaze Print Size
mb-size MB3_software.elf  |tee "MB3_software.elf.size"
   text	   data	    bss	    dec	    hex	filename
   4908	    288	   3156	   8352	   20a0	MB3_software.elf
Finished building: MB3_software.elf.size
 
make: warning:  Clock skew detected.  Your build may be incomplete.
12:30:41 **** Incremental Build of configuration Debug for project MB3_software ****
make all 
make: Warning: File `src/subdir.mk' has modification time 0.68 s in the future
Invoking: MicroBlaze Print Size
mb-size MB3_software.elf  |tee "MB3_software.elf.size"
   text	   data	    bss	    dec	    hex	filename
   4908	    288	   3156	   8352	   20a0	MB3_software.elf
Finished building: MB3_software.elf.size
 
make: warning:  Clock skew detected.  Your build may be incomplete.
12:33:06 **** Incremental Build of configuration Debug for project MB3_software ****
make all 
make: Warning: File `src/subdir.mk' has modification time 0.5 s in the future
make: warning:  Clock skew detected.  Your build may be incomplete.
make: Nothing to be done for `all'.
12:35:27 **** Auto Build of configuration Debug for project MB3_software ****
make all 
make: Warning: File `src/subdir.mk' has modification time 0.63 s in the future
Building file: ../src/helloworld.c
Invoking: MicroBlaze gcc compiler
mb-gcc -Wall -O0 -g3 -c -fmessage-length=0 -MT"src/helloworld.o" -I../../MB3_software_bsp/microblaze_0/include -mlittle-endian -mcpu=v9.5 -mxl-soft-mul -Wl,--no-relax -MMD -MP -MF"src/helloworld.d" -MT"src/helloworld.o" -o "src/helloworld.o" "../src/helloworld.c"
../src/helloworld.c: In function 'main':
../src/helloworld.c:27:9: warning: unused variable 'casted' [-Wunused-variable]
     int casted;
         ^
Finished building: ../src/helloworld.c
 
Building target: MB3_software.elf
Invoking: MicroBlaze gcc linker
mb-gcc -Wl,-T -Wl,../src/lscript.ld -L../../MB3_software_bsp/microblaze_0/lib -mlittle-endian -mcpu=v9.5 -mxl-soft-mul -Wl,--no-relax -o "MB3_software.elf"  ./src/helloworld.o ./src/platform.o   -Wl,--start-group,-lxil,-lgcc,-lc,--end-group
Finished building target: MB3_software.elf
 
Invoking: MicroBlaze Print Size
mb-size MB3_software.elf  |tee "MB3_software.elf.size"
   text	   data	    bss	    dec	    hex	filename
   5028	    288	   3156	   8472	   2118	MB3_software.elf
make: warning:  Clock skew detected.  Your build may be incomplete.
Finished building: MB3_software.elf.size
 
12:35:32 **** Incremental Build of configuration Debug for project MB3_software ****
make all 
make: Warning: File `src/subdir.mk' has modification time 0.17 s in the future
Invoking: MicroBlaze Print Size
mb-size MB3_software.elf  |tee "MB3_software.elf.size"
   text	   data	    bss	    dec	    hex	filename
   5028	    288	   3156	   8472	   2118	MB3_software.elf
Finished building: MB3_software.elf.size
 
make: warning:  Clock skew detected.  Your build may be incomplete.
12:37:29 **** Auto Build of configuration Debug for project MB3_software ****
make all 
make: Warning: File `src/subdir.mk' has modification time 0.58 s in the future
Building file: ../src/helloworld.c
Invoking: MicroBlaze gcc compiler
mb-gcc -Wall -O0 -g3 -c -fmessage-length=0 -MT"src/helloworld.o" -I../../MB3_software_bsp/microblaze_0/include -mlittle-endian -mcpu=v9.5 -mxl-soft-mul -Wl,--no-relax -MMD -MP -MF"src/helloworld.d" -MT"src/helloworld.o" -o "src/helloworld.o" "../src/helloworld.c"
../src/helloworld.c: In function 'main':
../src/helloworld.c:27:9: warning: unused variable 'casted' [-Wunused-variable]
     int casted;
         ^
Finished building: ../src/helloworld.c
 
Building target: MB3_software.elf
Invoking: MicroBlaze gcc linker
mb-gcc -Wl,-T -Wl,../src/lscript.ld -L../../MB3_software_bsp/microblaze_0/lib -mlittle-endian -mcpu=v9.5 -mxl-soft-mul -Wl,--no-relax -o "MB3_software.elf"  ./src/helloworld.o ./src/platform.o   -Wl,--start-group,-lxil,-lgcc,-lc,--end-group
Finished building target: MB3_software.elf
 
Invoking: MicroBlaze Print Size
mb-size MB3_software.elf  |tee "MB3_software.elf.size"
   text	   data	    bss	    dec	    hex	filename
   5028	    288	   3156	   8472	   2118	MB3_software.elf
Finished building: MB3_software.elf.size
 
make: warning:  Clock skew detected.  Your build may be incomplete.
12:37:33 **** Incremental Build of configuration Debug for project MB3_software ****
make all 
make: Warning: File `src/subdir.mk' has modification time 0.37 s in the future
Invoking: MicroBlaze Print Size
mb-size MB3_software.elf  |tee "MB3_software.elf.size"
   text	   data	    bss	    dec	    hex	filename
   5028	    288	   3156	   8472	   2118	MB3_software.elf
Finished building: MB3_software.elf.size
 
make: warning:  Clock skew detected.  Your build may be incomplete.
12:37:51 **** Auto Build of configuration Debug for project MB3_software ****
make all 
make: Warning: File `src/subdir.mk' has modification time 0.81 s in the future
Building file: ../src/helloworld.c
Invoking: MicroBlaze gcc compiler
mb-gcc -Wall -O0 -g3 -c -fmessage-length=0 -MT"src/helloworld.o" -I../../MB3_software_bsp/microblaze_0/include -mlittle-endian -mcpu=v9.5 -mxl-soft-mul -Wl,--no-relax -MMD -MP -MF"src/helloworld.d" -MT"src/helloworld.o" -o "src/helloworld.o" "../src/helloworld.c"
../src/helloworld.c: In function 'main':
../src/helloworld.c:27:9: warning: unused variable 'casted' [-Wunused-variable]
     int casted;
         ^
Finished building: ../src/helloworld.c
 
Building target: MB3_software.elf
Invoking: MicroBlaze gcc linker
mb-gcc -Wl,-T -Wl,../src/lscript.ld -L../../MB3_software_bsp/microblaze_0/lib -mlittle-endian -mcpu=v9.5 -mxl-soft-mul -Wl,--no-relax -o "MB3_software.elf"  ./src/helloworld.o ./src/platform.o   -Wl,--start-group,-lxil,-lgcc,-lc,--end-group
Finished building target: MB3_software.elf
 
Invoking: MicroBlaze Print Size
mb-size MB3_software.elf  |tee "MB3_software.elf.size"
   text	   data	    bss	    dec	    hex	filename
   5028	    288	   3156	   8472	   2118	MB3_software.elf
Finished building: MB3_software.elf.size
 
make: warning:  Clock skew detected.  Your build may be incomplete.
12:37:55 **** Incremental Build of configuration Debug for project MB3_software ****
make all 
make: Warning: File `src/subdir.mk' has modification time 0.59 s in the future
Invoking: MicroBlaze Print Size
mb-size MB3_software.elf  |tee "MB3_software.elf.size"
   text	   data	    bss	    dec	    hex	filename
   5028	    288	   3156	   8472	   2118	MB3_software.elf
Finished building: MB3_software.elf.size
 
make: warning:  Clock skew detected.  Your build may be incomplete.
12:38:29 **** Incremental Build of configuration Debug for project MB3_software ****
make all 
make: Warning: File `src/subdir.mk' has modification time 1.1 s in the future
make: Nothing to be done for `all'.
make: warning:  Clock skew detected.  Your build may be incomplete.
12:39:25 **** Auto Build of configuration Debug for project MB3_software ****
make all 
make: Warning: File `src/subdir.mk' has modification time 0.75 s in the future
Building file: ../src/helloworld.c
Invoking: MicroBlaze gcc compiler
mb-gcc -Wall -O0 -g3 -c -fmessage-length=0 -MT"src/helloworld.o" -I../../MB3_software_bsp/microblaze_0/include -mlittle-endian -mcpu=v9.5 -mxl-soft-mul -Wl,--no-relax -MMD -MP -MF"src/helloworld.d" -MT"src/helloworld.o" -o "src/helloworld.o" "../src/helloworld.c"
../src/helloworld.c: In function 'main':
../src/helloworld.c:27:9: warning: unused variable 'casted' [-Wunused-variable]
     int casted;
         ^
Finished building: ../src/helloworld.c
 
Building target: MB3_software.elf
Invoking: MicroBlaze gcc linker
mb-gcc -Wl,-T -Wl,../src/lscript.ld -L../../MB3_software_bsp/microblaze_0/lib -mlittle-endian -mcpu=v9.5 -mxl-soft-mul -Wl,--no-relax -o "MB3_software.elf"  ./src/helloworld.o ./src/platform.o   -Wl,--start-group,-lxil,-lgcc,-lc,--end-group
Finished building target: MB3_software.elf
 
Invoking: MicroBlaze Print Size
mb-size MB3_software.elf  |tee "MB3_software.elf.size"
   text	   data	    bss	    dec	    hex	filename
   5028	    288	   3156	   8472	   2118	MB3_software.elf
Finished building: MB3_software.elf.size
 
make: warning:  Clock skew detected.  Your build may be incomplete.
12:40:15 **** Auto Build of configuration Debug for project MB3_software ****
make all 
make: Warning: File `src/subdir.mk' has modification time 0.79 s in the future
Building file: ../src/helloworld.c
Invoking: MicroBlaze gcc compiler
mb-gcc -Wall -O0 -g3 -c -fmessage-length=0 -MT"src/helloworld.o" -I../../MB3_software_bsp/microblaze_0/include -mlittle-endian -mcpu=v9.5 -mxl-soft-mul -Wl,--no-relax -MMD -MP -MF"src/helloworld.d" -MT"src/helloworld.o" -o "src/helloworld.o" "../src/helloworld.c"
Finished building: ../src/helloworld.c
 
Building target: MB3_software.elf
Invoking: MicroBlaze gcc linker
mb-gcc -Wl,-T -Wl,../src/lscript.ld -L../../MB3_software_bsp/microblaze_0/lib -mlittle-endian -mcpu=v9.5 -mxl-soft-mul -Wl,--no-relax -o "MB3_software.elf"  ./src/helloworld.o ./src/platform.o   -Wl,--start-group,-lxil,-lgcc,-lc,--end-group
Finished building target: MB3_software.elf
 
Invoking: MicroBlaze Print Size
mb-size MB3_software.elf  |tee "MB3_software.elf.size"
   text	   data	    bss	    dec	    hex	filename
   5028	    288	   3156	   8472	   2118	MB3_software.elf
Finished building: MB3_software.elf.size
 
make: warning:  Clock skew detected.  Your build may be incomplete.
01:03:15 **** Auto Build of configuration Debug for project MB3_software ****
make all 
Building file: ../src/helloworld.c
Invoking: MicroBlaze gcc compiler
mb-gcc -Wall -O0 -g3 -c -fmessage-length=0 -MT"src/helloworld.o" -I../../MB3_software_bsp/microblaze_0/include -mlittle-endian -mcpu=v9.5 -mxl-soft-mul -Wl,--no-relax -MMD -MP -MF"src/helloworld.d" -MT"src/helloworld.o" -o "src/helloworld.o" "../src/helloworld.c"
Finished building: ../src/helloworld.c
 
Building target: MB3_software.elf
Invoking: MicroBlaze gcc linker
mb-gcc -Wl,-T -Wl,../src/lscript.ld -L../../MB3_software_bsp/microblaze_0/lib -mlittle-endian -mcpu=v9.5 -mxl-soft-mul -Wl,--no-relax -o "MB3_software.elf"  ./src/helloworld.o ./src/platform.o   -Wl,--start-group,-lxil,-lgcc,-lc,--end-group
Finished building target: MB3_software.elf
 
Invoking: MicroBlaze Print Size
mb-size MB3_software.elf  |tee "MB3_software.elf.size"
   text	   data	    bss	    dec	    hex	filename
   5024	    288	   3152	   8464	   2110	MB3_software.elf
Finished building: MB3_software.elf.size
 
01:12:12 **** Auto Build of configuration Debug for project MB3_software ****
make all 
Building file: ../src/helloworld.c
Invoking: MicroBlaze gcc compiler
mb-gcc -Wall -O0 -g3 -c -fmessage-length=0 -MT"src/helloworld.o" -I../../MB3_software_bsp/microblaze_0/include -mlittle-endian -mcpu=v9.5 -mxl-soft-mul -Wl,--no-relax -MMD -MP -MF"src/helloworld.d" -MT"src/helloworld.o" -o "src/helloworld.o" "../src/helloworld.c"
Finished building: ../src/helloworld.c
 
Building target: MB3_software.elf
Invoking: MicroBlaze gcc linker
mb-gcc -Wl,-T -Wl,../src/lscript.ld -L../../MB3_software_bsp/microblaze_0/lib -mlittle-endian -mcpu=v9.5 -mxl-soft-mul -Wl,--no-relax -o "MB3_software.elf"  ./src/helloworld.o ./src/platform.o   -Wl,--start-group,-lxil,-lgcc,-lc,--end-group
Finished building target: MB3_software.elf
 
Invoking: MicroBlaze Print Size
mb-size MB3_software.elf  |tee "MB3_software.elf.size"
   text	   data	    bss	    dec	    hex	filename
   5060	    288	   3156	   8504	   2138	MB3_software.elf
Finished building: MB3_software.elf.size
 
01:14:18 **** Auto Build of configuration Debug for project MB3_software ****
make all 
Building file: ../src/helloworld.c
Invoking: MicroBlaze gcc compiler
mb-gcc -Wall -O0 -g3 -c -fmessage-length=0 -MT"src/helloworld.o" -I../../MB3_software_bsp/microblaze_0/include -mlittle-endian -mcpu=v9.5 -mxl-soft-mul -Wl,--no-relax -MMD -MP -MF"src/helloworld.d" -MT"src/helloworld.o" -o "src/helloworld.o" "../src/helloworld.c"
Finished building: ../src/helloworld.c
 
Building target: MB3_software.elf
Invoking: MicroBlaze gcc linker
mb-gcc -Wl,-T -Wl,../src/lscript.ld -L../../MB3_software_bsp/microblaze_0/lib -mlittle-endian -mcpu=v9.5 -mxl-soft-mul -Wl,--no-relax -o "MB3_software.elf"  ./src/helloworld.o ./src/platform.o   -Wl,--start-group,-lxil,-lgcc,-lc,--end-group
Finished building target: MB3_software.elf
 
Invoking: MicroBlaze Print Size
mb-size MB3_software.elf  |tee "MB3_software.elf.size"
   text	   data	    bss	    dec	    hex	filename
   5104	    288	   3152	   8544	   2160	MB3_software.elf
Finished building: MB3_software.elf.size
 
01:27:18 **** Auto Build of configuration Debug for project MB3_software ****
make all 
Building file: ../src/helloworld.c
Invoking: MicroBlaze gcc compiler
mb-gcc -Wall -O0 -g3 -c -fmessage-length=0 -MT"src/helloworld.o" -I../../MB3_software_bsp/microblaze_0/include -mlittle-endian -mcpu=v9.5 -mxl-soft-mul -Wl,--no-relax -MMD -MP -MF"src/helloworld.d" -MT"src/helloworld.o" -o "src/helloworld.o" "../src/helloworld.c"
Finished building: ../src/helloworld.c
 
Building target: MB3_software.elf
Invoking: MicroBlaze gcc linker
mb-gcc -Wl,-T -Wl,../src/lscript.ld -L../../MB3_software_bsp/microblaze_0/lib -mlittle-endian -mcpu=v9.5 -mxl-soft-mul -Wl,--no-relax -o "MB3_software.elf"  ./src/helloworld.o ./src/platform.o   -Wl,--start-group,-lxil,-lgcc,-lc,--end-group
Finished building target: MB3_software.elf
 
Invoking: MicroBlaze Print Size
mb-size MB3_software.elf  |tee "MB3_software.elf.size"
   text	   data	    bss	    dec	    hex	filename
   5104	    288	   3152	   8544	   2160	MB3_software.elf
Finished building: MB3_software.elf.size
 
01:28:47 **** Incremental Build of configuration Debug for project MB3_software ****
make all 
Invoking: MicroBlaze Print Size
mb-size MB3_software.elf  |tee "MB3_software.elf.size"
   text	   data	    bss	    dec	    hex	filename
   5104	    288	   3152	   8544	   2160	MB3_software.elf
Finished building: MB3_software.elf.size
 
01:32:01 **** Incremental Build of configuration Debug for project MB3_software ****
make all 
make: Nothing to be done for `all'.
01:33:40 **** Auto Build of configuration Debug for project MB3_software ****
make all 
Building file: ../src/helloworld.c
Invoking: MicroBlaze gcc compiler
mb-gcc -Wall -O0 -g3 -c -fmessage-length=0 -MT"src/helloworld.o" -I../../MB3_software_bsp/microblaze_0/include -mlittle-endian -mcpu=v9.5 -mxl-soft-mul -Wl,--no-relax -MMD -MP -MF"src/helloworld.d" -MT"src/helloworld.o" -o "src/helloworld.o" "../src/helloworld.c"
Finished building: ../src/helloworld.c
 
Building target: MB3_software.elf
Invoking: MicroBlaze gcc linker
mb-gcc -Wl,-T -Wl,../src/lscript.ld -L../../MB3_software_bsp/microblaze_0/lib -mlittle-endian -mcpu=v9.5 -mxl-soft-mul -Wl,--no-relax -o "MB3_software.elf"  ./src/helloworld.o ./src/platform.o   -Wl,--start-group,-lxil,-lgcc,-lc,--end-group
Finished building target: MB3_software.elf
 
Invoking: MicroBlaze Print Size
mb-size MB3_software.elf  |tee "MB3_software.elf.size"
   text	   data	    bss	    dec	    hex	filename
   5108	    288	   3156	   8552	   2168	MB3_software.elf
Finished building: MB3_software.elf.size
 
01:33:49 **** Incremental Build of configuration Debug for project MB3_software ****
make all 
Invoking: MicroBlaze Print Size
mb-size MB3_software.elf  |tee "MB3_software.elf.size"
   text	   data	    bss	    dec	    hex	filename
   5108	    288	   3156	   8552	   2168	MB3_software.elf
Finished building: MB3_software.elf.size
 
01:34:44 **** Auto Build of configuration Debug for project MB3_software ****
make all 
Building file: ../src/helloworld.c
Invoking: MicroBlaze gcc compiler
mb-gcc -Wall -O0 -g3 -c -fmessage-length=0 -MT"src/helloworld.o" -I../../MB3_software_bsp/microblaze_0/include -mlittle-endian -mcpu=v9.5 -mxl-soft-mul -Wl,--no-relax -MMD -MP -MF"src/helloworld.d" -MT"src/helloworld.o" -o "src/helloworld.o" "../src/helloworld.c"
Finished building: ../src/helloworld.c
 
Building target: MB3_software.elf
Invoking: MicroBlaze gcc linker
mb-gcc -Wl,-T -Wl,../src/lscript.ld -L../../MB3_software_bsp/microblaze_0/lib -mlittle-endian -mcpu=v9.5 -mxl-soft-mul -Wl,--no-relax -o "MB3_software.elf"  ./src/helloworld.o ./src/platform.o   -Wl,--start-group,-lxil,-lgcc,-lc,--end-group
Finished building target: MB3_software.elf
 
Invoking: MicroBlaze Print Size
mb-size MB3_software.elf  |tee "MB3_software.elf.size"
   text	   data	    bss	    dec	    hex	filename
   5108	    288	   3156	   8552	   2168	MB3_software.elf
Finished building: MB3_software.elf.size
 
01:34:51 **** Incremental Build of configuration Debug for project MB3_software ****
make all 
Invoking: MicroBlaze Print Size
mb-size MB3_software.elf  |tee "MB3_software.elf.size"
   text	   data	    bss	    dec	    hex	filename
   5108	    288	   3156	   8552	   2168	MB3_software.elf
Finished building: MB3_software.elf.size
 
01:35:35 **** Auto Build of configuration Debug for project MB3_software ****
make all 
Building file: ../src/helloworld.c
Invoking: MicroBlaze gcc compiler
mb-gcc -Wall -O0 -g3 -c -fmessage-length=0 -MT"src/helloworld.o" -I../../MB3_software_bsp/microblaze_0/include -mlittle-endian -mcpu=v9.5 -mxl-soft-mul -Wl,--no-relax -MMD -MP -MF"src/helloworld.d" -MT"src/helloworld.o" -o "src/helloworld.o" "../src/helloworld.c"
Finished building: ../src/helloworld.c
 
Building target: MB3_software.elf
Invoking: MicroBlaze gcc linker
mb-gcc -Wl,-T -Wl,../src/lscript.ld -L../../MB3_software_bsp/microblaze_0/lib -mlittle-endian -mcpu=v9.5 -mxl-soft-mul -Wl,--no-relax -o "MB3_software.elf"  ./src/helloworld.o ./src/platform.o   -Wl,--start-group,-lxil,-lgcc,-lc,--end-group
Finished building target: MB3_software.elf
 
Invoking: MicroBlaze Print Size
mb-size MB3_software.elf  |tee "MB3_software.elf.size"
   text	   data	    bss	    dec	    hex	filename
   5108	    288	   3156	   8552	   2168	MB3_software.elf
Finished building: MB3_software.elf.size
 
01:36:24 **** Incremental Build of configuration Debug for project MB3_software ****
make all 
Invoking: MicroBlaze Print Size
mb-size MB3_software.elf  |tee "MB3_software.elf.size"
   text	   data	    bss	    dec	    hex	filename
   5108	    288	   3156	   8552	   2168	MB3_software.elf
Finished building: MB3_software.elf.size
 
01:36:32 **** Incremental Build of configuration Debug for project MB3_software ****
make all 
make: Nothing to be done for `all'.
01:36:55 **** Auto Build of configuration Debug for project MB3_software ****
make all 
Building file: ../src/helloworld.c
Invoking: MicroBlaze gcc compiler
mb-gcc -Wall -O0 -g3 -c -fmessage-length=0 -MT"src/helloworld.o" -I../../MB3_software_bsp/microblaze_0/include -mlittle-endian -mcpu=v9.5 -mxl-soft-mul -Wl,--no-relax -MMD -MP -MF"src/helloworld.d" -MT"src/helloworld.o" -o "src/helloworld.o" "../src/helloworld.c"
Finished building: ../src/helloworld.c
 
Building target: MB3_software.elf
Invoking: MicroBlaze gcc linker
mb-gcc -Wl,-T -Wl,../src/lscript.ld -L../../MB3_software_bsp/microblaze_0/lib -mlittle-endian -mcpu=v9.5 -mxl-soft-mul -Wl,--no-relax -o "MB3_software.elf"  ./src/helloworld.o ./src/platform.o   -Wl,--start-group,-lxil,-lgcc,-lc,--end-group
Finished building target: MB3_software.elf
 
Invoking: MicroBlaze Print Size
mb-size MB3_software.elf  |tee "MB3_software.elf.size"
   text	   data	    bss	    dec	    hex	filename
   5108	    288	   3156	   8552	   2168	MB3_software.elf
Finished building: MB3_software.elf.size
 
01:36:58 **** Incremental Build of configuration Debug for project MB3_software ****
make all 
Invoking: MicroBlaze Print Size
mb-size MB3_software.elf  |tee "MB3_software.elf.size"
   text	   data	    bss	    dec	    hex	filename
   5108	    288	   3156	   8552	   2168	MB3_software.elf
Finished building: MB3_software.elf.size
 
01:39:07 **** Incremental Build of configuration Debug for project MB3_software ****
make all 
make: Nothing to be done for `all'.
01:40:35 **** Auto Build of configuration Debug for project MB3_software ****
make all 
Building file: ../src/helloworld.c
Invoking: MicroBlaze gcc compiler
mb-gcc -Wall -O0 -g3 -c -fmessage-length=0 -MT"src/helloworld.o" -I../../MB3_software_bsp/microblaze_0/include -mlittle-endian -mcpu=v9.5 -mxl-soft-mul -Wl,--no-relax -MMD -MP -MF"src/helloworld.d" -MT"src/helloworld.o" -o "src/helloworld.o" "../src/helloworld.c"
Finished building: ../src/helloworld.c
 
Building target: MB3_software.elf
Invoking: MicroBlaze gcc linker
mb-gcc -Wl,-T -Wl,../src/lscript.ld -L../../MB3_software_bsp/microblaze_0/lib -mlittle-endian -mcpu=v9.5 -mxl-soft-mul -Wl,--no-relax -o "MB3_software.elf"  ./src/helloworld.o ./src/platform.o   -Wl,--start-group,-lxil,-lgcc,-lc,--end-group
Finished building target: MB3_software.elf
 
Invoking: MicroBlaze Print Size
mb-size MB3_software.elf  |tee "MB3_software.elf.size"
   text	   data	    bss	    dec	    hex	filename
   5108	    288	   3156	   8552	   2168	MB3_software.elf
Finished building: MB3_software.elf.size
 
01:58:11 **** Incremental Build of configuration Debug for project MB3_software ****
make all 
Invoking: MicroBlaze Print Size
mb-size MB3_software.elf  |tee "MB3_software.elf.size"
   text	   data	    bss	    dec	    hex	filename
   5108	    288	   3156	   8552	   2168	MB3_software.elf
Finished building: MB3_software.elf.size
 
01:58:44 **** Incremental Build of configuration Debug for project MB3_software ****
make all 
make: Nothing to be done for `all'.
02:00:04 **** Incremental Build of configuration Debug for project MB3_software ****
make all 
make: Nothing to be done for `all'.
02:10:50 **** Auto Build of configuration Debug for project MB3_software ****
make all 
Building file: ../src/helloworld.c
Invoking: MicroBlaze gcc compiler
mb-gcc -Wall -O0 -g3 -c -fmessage-length=0 -MT"src/helloworld.o" -I../../MB3_software_bsp/microblaze_0/include -mlittle-endian -mcpu=v9.5 -mxl-soft-mul -Wl,--no-relax -MMD -MP -MF"src/helloworld.d" -MT"src/helloworld.o" -o "src/helloworld.o" "../src/helloworld.c"
Finished building: ../src/helloworld.c
 
Building target: MB3_software.elf
Invoking: MicroBlaze gcc linker
mb-gcc -Wl,-T -Wl,../src/lscript.ld -L../../MB3_software_bsp/microblaze_0/lib -mlittle-endian -mcpu=v9.5 -mxl-soft-mul -Wl,--no-relax -o "MB3_software.elf"  ./src/helloworld.o ./src/platform.o   -Wl,--start-group,-lxil,-lgcc,-lc,--end-group
Finished building target: MB3_software.elf
 
Invoking: MicroBlaze Print Size
mb-size MB3_software.elf  |tee "MB3_software.elf.size"
   text	   data	    bss	    dec	    hex	filename
   5116	    288	   3156	   8560	   2170	MB3_software.elf
Finished building: MB3_software.elf.size
 
02:10:56 **** Incremental Build of configuration Debug for project MB3_software ****
make all 
Invoking: MicroBlaze Print Size
mb-size MB3_software.elf  |tee "MB3_software.elf.size"
   text	   data	    bss	    dec	    hex	filename
   5116	    288	   3156	   8560	   2170	MB3_software.elf
Finished building: MB3_software.elf.size
 
02:13:21 **** Incremental Build of configuration Debug for project MB3_software ****
make all 
make: Nothing to be done for `all'.
02:16:05 **** Incremental Build of configuration Debug for project MB3_software ****
make all 
make: Nothing to be done for `all'.
02:16:34 **** Auto Build of configuration Debug for project MB3_software ****
make all 
Building file: ../src/helloworld.c
Invoking: MicroBlaze gcc compiler
mb-gcc -Wall -O0 -g3 -c -fmessage-length=0 -MT"src/helloworld.o" -I../../MB3_software_bsp/microblaze_0/include -mlittle-endian -mcpu=v9.5 -mxl-soft-mul -Wl,--no-relax -MMD -MP -MF"src/helloworld.d" -MT"src/helloworld.o" -o "src/helloworld.o" "../src/helloworld.c"
Finished building: ../src/helloworld.c
 
Building target: MB3_software.elf
Invoking: MicroBlaze gcc linker
mb-gcc -Wl,-T -Wl,../src/lscript.ld -L../../MB3_software_bsp/microblaze_0/lib -mlittle-endian -mcpu=v9.5 -mxl-soft-mul -Wl,--no-relax -o "MB3_software.elf"  ./src/helloworld.o ./src/platform.o   -Wl,--start-group,-lxil,-lgcc,-lc,--end-group
Finished building target: MB3_software.elf
 
Invoking: MicroBlaze Print Size
mb-size MB3_software.elf  |tee "MB3_software.elf.size"
   text	   data	    bss	    dec	    hex	filename
   5172	    288	   3156	   8616	   21a8	MB3_software.elf
Finished building: MB3_software.elf.size
 
02:16:44 **** Auto Build of configuration Debug for project MB3_software ****
make all 
Building file: ../src/helloworld.c
Invoking: MicroBlaze gcc compiler
mb-gcc -Wall -O0 -g3 -c -fmessage-length=0 -MT"src/helloworld.o" -I../../MB3_software_bsp/microblaze_0/include -mlittle-endian -mcpu=v9.5 -mxl-soft-mul -Wl,--no-relax -MMD -MP -MF"src/helloworld.d" -MT"src/helloworld.o" -o "src/helloworld.o" "../src/helloworld.c"
Finished building: ../src/helloworld.c
 
Building target: MB3_software.elf
Invoking: MicroBlaze gcc linker
mb-gcc -Wl,-T -Wl,../src/lscript.ld -L../../MB3_software_bsp/microblaze_0/lib -mlittle-endian -mcpu=v9.5 -mxl-soft-mul -Wl,--no-relax -o "MB3_software.elf"  ./src/helloworld.o ./src/platform.o   -Wl,--start-group,-lxil,-lgcc,-lc,--end-group
Finished building target: MB3_software.elf
 
Invoking: MicroBlaze Print Size
mb-size MB3_software.elf  |tee "MB3_software.elf.size"
   text	   data	    bss	    dec	    hex	filename
   5200	    288	   3152	   8640	   21c0	MB3_software.elf
Finished building: MB3_software.elf.size
 
02:16:45 **** Incremental Build of configuration Debug for project MB3_software ****
make all 
Invoking: MicroBlaze Print Size
mb-size MB3_software.elf  |tee "MB3_software.elf.size"
   text	   data	    bss	    dec	    hex	filename
   5200	    288	   3152	   8640	   21c0	MB3_software.elf
Finished building: MB3_software.elf.size
 
02:17:07 **** Incremental Build of configuration Debug for project MB3_software ****
make all 
make: Nothing to be done for `all'.
02:18:16 **** Incremental Build of configuration Debug for project MB3_software ****
make all 
make: Nothing to be done for `all'.
02:20:05 **** Incremental Build of configuration Debug for project MB3_software ****
make all 
make: Nothing to be done for `all'.
02:20:47 **** Auto Build of configuration Debug for project MB3_software ****
make all 
Building file: ../src/helloworld.c
Invoking: MicroBlaze gcc compiler
mb-gcc -Wall -O0 -g3 -c -fmessage-length=0 -MT"src/helloworld.o" -I../../MB3_software_bsp/microblaze_0/include -mlittle-endian -mcpu=v9.5 -mxl-soft-mul -Wl,--no-relax -MMD -MP -MF"src/helloworld.d" -MT"src/helloworld.o" -o "src/helloworld.o" "../src/helloworld.c"
Finished building: ../src/helloworld.c
 
Building target: MB3_software.elf
Invoking: MicroBlaze gcc linker
mb-gcc -Wl,-T -Wl,../src/lscript.ld -L../../MB3_software_bsp/microblaze_0/lib -mlittle-endian -mcpu=v9.5 -mxl-soft-mul -Wl,--no-relax -o "MB3_software.elf"  ./src/helloworld.o ./src/platform.o   -Wl,--start-group,-lxil,-lgcc,-lc,--end-group
Finished building target: MB3_software.elf
 
Invoking: MicroBlaze Print Size
mb-size MB3_software.elf  |tee "MB3_software.elf.size"
   text	   data	    bss	    dec	    hex	filename
   5212	    288	   3156	   8656	   21d0	MB3_software.elf
Finished building: MB3_software.elf.size
 
02:21:02 **** Auto Build of configuration Debug for project MB3_software ****
make all 
Building file: ../src/helloworld.c
Invoking: MicroBlaze gcc compiler
mb-gcc -Wall -O0 -g3 -c -fmessage-length=0 -MT"src/helloworld.o" -I../../MB3_software_bsp/microblaze_0/include -mlittle-endian -mcpu=v9.5 -mxl-soft-mul -Wl,--no-relax -MMD -MP -MF"src/helloworld.d" -MT"src/helloworld.o" -o "src/helloworld.o" "../src/helloworld.c"
Finished building: ../src/helloworld.c
 
Building target: MB3_software.elf
Invoking: MicroBlaze gcc linker
mb-gcc -Wl,-T -Wl,../src/lscript.ld -L../../MB3_software_bsp/microblaze_0/lib -mlittle-endian -mcpu=v9.5 -mxl-soft-mul -Wl,--no-relax -o "MB3_software.elf"  ./src/helloworld.o ./src/platform.o   -Wl,--start-group,-lxil,-lgcc,-lc,--end-group
Finished building target: MB3_software.elf
 
Invoking: MicroBlaze Print Size
mb-size MB3_software.elf  |tee "MB3_software.elf.size"
   text	   data	    bss	    dec	    hex	filename
   5200	    288	   3152	   8640	   21c0	MB3_software.elf
Finished building: MB3_software.elf.size
 
02:21:28 **** Incremental Build of configuration Debug for project MB3_software ****
make all 
Invoking: MicroBlaze Print Size
mb-size MB3_software.elf  |tee "MB3_software.elf.size"
   text	   data	    bss	    dec	    hex	filename
   5200	    288	   3152	   8640	   21c0	MB3_software.elf
Finished building: MB3_software.elf.size
 
02:22:51 **** Auto Build of configuration Debug for project MB3_software ****
make all 
Building file: ../src/helloworld.c
Invoking: MicroBlaze gcc compiler
mb-gcc -Wall -O0 -g3 -c -fmessage-length=0 -MT"src/helloworld.o" -I../../MB3_software_bsp/microblaze_0/include -mlittle-endian -mcpu=v9.5 -mxl-soft-mul -Wl,--no-relax -MMD -MP -MF"src/helloworld.d" -MT"src/helloworld.o" -o "src/helloworld.o" "../src/helloworld.c"
Finished building: ../src/helloworld.c
 
Building target: MB3_software.elf
Invoking: MicroBlaze gcc linker
mb-gcc -Wl,-T -Wl,../src/lscript.ld -L../../MB3_software_bsp/microblaze_0/lib -mlittle-endian -mcpu=v9.5 -mxl-soft-mul -Wl,--no-relax -o "MB3_software.elf"  ./src/helloworld.o ./src/platform.o   -Wl,--start-group,-lxil,-lgcc,-lc,--end-group
Finished building target: MB3_software.elf
 
Invoking: MicroBlaze Print Size
mb-size MB3_software.elf  |tee "MB3_software.elf.size"
   text	   data	    bss	    dec	    hex	filename
   5228	    288	   3156	   8672	   21e0	MB3_software.elf
Finished building: MB3_software.elf.size
 
02:23:00 **** Incremental Build of configuration Debug for project MB3_software ****
make all 
Building target: MB3_software.elf
Invoking: MicroBlaze gcc linker
mb-gcc -Wl,-T -Wl,../src/lscript.ld -L../../MB3_software_bsp/microblaze_0/lib -mlittle-endian -mcpu=v9.5 -mxl-soft-mul -Wl,--no-relax -o "MB3_software.elf"  ./src/helloworld.o ./src/platform.o   -Wl,--start-group,-lxil,-lgcc,-lc,--end-group
Finished building target: MB3_software.elf
 
Invoking: MicroBlaze Print Size
mb-size MB3_software.elf  |tee "MB3_software.elf.size"
   text	   data	    bss	    dec	    hex	filename
   5228	    288	   3156	   8672	   21e0	MB3_software.elf
Finished building: MB3_software.elf.size
 
[...]
Invoking: MicroBlaze gcc linker
mb-gcc -Wl,-T -Wl,../src/lscript.ld -L../../MB3_software_bsp/microblaze_0/lib -mlittle-endian -mcpu=v9.5 -mxl-soft-mul -Wl,--no-relax -o "MB3_software.elf"  ./src/helloworld.o ./src/platform.o   -Wl,--start-group,-lxil,-lgcc,-lc,--end-group
Finished building target: MB3_software.elf
 
Invoking: MicroBlaze Print Size
mb-size MB3_software.elf  |tee "MB3_software.elf.size"
   text	   data	    bss	    dec	    hex	filename
   5856	    288	   3152	   9296	   2450	MB3_software.elf
Finished building: MB3_software.elf.size
 
07:36:51 **** Incremental Build of configuration Debug for project MB3_software ****
make all 
Invoking: MicroBlaze Print Size
mb-size MB3_software.elf  |tee "MB3_software.elf.size"
   text	   data	    bss	    dec	    hex	filename
   5856	    288	   3152	   9296	   2450	MB3_software.elf
Finished building: MB3_software.elf.size
 
07:37:39 **** Auto Build of configuration Debug for project MB3_software ****
make all 
Building file: ../src/helloworld.c
Invoking: MicroBlaze gcc compiler
mb-gcc -Wall -O0 -g3 -c -fmessage-length=0 -MT"src/helloworld.o" -I../../MB3_software_bsp/microblaze_0/include -mlittle-endian -mcpu=v9.5 -mxl-soft-mul -Wl,--no-relax -MMD -MP -MF"src/helloworld.d" -MT"src/helloworld.o" -o "src/helloworld.o" "../src/helloworld.c"
../src/helloworld.c: In function 'toCharArray':
../src/helloworld.c:33:10: warning: function returns address of local variable [-Wreturn-local-addr]
   return number;
          ^
../src/helloworld.c: In function 'main':
../src/helloworld.c:81:15: warning: initialization from incompatible pointer type [-Wincompatible-pointer-types]
   char *arr = toCharArray(array[i], 10);
               ^
Finished building: ../src/helloworld.c
 
Building target: MB3_software.elf
Invoking: MicroBlaze gcc linker
mb-gcc -Wl,-T -Wl,../src/lscript.ld -L../../MB3_software_bsp/microblaze_0/lib -mlittle-endian -mcpu=v9.5 -mxl-soft-mul -Wl,--no-relax -o "MB3_software.elf"  ./src/helloworld.o ./src/platform.o   -Wl,--start-group,-lxil,-lgcc,-lc,--end-group
Finished building target: MB3_software.elf
 
Invoking: MicroBlaze Print Size
mb-size MB3_software.elf  |tee "MB3_software.elf.size"
   text	   data	    bss	    dec	    hex	filename
   5908	    288	   3156	   9352	   2488	MB3_software.elf
Finished building: MB3_software.elf.size
 
07:37:48 **** Auto Build of configuration Debug for project MB3_software ****
make all 
make: Warning: File `src/subdir.mk' has modification time 0.089 s in the future
Building file: ../src/helloworld.c
Invoking: MicroBlaze gcc compiler
mb-gcc -Wall -O0 -g3 -c -fmessage-length=0 -MT"src/helloworld.o" -I../../MB3_software_bsp/microblaze_0/include -mlittle-endian -mcpu=v9.5 -mxl-soft-mul -Wl,--no-relax -MMD -MP -MF"src/helloworld.d" -MT"src/helloworld.o" -o "src/helloworld.o" "../src/helloworld.c"
../src/helloworld.c: In function 'toCharArray':
../src/helloworld.c:33:10: warning: function returns address of local variable [-Wreturn-local-addr]
   return number;
          ^
Finished building: ../src/helloworld.c
 
Building target: MB3_software.elf
Invoking: MicroBlaze gcc linker
mb-gcc -Wl,-T -Wl,../src/lscript.ld -L../../MB3_software_bsp/microblaze_0/lib -mlittle-endian -mcpu=v9.5 -mxl-soft-mul -Wl,--no-relax -o "MB3_software.elf"  ./src/helloworld.o ./src/platform.o   -Wl,--start-group,-lxil,-lgcc,-lc,--end-group
Finished building target: MB3_software.elf
 
Invoking: MicroBlaze Print Size
mb-size MB3_software.elf  |tee "MB3_software.elf.size"
   text	   data	    bss	    dec	    hex	filename
   5940	    288	   3156	   9384	   24a8	MB3_software.elf
Finished building: MB3_software.elf.size
 
make: warning:  Clock skew detected.  Your build may be incomplete.
07:37:55 **** Incremental Build of configuration Debug for project MB3_software ****
make all 
Invoking: MicroBlaze Print Size
mb-size MB3_software.elf  |tee "MB3_software.elf.size"
   text	   data	    bss	    dec	    hex	filename
   5940	    288	   3156	   9384	   24a8	MB3_software.elf
Finished building: MB3_software.elf.size
 
07:38:01 **** Incremental Build of configuration Debug for project MB3_software ****
make all 
make: Nothing to be done for `all'.
07:39:26 **** Auto Build of configuration Debug for project MB3_software ****
make all 
Building file: ../src/helloworld.c
Invoking: MicroBlaze gcc compiler
mb-gcc -Wall -O0 -g3 -c -fmessage-length=0 -MT"src/helloworld.o" -I../../MB3_software_bsp/microblaze_0/include -mlittle-endian -mcpu=v9.5 -mxl-soft-mul -Wl,--no-relax -MMD -MP -MF"src/helloworld.d" -MT"src/helloworld.o" -o "src/helloworld.o" "../src/helloworld.c"
../src/helloworld.c: In function 'toCharArray':
../src/helloworld.c:36:10: warning: function returns address of local variable [-Wreturn-local-addr]
   return number;
          ^
Finished building: ../src/helloworld.c
 
Building target: MB3_software.elf
Invoking: MicroBlaze gcc linker
mb-gcc -Wl,-T -Wl,../src/lscript.ld -L../../MB3_software_bsp/microblaze_0/lib -mlittle-endian -mcpu=v9.5 -mxl-soft-mul -Wl,--no-relax -o "MB3_software.elf"  ./src/helloworld.o ./src/platform.o   -Wl,--start-group,-lxil,-lgcc,-lc,--end-group
Finished building target: MB3_software.elf
 
Invoking: MicroBlaze Print Size
mb-size MB3_software.elf  |tee "MB3_software.elf.size"
   text	   data	    bss	    dec	    hex	filename
   5964	    288	   3156	   9408	   24c0	MB3_software.elf
Finished building: MB3_software.elf.size
 
07:39:28 **** Incremental Build of configuration Debug for project MB3_software ****
make all 
make: Warning: File `src/subdir.mk' has modification time 0.1 s in the future
Invoking: MicroBlaze Print Size
mb-size MB3_software.elf  |tee "MB3_software.elf.size"
   text	   data	    bss	    dec	    hex	filename
   5964	    288	   3156	   9408	   24c0	MB3_software.elf
Finished building: MB3_software.elf.size
 
make: warning:  Clock skew detected.  Your build may be incomplete.
07:40:19 **** Auto Build of configuration Debug for project MB3_software ****
make all 
Building file: ../src/helloworld.c
Invoking: MicroBlaze gcc compiler
mb-gcc -Wall -O0 -g3 -c -fmessage-length=0 -MT"src/helloworld.o" -I../../MB3_software_bsp/microblaze_0/include -mlittle-endian -mcpu=v9.5 -mxl-soft-mul -Wl,--no-relax -MMD -MP -MF"src/helloworld.d" -MT"src/helloworld.o" -o "src/helloworld.o" "../src/helloworld.c"
../src/helloworld.c: In function 'toCharArray':
../src/helloworld.c:36:10: warning: function returns address of local variable [-Wreturn-local-addr]
   return number;
          ^
Finished building: ../src/helloworld.c
 
Building target: MB3_software.elf
Invoking: MicroBlaze gcc linker
mb-gcc -Wl,-T -Wl,../src/lscript.ld -L../../MB3_software_bsp/microblaze_0/lib -mlittle-endian -mcpu=v9.5 -mxl-soft-mul -Wl,--no-relax -o "MB3_software.elf"  ./src/helloworld.o ./src/platform.o   -Wl,--start-group,-lxil,-lgcc,-lc,--end-group
Finished building target: MB3_software.elf
 
Invoking: MicroBlaze Print Size
mb-size MB3_software.elf  |tee "MB3_software.elf.size"
   text	   data	    bss	    dec	    hex	filename
   5992	    288	   3152	   9432	   24d8	MB3_software.elf
Finished building: MB3_software.elf.size
 
07:40:28 **** Incremental Build of configuration Debug for project MB3_software ****
make all 
Invoking: MicroBlaze Print Size
mb-size MB3_software.elf  |tee "MB3_software.elf.size"
   text	   data	    bss	    dec	    hex	filename
   5992	    288	   3152	   9432	   24d8	MB3_software.elf
Finished building: MB3_software.elf.size
 
07:42:29 **** Auto Build of configuration Debug for project MB3_software ****
make all 
Building file: ../src/helloworld.c
Invoking: MicroBlaze gcc compiler
mb-gcc -Wall -O0 -g3 -c -fmessage-length=0 -MT"src/helloworld.o" -I../../MB3_software_bsp/microblaze_0/include -mlittle-endian -mcpu=v9.5 -mxl-soft-mul -Wl,--no-relax -MMD -MP -MF"src/helloworld.d" -MT"src/helloworld.o" -o "src/helloworld.o" "../src/helloworld.c"
../src/helloworld.c: In function 'printCharArray':
../src/helloworld.c:34:11: error: 'arr' undeclared (first use in this function)
    number(arr[j] + '0');
           ^
../src/helloworld.c:34:11: note: each undeclared identifier is reported only once for each function it appears in
../src/helloworld.c:34:4: error: called object 'number' is not a function or function pointer
    number(arr[j] + '0');
    ^
../src/helloworld.c:16:7: note: declared here
   int number[10] = {0};
       ^
../src/helloworld.c:43:10: warning: 'return' with a value, in function returning void
   return number;
          ^
make: *** [src/helloworld.o] Error 1
07:42:43 **** Auto Build of configuration Debug for project MB3_software ****
make all 
make: Warning: File `src/subdir.mk' has modification time 0.082 s in the future
Building file: ../src/helloworld.c
Invoking: MicroBlaze gcc compiler
mb-gcc -Wall -O0 -g3 -c -fmessage-length=0 -MT"src/helloworld.o" -I../../MB3_software_bsp/microblaze_0/include -mlittle-endian -mcpu=v9.5 -mxl-soft-mul -Wl,--no-relax -MMD -MP -MF"src/helloworld.d" -MT"src/helloworld.o" -o "src/helloworld.o" "../src/helloworld.c"
../src/helloworld.c: In function 'printCharArray':
../src/helloworld.c:43:10: warning: 'return' with a value, in function returning void
   return number;
          ^
Finished building: ../src/helloworld.c
 
Building target: MB3_software.elf
Invoking: MicroBlaze gcc linker
mb-gcc -Wl,-T -Wl,../src/lscript.ld -L../../MB3_software_bsp/microblaze_0/lib -mlittle-endian -mcpu=v9.5 -mxl-soft-mul -Wl,--no-relax -o "MB3_software.elf"  ./src/helloworld.o ./src/platform.o   -Wl,--start-group,-lxil,-lgcc,-lc,--end-group
Finished building target: MB3_software.elf
 
Invoking: MicroBlaze Print Size
mb-size MB3_software.elf  |tee "MB3_software.elf.size"
   text	   data	    bss	    dec	    hex	filename
   5988	    288	   3156	   9432	   24d8	MB3_software.elf
Finished building: MB3_software.elf.size
 
make: warning:  Clock skew detected.  Your build may be incomplete.
07:42:45 **** Incremental Build of configuration Debug for project MB3_software ****
make all 
make: Warning: File `src/subdir.mk' has modification time 0.085 s in the future
Invoking: MicroBlaze Print Size
mb-size MB3_software.elf  |tee "MB3_software.elf.size"
   text	   data	    bss	    dec	    hex	filename
   5988	    288	   3156	   9432	   24d8	MB3_software.elf
Finished building: MB3_software.elf.size
 
make: warning:  Clock skew detected.  Your build may be incomplete.
07:43:39 **** Auto Build of configuration Debug for project MB3_software ****
make all 
Building file: ../src/helloworld.c
Invoking: MicroBlaze gcc compiler
mb-gcc -Wall -O0 -g3 -c -fmessage-length=0 -MT"src/helloworld.o" -I../../MB3_software_bsp/microblaze_0/include -mlittle-endian -mcpu=v9.5 -mxl-soft-mul -Wl,--no-relax -MMD -MP -MF"src/helloworld.d" -MT"src/helloworld.o" -o "src/helloworld.o" "../src/helloworld.c"
../src/helloworld.c:33:4: error: expected identifier or '(' before 'else'
   }else{
    ^
../src/helloworld.c:37:9: error: expected declaration specifiers or '...' before string constant
   print("sai do while:\n");
         ^
../src/helloworld.c:38:3: error: expected identifier or '(' before 'return'
   return number;
   ^
../src/helloworld.c:39:1: error: expected identifier or '(' before '}' token
 }
 ^
make: *** [src/helloworld.o] Error 1
07:43:50 **** Auto Build of configuration Debug for project MB3_software ****
make all 
Building file: ../src/helloworld.c
Invoking: MicroBlaze gcc compiler
mb-gcc -Wall -O0 -g3 -c -fmessage-length=0 -MT"src/helloworld.o" -I../../MB3_software_bsp/microblaze_0/include -mlittle-endian -mcpu=v9.5 -mxl-soft-mul -Wl,--no-relax -MMD -MP -MF"src/helloworld.d" -MT"src/helloworld.o" -o "src/helloworld.o" "../src/helloworld.c"
../src/helloworld.c: In function 'printCharArray':
../src/helloworld.c:38:10: warning: 'return' with a value, in function returning void
   return number;
          ^
Finished building: ../src/helloworld.c
 
Building target: MB3_software.elf
Invoking: MicroBlaze gcc linker
mb-gcc -Wl,-T -Wl,../src/lscript.ld -L../../MB3_software_bsp/microblaze_0/lib -mlittle-endian -mcpu=v9.5 -mxl-soft-mul -Wl,--no-relax -o "MB3_software.elf"  ./src/helloworld.o ./src/platform.o   -Wl,--start-group,-lxil,-lgcc,-lc,--end-group
Finished building target: MB3_software.elf
 
Invoking: MicroBlaze Print Size
mb-size MB3_software.elf  |tee "MB3_software.elf.size"
   text	   data	    bss	    dec	    hex	filename
   5828	    288	   3156	   9272	   2438	MB3_software.elf
Finished building: MB3_software.elf.size
 
07:43:52 **** Incremental Build of configuration Debug for project MB3_software ****
make all 
make: Warning: File `src/subdir.mk' has modification time 0.097 s in the future
Invoking: MicroBlaze Print Size
mb-size MB3_software.elf  |tee "MB3_software.elf.size"
   text	   data	    bss	    dec	    hex	filename
   5828	    288	   3156	   9272	   2438	MB3_software.elf
Finished building: MB3_software.elf.size
 
make: warning:  Clock skew detected.  Your build may be incomplete.
07:44:33 **** Auto Build of configuration Debug for project MB3_software ****
make all 
Building file: ../src/helloworld.c
Invoking: MicroBlaze gcc compiler
mb-gcc -Wall -O0 -g3 -c -fmessage-length=0 -MT"src/helloworld.o" -I../../MB3_software_bsp/microblaze_0/include -mlittle-endian -mcpu=v9.5 -mxl-soft-mul -Wl,--no-relax -MMD -MP -MF"src/helloworld.d" -MT"src/helloworld.o" -o "src/helloworld.o" "../src/helloworld.c"
../src/helloworld.c: In function 'printCharArray':
../src/helloworld.c:38:10: warning: 'return' with a value, in function returning void
   return number;
          ^
Finished building: ../src/helloworld.c
 
Building target: MB3_software.elf
Invoking: MicroBlaze gcc linker
mb-gcc -Wl,-T -Wl,../src/lscript.ld -L../../MB3_software_bsp/microblaze_0/lib -mlittle-endian -mcpu=v9.5 -mxl-soft-mul -Wl,--no-relax -o "MB3_software.elf"  ./src/helloworld.o ./src/platform.o   -Wl,--start-group,-lxil,-lgcc,-lc,--end-group
Finished building target: MB3_software.elf
 
Invoking: MicroBlaze Print Size
mb-size MB3_software.elf  |tee "MB3_software.elf.size"
   text	   data	    bss	    dec	    hex	filename
   5832	    288	   3152	   9272	   2438	MB3_software.elf
Finished building: MB3_software.elf.size
 
07:44:35 **** Incremental Build of configuration Debug for project MB3_software ****
make all 
Invoking: MicroBlaze Print Size
mb-size MB3_software.elf  |tee "MB3_software.elf.size"
   text	   data	    bss	    dec	    hex	filename
   5832	    288	   3152	   9272	   2438	MB3_software.elf
Finished building: MB3_software.elf.size
 
07:45:02 **** Auto Build of configuration Debug for project MB3_software ****
make all 
Building file: ../src/helloworld.c
Invoking: MicroBlaze gcc compiler
mb-gcc -Wall -O0 -g3 -c -fmessage-length=0 -MT"src/helloworld.o" -I../../MB3_software_bsp/microblaze_0/include -mlittle-endian -mcpu=v9.5 -mxl-soft-mul -Wl,--no-relax -MMD -MP -MF"src/helloworld.d" -MT"src/helloworld.o" -o "src/helloworld.o" "../src/helloworld.c"
../src/helloworld.c: In function 'printCharArray':
../src/helloworld.c:40:10: warning: 'return' with a value, in function returning void
   return number;
          ^
Finished building: ../src/helloworld.c
 
Building target: MB3_software.elf
Invoking: MicroBlaze gcc linker
mb-gcc -Wl,-T -Wl,../src/lscript.ld -L../../MB3_software_bsp/microblaze_0/lib -mlittle-endian -mcpu=v9.5 -mxl-soft-mul -Wl,--no-relax -o "MB3_software.elf"  ./src/helloworld.o ./src/platform.o   -Wl,--start-group,-lxil,-lgcc,-lc,--end-group
Finished building target: MB3_software.elf
 
Invoking: MicroBlaze Print Size
mb-size MB3_software.elf  |tee "MB3_software.elf.size"
   text	   data	    bss	    dec	    hex	filename
   5832	    288	   3152	   9272	   2438	MB3_software.elf
Finished building: MB3_software.elf.size
 
07:46:04 **** Incremental Build of configuration Debug for project MB3_software ****
make all 
Invoking: MicroBlaze Print Size
mb-size MB3_software.elf  |tee "MB3_software.elf.size"
   text	   data	    bss	    dec	    hex	filename
   5832	    288	   3152	   9272	   2438	MB3_software.elf
Finished building: MB3_software.elf.size
 
07:46:38 **** Auto Build of configuration Debug for project MB3_software ****
make all 
Building file: ../src/helloworld.c
Invoking: MicroBlaze gcc compiler
mb-gcc -Wall -O0 -g3 -c -fmessage-length=0 -MT"src/helloworld.o" -I../../MB3_software_bsp/microblaze_0/include -mlittle-endian -mcpu=v9.5 -mxl-soft-mul -Wl,--no-relax -MMD -MP -MF"src/helloworld.d" -MT"src/helloworld.o" -o "src/helloworld.o" "../src/helloworld.c"
../src/helloworld.c: In function 'printCharArray':
../src/helloworld.c:39:10: warning: 'return' with a value, in function returning void
   return number;
          ^
Finished building: ../src/helloworld.c
 
Building target: MB3_software.elf
Invoking: MicroBlaze gcc linker
mb-gcc -Wl,-T -Wl,../src/lscript.ld -L../../MB3_software_bsp/microblaze_0/lib -mlittle-endian -mcpu=v9.5 -mxl-soft-mul -Wl,--no-relax -o "MB3_software.elf"  ./src/helloworld.o ./src/platform.o   -Wl,--start-group,-lxil,-lgcc,-lc,--end-group
Finished building target: MB3_software.elf
 
Invoking: MicroBlaze Print Size
mb-size MB3_software.elf  |tee "MB3_software.elf.size"
   text	   data	    bss	    dec	    hex	filename
   5800	    288	   3152	   9240	   2418	MB3_software.elf
Finished building: MB3_software.elf.size
 
07:46:41 **** Incremental Build of configuration Debug for project MB3_software ****
make all 
Invoking: MicroBlaze Print Size
mb-size MB3_software.elf  |tee "MB3_software.elf.size"
   text	   data	    bss	    dec	    hex	filename
   5800	    288	   3152	   9240	   2418	MB3_software.elf
Finished building: MB3_software.elf.size
 
07:47:36 **** Auto Build of configuration Debug for project MB3_software ****
make all 
Building file: ../src/helloworld.c
Invoking: MicroBlaze gcc compiler
mb-gcc -Wall -O0 -g3 -c -fmessage-length=0 -MT"src/helloworld.o" -I../../MB3_software_bsp/microblaze_0/include -mlittle-endian -mcpu=v9.5 -mxl-soft-mul -Wl,--no-relax -MMD -MP -MF"src/helloworld.d" -MT"src/helloworld.o" -o "src/helloworld.o" "../src/helloworld.c"
../src/helloworld.c: In function 'main':
../src/helloworld.c:82:3: warning: implicit declaration of function 'printCharArray' [-Wimplicit-function-declaration]
   printCharArray(array[i], 10);
   ^
Finished building: ../src/helloworld.c
 
Building target: MB3_software.elf
Invoking: MicroBlaze gcc linker
mb-gcc -Wl,-T -Wl,../src/lscript.ld -L../../MB3_software_bsp/microblaze_0/lib -mlittle-endian -mcpu=v9.5 -mxl-soft-mul -Wl,--no-relax -o "MB3_software.elf"  ./src/helloworld.o ./src/platform.o   -Wl,--start-group,-lxil,-lgcc,-lc,--end-group
./src/helloworld.o: In function `main':
/media/psf/Home/Development/ect_ua/UserRepository/Aulas/Aula11/ex1/ex1.sdk/MB3_software/Debug/../src/helloworld.c:82: undefined reference to `printCharArray'
collect2: error: ld returned 1 exit status
make: *** [MB3_software.elf] Error 1
07:47:45 **** Auto Build of configuration Debug for project MB3_software ****
make all 
Building file: ../src/helloworld.c
Invoking: MicroBlaze gcc compiler
mb-gcc -Wall -O0 -g3 -c -fmessage-length=0 -MT"src/helloworld.o" -I../../MB3_software_bsp/microblaze_0/include -mlittle-endian -mcpu=v9.5 -mxl-soft-mul -Wl,--no-relax -MMD -MP -MF"src/helloworld.d" -MT"src/helloworld.o" -o "src/helloworld.o" "../src/helloworld.c"
Finished building: ../src/helloworld.c
 
Building target: MB3_software.elf
Invoking: MicroBlaze gcc linker
mb-gcc -Wl,-T -Wl,../src/lscript.ld -L../../MB3_software_bsp/microblaze_0/lib -mlittle-endian -mcpu=v9.5 -mxl-soft-mul -Wl,--no-relax -o "MB3_software.elf"  ./src/helloworld.o ./src/platform.o   -Wl,--start-group,-lxil,-lgcc,-lc,--end-group
Finished building target: MB3_software.elf
 
Invoking: MicroBlaze Print Size
mb-size MB3_software.elf  |tee "MB3_software.elf.size"
   text	   data	    bss	    dec	    hex	filename
   5776	    288	   3152	   9216	   2400	MB3_software.elf
Finished building: MB3_software.elf.size
 
07:47:48 **** Incremental Build of configuration Debug for project MB3_software ****
make all 
make: Nothing to be done for `all'.
