13:51:14 **** Incremental Build of configuration Debug for project MB3_software ****
make all 
make: Warning: File `src/subdir.mk' has modification time 0.57 s in the future
Invoking: MicroBlaze Print Size
mb-size MB3_software.elf  |tee "MB3_software.elf.size"
   text	   data	    bss	    dec	    hex	filename
   4864	    288	   3152	   8304	   2070	MB3_software.elf
Finished building: MB3_software.elf.size
 
make: warning:  Clock skew detected.  Your build may be incomplete.

13:51:14 Build Finished (took 217ms)

