#-----------------------------------------------------------
# Vivado v2015.4 (64-bit)
# SW Build 1412921 on Wed Nov 18 09:44:32 MST 2015
# IP Build 1412160 on Tue Nov 17 13:47:24 MST 2015
# Start of session at: Tue Apr 12 19:20:15 2016
# Process ID: 21550
# Current directory: /media/psf/Home/Development/ect_ua/reconfigurable-computation/Aula08/Projects2016/UserDefinedRepository/HammingWeightV3/hammingweight_v3/hammingweight_v3.runs/impl_1
# Command line: vivado -log design_1_wrapper.vdi -applog -messageDb vivado.pb -mode batch -source design_1_wrapper.tcl -notrace
# Log file: /media/psf/Home/Development/ect_ua/reconfigurable-computation/Aula08/Projects2016/UserDefinedRepository/HammingWeightV3/hammingweight_v3/hammingweight_v3.runs/impl_1/design_1_wrapper.vdi
# Journal file: /media/psf/Home/Development/ect_ua/reconfigurable-computation/Aula08/Projects2016/UserDefinedRepository/HammingWeightV3/hammingweight_v3/hammingweight_v3.runs/impl_1/vivado.jou
#-----------------------------------------------------------
source design_1_wrapper.tcl -notrace
